******************************************************************************
            TI ARM Clang Linker PC v4.0.1                      
******************************************************************************
>> Linked Fri Apr 11 12:49:43 2025

OUTPUT FILE NAME:   <ECE319K_Lab9H.out>
ENTRY POINT SYMBOL: "_c_int00_noargs"  address: 00000775


MEMORY CONFIGURATION

         name            origin    length      used     unused   attr    fill
----------------------  --------  ---------  --------  --------  ----  --------
  FLASH                 00000000   00020000  00000908  0001f6f8  R  X
  SRAM                  20200000   00008000  00000436  00007bca  RW X
  BCR_CONFIG            41c00000   00000080  00000000  00000080  R   
  BSL_CONFIG            41c00100   00000080  00000000  00000080  R   


SEGMENT ALLOCATION MAP

run origin  load origin   length   init length attrs members
----------  ----------- ---------- ----------- ----- -------
00000000    00000000    00000908   00000908    r-x
  00000000    00000000    000000c0   000000c0    r-- .intvecs
  000000c0    000000c0    00000808   00000808    r-x .text
  000008c8    000008c8    00000008   00000008    r-- .init_array
  000008d0    000008d0    00000038   00000038    r-- .cinit
20200000    20200000    00000236   00000000    rw-
  20200000    20200000    00000200   00000000    rw- .sysmem
  20200200    20200200    0000001c   00000000    rw- .data
  2020021c    2020021c    0000001a   00000000    rw- .bss
20207e00    20207e00    00000200   00000000    rw-
  20207e00    20207e00    00000200   00000000    rw- .stack


SECTION ALLOCATION MAP

 output                                  attributes/
section   page    origin      length       input sections
--------  ----  ----------  ----------   ----------------
.intvecs   0    00000000    000000c0     
                  00000000    000000c0     startup_mspm0g3507_ticlang.o (.intvecs)

.binit     0    00000000    00000000     

.text      0    000000c0    00000808     
                  000000c0    000001b4     Clock.o (.text._Z15Clock_Init80MHzi)
                  00000274    000000a8     I2C.o (.text._Z16I2C_ReadRegisterhhPht)
                  0000031c    0000009c     I2C.o (.text._Z9I2C_Send1ah)
                  000003b8    0000007c     LaunchPad.o (.text._Z14LaunchPad_Initv)
                  00000434    0000007c     libc.a : copy_decompress_lzss.c.obj (.text:decompress:lzss)
                  000004b0    00000078     Lab9HMain.o (.text.TIMG12_IRQHandler)
                  00000528    00000058     I2C.o (.text._Z18adxl345_read_accelPsS_S_)
                  00000580    00000058     I2C.o (.text._ZL13IC2FillTxFifoPht)
                  000005d8    00000054     libc.a : autoinit.c.obj (.text:__TI_auto_init_nobinit)
                  0000062c    00000048     SlidePot.o (.text._ZN8SlidePot2InEv)
                  00000674    00000040     TExaS.o (.text.TIMG7_IRQHandler)
                  000006b4    00000038     LaunchPad.o (.text._Z15ActivatePortA_Bv)
                  000006ec    00000034     LED.o (.text._Z8LED_Initv)
                  00000720    0000002a     Lab9HMain.o (.text.main)
                  0000074a    00000002     Sound.o (.text.SysTick_Handler)
                  0000074c    00000028     Switch.o (.text._Z11Switch_Initv)
                  00000774    00000028     libc.a : boot_cortex_m.c.obj (.text:_c_int00_noargs)
                  0000079c    00000024     Switch.o (.text._Z9Switch_Inv)
                  000007c0    0000001c     startup_mspm0g3507_ticlang.o (.text.Default_Handler)
                  000007dc    0000001c     startup_mspm0g3507_ticlang.o (.text.HardFault_Handler)
                  000007f8    00000018     LED.o (.text._Z6LED_Onj)
                  00000810    00000018     Lab9HMain.o (.text.__cxx_global_var_init)
                  00000828    00000016     SlidePot.o (.text._ZN8SlidePotC2Ejj)
                  0000083e    00000016     libc.a : copy_zero_init.c.obj (.text:decompress:ZI:__TI_zero_init_nomemset)
                  00000854    00000014     SlidePot.o (.text._ZN8SlidePot4SaveEj)
                  00000868    00000012     libc.a : memcpy16.S.obj (.text:TI_memcpy_small)
                  0000087a    00000012            : copy_decompress_none.c.obj (.text:decompress:none)
                  0000088c    00000010     Clock.o (.text._Z11Clock_Delayj)
                  0000089c    0000000a     Lab9HMain.o (.text._Z8PLL_Initv)
                  000008a6    00000008     Lab9HMain.o (.text._GLOBAL__sub_I_Lab9HMain.cpp)
                  000008ae    00000002     --HOLE-- [fill = 0]
                  000008b0    00000008     libclang_rt.builtins.a : aeabi_memcpy.S.obj (.text.__aeabi_memcpy)
                  000008b8    00000004     startup_mspm0g3507_ticlang.o (.text.Reset_Handler)
                  000008bc    00000004     libc.a : pre_init.c.obj (.text._system_pre_init)
                  000008c0    00000004            : exit.c.obj (.text:abort)
                  000008c4    00000004     --HOLE-- [fill = 0]

.cinit     0    000008d0    00000038     
                  000008d0    0000000d     (.cinit..data.load) [load image, compression = lzss]
                  000008dd    00000003     --HOLE-- [fill = 0]
                  000008e0    0000000c     (__TI_handler_table)
                  000008ec    00000008     (.cinit..bss.load) [load image, compression = zero_init]
                  000008f4    00000010     (__TI_cinit_table)
                  00000904    00000004     --HOLE-- [fill = 0]

.init_array 
*          0    000008c8    00000008     
                  000008c8    00000004     Lab9HMain.o (.init_array)
                  000008cc    00000004     --HOLE-- [fill = 0]

.sysmem    0    20200000    00000200     UNINITIALIZED
                  20200000    00000010     libc.a : memory.c.obj (.sysmem)
                  20200010    000001f0     --HOLE--

.data      0    20200200    0000001c     UNINITIALIZED
                  20200200    00000014     Lab9HMain.o (.data.Sensor)
                  20200214    00000004     Clock.o (.data.BusFreq)
                  20200218    00000004     Lab9HMain.o (.data.Time)

.bss       0    2020021c    0000001a     UNINITIALIZED
                  2020021c    00000004     Lab9HMain.o (.bss.Data)
                  20200220    00000004     I2C.o (.bss.I2C_error)
                  20200224    00000004     TExaS.o (.bss.TExaSLogic)
                  20200228    00000004     TExaS.o (.bss.TExaSadc)
                  2020022c    00000004     Lab9HMain.o (.bss.slide_pot_data)
                  20200230    00000002     Lab9HMain.o (.bss.gyro_x)
                  20200232    00000002     Lab9HMain.o (.bss.gyro_y)
                  20200234    00000002     Lab9HMain.o (.bss.gyro_z)

.stack     0    20207e00    00000200     UNINITIALIZED
                  20207e00    00000004     libc.a : boot_cortex_m.c.obj (.stack)
                  20207e04    000001fc     --HOLE--

__llvm_prf_cnts 
*          0    20200000    00000000     UNINITIALIZED

__llvm_prf_bits 
*          0    20200000    00000000     UNINITIALIZED

MODULE SUMMARY

       Module                         code   ro data   rw data
       ------                         ----   -------   -------
    .\
       I2C.o                          500    0         4      
       Clock.o                        452    0         4      
       Lab9HMain.o                    204    4         38     
       LaunchPad.o                    180    0         0      
       SlidePot.o                     114    0         0      
       LED.o                          76     0         0      
       Switch.o                       76     0         0      
       TExaS.o                        64     0         8      
       Sound.o                        2      0         0      
    +--+------------------------------+------+---------+---------+
       Total:                         1668   4         54     
                                                              
    .\ticlang\
       startup_mspm0g3507_ticlang.o   60     192       0      
    +--+------------------------------+------+---------+---------+
       Total:                         60     192       0      
                                                              
    C:\ti\ccs2000\ccs\tools\compiler\ti-cgt-armllvm_4.0.1.LTS\lib\armv6m-ti-none-eabi/c/libc.a
       copy_decompress_lzss.c.obj     124    0         0      
       autoinit.c.obj                 84     0         0      
       boot_cortex_m.c.obj            40     0         0      
       copy_zero_init.c.obj           22     0         0      
       copy_decompress_none.c.obj     18     0         0      
       memcpy16.S.obj                 18     0         0      
       exit.c.obj                     4      0         0      
       pre_init.c.obj                 4      0         0      
    +--+------------------------------+------+---------+---------+
       Total:                         314    0         0      
                                                              
    C:\ti\ccs2000\ccs\tools\compiler\ti-cgt-armllvm_4.0.1.LTS\lib\armv6m-ti-none-eabi/libclang_rt.builtins.a
       aeabi_memcpy.S.obj             8      0         0      
    +--+------------------------------+------+---------+---------+
       Total:                         8      0         0      
                                                              
       Heap:                          0      0         512    
       Stack:                         0      0         512    
       Linker Generated:              0      49        0      
    +--+------------------------------+------+---------+---------+
       Grand Total:                   2050   245       1078   


LINKER GENERATED COPY TABLES

__TI_cinit_table @ 000008f4 records: 2, size/record: 8, table size: 16
	.data: load addr=000008d0, load size=0000000d bytes, run addr=20200200, run size=0000001c bytes, compression=lzss
	.bss: load addr=000008ec, load size=00000008 bytes, run addr=2020021c, run size=0000001a bytes, compression=zero_init


LINKER GENERATED HANDLER TABLE

__TI_handler_table @ 000008e0 records: 3, size/record: 4, table size: 12
	index: 0, handler: __TI_decompress_lzss
	index: 1, handler: __TI_decompress_none
	index: 2, handler: __TI_zero_init


GLOBAL SYMBOLS: SORTED ALPHABETICALLY BY Name 

address   name                        
-------   ----                        
000007c1  ADC0_IRQHandler             
000007c1  ADC1_IRQHandler             
000007c1  AES_IRQHandler              
20200214  BusFreq                     
000008c0  C$$EXIT                     
000007c1  CANFD0_IRQHandler           
000007c1  DAC0_IRQHandler             
000007c1  DMA_IRQHandler              
2020021c  Data                        
000007c1  Default_Handler             
000007c1  GROUP0_IRQHandler           
000007c1  GROUP1_IRQHandler           
000007dd  HardFault_Handler           
000007c1  I2C0_IRQHandler             
000007c1  I2C1_IRQHandler             
20200220  I2C_error                   
000007c1  NMI_Handler                 
000007c1  PendSV_Handler              
000007c1  RTC_IRQHandler              
000008b9  Reset_Handler               
000008c8  SHT$$INIT_ARRAY$$Base       
000008cc  SHT$$INIT_ARRAY$$Limit      
000007c1  SPI0_IRQHandler             
000007c1  SPI1_IRQHandler             
000007c1  SVC_Handler                 
20200200  Sensor                      
0000074b  SysTick_Handler             
20200224  TExaSLogic                  
20200228  TExaSadc                    
000007c1  TIMA0_IRQHandler            
000007c1  TIMA1_IRQHandler            
000007c1  TIMG0_IRQHandler            
000004b1  TIMG12_IRQHandler           
000007c1  TIMG6_IRQHandler            
00000675  TIMG7_IRQHandler            
000007c1  TIMG8_IRQHandler            
00000869  TI_memcpy_small             
20200218  Time                        
000007c1  UART0_IRQHandler            
000007c1  UART1_IRQHandler            
000007c1  UART2_IRQHandler            
000007c1  UART3_IRQHandler            
0000088d  _Z11Clock_Delayj            
0000074d  _Z11Switch_Initv            
000003b9  _Z14LaunchPad_Initv         
000006b5  _Z15ActivatePortA_Bv        
000000c1  _Z15Clock_Init80MHzi        
00000275  _Z16I2C_ReadRegisterhhPht   
00000529  _Z18adxl345_read_accelPsS_S_
000007f9  _Z6LED_Onj                  
000006ed  _Z8LED_Initv                
0000089d  _Z8PLL_Initv                
0000031d  _Z9I2C_Send1ah              
0000079d  _Z9Switch_Inv               
0000062d  _ZN8SlidePot2InEv           
00000855  _ZN8SlidePot4SaveEj         
00000829  _ZN8SlidePotC1Ejj           
00000829  _ZN8SlidePotC2Ejj           
20208000  __STACK_END                 
00000200  __STACK_SIZE                
00000200  __SYSMEM_SIZE               
00000000  __TI_ATRegion0_region_sz    
00000000  __TI_ATRegion0_src_addr     
00000000  __TI_ATRegion0_trg_addr     
00000000  __TI_ATRegion1_region_sz    
00000000  __TI_ATRegion1_src_addr     
00000000  __TI_ATRegion1_trg_addr     
00000000  __TI_ATRegion2_region_sz    
00000000  __TI_ATRegion2_src_addr     
00000000  __TI_ATRegion2_trg_addr     
000008f4  __TI_CINIT_Base             
00000904  __TI_CINIT_Limit            
00000904  __TI_CINIT_Warm             
000008e0  __TI_Handler_Table_Base     
000008ec  __TI_Handler_Table_Limit    
000005d9  __TI_auto_init_nobinit      
00000435  __TI_decompress_lzss        
0000087b  __TI_decompress_none        
ffffffff  __TI_pprof_out_hndl         
ffffffff  __TI_prof_data_size         
ffffffff  __TI_prof_data_start        
00000000  __TI_static_base__          
0000083f  __TI_zero_init_nomemset     
000008b1  __aeabi_memcpy              
000008b1  __aeabi_memcpy4             
000008b1  __aeabi_memcpy8             
ffffffff  __binit__                   
UNDEFED   __mpu_init                  
20207e00  __stack                     
20200000  __start___llvm_prf_bits     
20200000  __start___llvm_prf_cnts     
20200000  __stop___llvm_prf_bits      
20200000  __stop___llvm_prf_cnts      
00000775  _c_int00_noargs             
20200000  _sys_memory                 
UNDEFED   _system_post_cinit          
000008bd  _system_pre_init            
000008c1  abort                       
ffffffff  binit                       
20200230  gyro_x                      
20200232  gyro_y                      
20200234  gyro_z                      
00000000  interruptVectors            
00000721  main                        
2020022c  slide_pot_data              


GLOBAL SYMBOLS: SORTED BY Symbol Address 

address   name                        
-------   ----                        
00000000  __TI_ATRegion0_region_sz    
00000000  __TI_ATRegion0_src_addr     
00000000  __TI_ATRegion0_trg_addr     
00000000  __TI_ATRegion1_region_sz    
00000000  __TI_ATRegion1_src_addr     
00000000  __TI_ATRegion1_trg_addr     
00000000  __TI_ATRegion2_region_sz    
00000000  __TI_ATRegion2_src_addr     
00000000  __TI_ATRegion2_trg_addr     
00000000  __TI_static_base__          
00000000  interruptVectors            
000000c1  _Z15Clock_Init80MHzi        
00000200  __STACK_SIZE                
00000200  __SYSMEM_SIZE               
00000275  _Z16I2C_ReadRegisterhhPht   
0000031d  _Z9I2C_Send1ah              
000003b9  _Z14LaunchPad_Initv         
00000435  __TI_decompress_lzss        
000004b1  TIMG12_IRQHandler           
00000529  _Z18adxl345_read_accelPsS_S_
000005d9  __TI_auto_init_nobinit      
0000062d  _ZN8SlidePot2InEv           
00000675  TIMG7_IRQHandler            
000006b5  _Z15ActivatePortA_Bv        
000006ed  _Z8LED_Initv                
00000721  main                        
0000074b  SysTick_Handler             
0000074d  _Z11Switch_Initv            
00000775  _c_int00_noargs             
0000079d  _Z9Switch_Inv               
000007c1  ADC0_IRQHandler             
000007c1  ADC1_IRQHandler             
000007c1  AES_IRQHandler              
000007c1  CANFD0_IRQHandler           
000007c1  DAC0_IRQHandler             
000007c1  DMA_IRQHandler              
000007c1  Default_Handler             
000007c1  GROUP0_IRQHandler           
000007c1  GROUP1_IRQHandler           
000007c1  I2C0_IRQHandler             
000007c1  I2C1_IRQHandler             
000007c1  NMI_Handler                 
000007c1  PendSV_Handler              
000007c1  RTC_IRQHandler              
000007c1  SPI0_IRQHandler             
000007c1  SPI1_IRQHandler             
000007c1  SVC_Handler                 
000007c1  TIMA0_IRQHandler            
000007c1  TIMA1_IRQHandler            
000007c1  TIMG0_IRQHandler            
000007c1  TIMG6_IRQHandler            
000007c1  TIMG8_IRQHandler            
000007c1  UART0_IRQHandler            
000007c1  UART1_IRQHandler            
000007c1  UART2_IRQHandler            
000007c1  UART3_IRQHandler            
000007dd  HardFault_Handler           
000007f9  _Z6LED_Onj                  
00000829  _ZN8SlidePotC1Ejj           
00000829  _ZN8SlidePotC2Ejj           
0000083f  __TI_zero_init_nomemset     
00000855  _ZN8SlidePot4SaveEj         
00000869  TI_memcpy_small             
0000087b  __TI_decompress_none        
0000088d  _Z11Clock_Delayj            
0000089d  _Z8PLL_Initv                
000008b1  __aeabi_memcpy              
000008b1  __aeabi_memcpy4             
000008b1  __aeabi_memcpy8             
000008b9  Reset_Handler               
000008bd  _system_pre_init            
000008c0  C$$EXIT                     
000008c1  abort                       
000008c8  SHT$$INIT_ARRAY$$Base       
000008cc  SHT$$INIT_ARRAY$$Limit      
000008e0  __TI_Handler_Table_Base     
000008ec  __TI_Handler_Table_Limit    
000008f4  __TI_CINIT_Base             
00000904  __TI_CINIT_Limit            
00000904  __TI_CINIT_Warm             
20200000  __start___llvm_prf_bits     
20200000  __start___llvm_prf_cnts     
20200000  __stop___llvm_prf_bits      
20200000  __stop___llvm_prf_cnts      
20200000  _sys_memory                 
20200200  Sensor                      
20200214  BusFreq                     
20200218  Time                        
2020021c  Data                        
20200220  I2C_error                   
20200224  TExaSLogic                  
20200228  TExaSadc                    
2020022c  slide_pot_data              
20200230  gyro_x                      
20200232  gyro_y                      
20200234  gyro_z                      
20207e00  __stack                     
20208000  __STACK_END                 
ffffffff  __TI_pprof_out_hndl         
ffffffff  __TI_prof_data_size         
ffffffff  __TI_prof_data_start        
ffffffff  __binit__                   
ffffffff  binit                       
UNDEFED   __mpu_init                  
UNDEFED   _system_post_cinit          

[105 symbols]
