******************************************************************************
            TI ARM Clang Linker PC v4.0.1                      
******************************************************************************
>> Linked Fri Apr 18 01:53:25 2025

OUTPUT FILE NAME:   <ECE319K_Lab9H.out>
ENTRY POINT SYMBOL: "_c_int00_noargs"  address: 00000921


MEMORY CONFIGURATION

         name            origin    length      used     unused   attr    fill
----------------------  --------  ---------  --------  --------  ----  --------
  FLASH                 00000000   00020000  000011d0  0001ee30  R  X
  SRAM                  20200000   00008000  00000b42  000074be  RW X
  BCR_CONFIG            41c00000   00000080  00000000  00000080  R   
  BSL_CONFIG            41c00100   00000080  00000000  00000080  R   


SEGMENT ALLOCATION MAP

run origin  load origin   length   init length attrs members
----------  ----------- ---------- ----------- ----- -------
00000000    00000000    000011d0   000011d0    r-x
  00000000    00000000    000000c0   000000c0    r-- .intvecs
  000000c0    000000c0    00000a20   00000a20    r-x .text
  00000ae0    00000ae0    000006b8   000006b8    r-- .rodata
  00001198    00001198    00000008   00000008    r-- .init_array
  000011a0    000011a0    00000030   00000030    r-- .cinit
20200000    20200000    00000946   00000000    rw-
  20200000    20200000    0000072c   00000000    rw- .data
  20200730    20200730    00000200   00000000    rw- .sysmem
  20200930    20200930    00000016   00000000    rw- .bss
20207e00    20207e00    00000200   00000000    rw-
  20207e00    20207e00    00000200   00000000    rw- .stack


SECTION ALLOCATION MAP

 output                                  attributes/
section   page    origin      length       input sections
--------  ----  ----------  ----------   ----------------
.intvecs   0    00000000    000000c0     
                  00000000    000000c0     startup_mspm0g3507_ticlang.o (.intvecs)

.binit     0    00000000    00000000     

.text      0    000000c0    00000a20     
                  000000c0    000001b4     Clock.o (.text._Z15Clock_Init80MHzi)
                  00000274    00000174     Player.o (.text._ZN6PlayerC2Ev)
                  000003e8    000000a8     I2C.o (.text._Z16I2C_ReadRegisterhhPht)
                  00000490    0000009c     I2C.o (.text._Z9I2C_Send1ah)
                  0000052c    0000007c     LaunchPad.o (.text._Z14LaunchPad_Initv)
                  000005a8    0000007c     libc.a : copy_decompress_lzss.c.obj (.text:decompress:lzss)
                  00000624    00000070     Lab9HMain.o (.text.TIMG12_IRQHandler)
                  00000694    00000058     I2C.o (.text._Z18adxl345_read_accelPsS_S_)
                  000006ec    00000058     I2C.o (.text._ZL13IC2FillTxFifoPht)
                  00000744    00000054     libc.a : autoinit.c.obj (.text:__TI_auto_init_nobinit)
                  00000798    00000048     SlidePot.o (.text._ZN8SlidePot2InEv)
                  000007e0    00000044     Lab9HMain.o (.text._Z18EdgeTriggered_Initv)
                  00000824    00000040     TExaS.o (.text.TIMG7_IRQHandler)
                  00000864    00000038     LaunchPad.o (.text._Z15ActivatePortA_Bv)
                  0000089c    00000030     Lab9HMain.o (.text.main)
                  000008cc    0000002c     LED.o (.text._Z8LED_Initv)
                  000008f8    00000028     Switch.o (.text._Z11Switch_Initv)
                  00000920    00000028     libc.a : boot_cortex_m.c.obj (.text:_c_int00_noargs)
                  00000948    00000024     Switch.o (.text._Z9Switch_Inv)
                  0000096c    00000024     bounding_box.o (.text._ZN12bounding_boxC2Eiiii)
                  00000990    00000024     SlidePot.o (.text._ZN8SlidePot7ConvertEj)
                  000009b4    0000001c     startup_mspm0g3507_ticlang.o (.text.Default_Handler)
                  000009d0    0000001c     startup_mspm0g3507_ticlang.o (.text.HardFault_Handler)
                  000009ec    00000018     LED.o (.text._Z6LED_Onj)
                  00000a04    00000018     Lab9HMain.o (.text.__cxx_global_var_init)
                  00000a1c    00000016     SlidePot.o (.text._ZN8SlidePotC2Ejj)
                  00000a32    00000016     libc.a : copy_zero_init.c.obj (.text:decompress:ZI:__TI_zero_init_nomemset)
                  00000a48    00000014     bounding_box.o (.text._ZN12bounding_boxC2Ev)
                  00000a5c    00000014     SlidePot.o (.text._ZN8SlidePot4SaveEj)
                  00000a70    00000012     libc.a : memcpy16.S.obj (.text:TI_memcpy_small)
                  00000a82    00000012            : copy_decompress_none.c.obj (.text:decompress:none)
                  00000a94    00000010     Clock.o (.text._Z11Clock_Delayj)
                  00000aa4    00000010     Lab9HMain.o (.text.__cxx_global_var_init.1)
                  00000ab4    0000000c     Lab9HMain.o (.text._GLOBAL__sub_I_Lab9HMain.cpp)
                  00000ac0    0000000a     Lab9HMain.o (.text._Z8PLL_Initv)
                  00000aca    00000002     Sound.o (.text.SysTick_Handler)
                  00000acc    00000008     libclang_rt.builtins.a : aeabi_memcpy.S.obj (.text.__aeabi_memcpy)
                  00000ad4    00000004     startup_mspm0g3507_ticlang.o (.text.Reset_Handler)
                  00000ad8    00000004     libc.a : pre_init.c.obj (.text._system_pre_init)
                  00000adc    00000004            : exit.c.obj (.text:abort)

.cinit     0    000011a0    00000030     
                  000011a0    0000000c     (.cinit..data.load) [load image, compression = lzss]
                  000011ac    0000000c     (__TI_handler_table)
                  000011b8    00000008     (.cinit..bss.load) [load image, compression = zero_init]
                  000011c0    00000010     (__TI_cinit_table)

.rodata    0    00000ae0    000006b8     
                  00000ae0    00000654     Player.o (.rodata._ZL17userBlueSpaceship)
                  00001134    00000032     Player.o (.rodata._ZL11RedCross5x5)
                  00001166    00000032     Player.o (.rodata._ZL8Black5x5)

.init_array 
*          0    00001198    00000008     
                  00001198    00000004     Lab9HMain.o (.init_array)
                  0000119c    00000004     --HOLE-- [fill = 0]

.data      0    20200000    0000072c     UNINITIALIZED
                  20200000    00000714     Lab9HMain.o (.data.p1)
                  20200714    00000014     Lab9HMain.o (.data.Sensor)
                  20200728    00000004     Clock.o (.data.BusFreq)

.sysmem    0    20200730    00000200     UNINITIALIZED
                  20200730    00000010     libc.a : memory.c.obj (.sysmem)
                  20200740    000001f0     --HOLE--

.bss       0    20200930    00000016     UNINITIALIZED
                  20200930    00000004     I2C.o (.bss.I2C_error)
                  20200934    00000004     TExaS.o (.bss.TExaSLogic)
                  20200938    00000004     TExaS.o (.bss.TExaSadc)
                  2020093c    00000004     Lab9HMain.o (.bss.slide_pot_data)
                  20200940    00000002     Lab9HMain.o (.bss.gyro_x)
                  20200942    00000002     Lab9HMain.o (.bss.gyro_y)
                  20200944    00000002     Lab9HMain.o (.bss.gyro_z)

.stack     0    20207e00    00000200     UNINITIALIZED
                  20207e00    00000004     libc.a : boot_cortex_m.c.obj (.stack)
                  20207e04    000001fc     --HOLE--

__llvm_prf_cnts 
*          0    20200000    00000000     UNINITIALIZED

__llvm_prf_bits 
*          0    20200000    00000000     UNINITIALIZED

MODULE SUMMARY

       Module                         code   ro data   rw data
       ------                         ----   -------   -------
    .\
       Lab9HMain.o                    290    4         1842   
       Player.o                       372    1720      0      
       I2C.o                          500    0         4      
       Clock.o                        452    0         4      
       LaunchPad.o                    180    0         0      
       SlidePot.o                     150    0         0      
       Switch.o                       76     0         0      
       TExaS.o                        64     0         8      
       LED.o                          68     0         0      
       bounding_box.o                 56     0         0      
       Sound.o                        2      0         0      
    +--+------------------------------+------+---------+---------+
       Total:                         2210   1724      1858   
                                                              
    .\ticlang\
       startup_mspm0g3507_ticlang.o   60     192       0      
    +--+------------------------------+------+---------+---------+
       Total:                         60     192       0      
                                                              
    C:\ti\ccs2000\ccs\tools\compiler\ti-cgt-armllvm_4.0.1.LTS\lib\armv6m-ti-none-eabi/c/libc.a
       copy_decompress_lzss.c.obj     124    0         0      
       autoinit.c.obj                 84     0         0      
       boot_cortex_m.c.obj            40     0         0      
       copy_zero_init.c.obj           22     0         0      
       copy_decompress_none.c.obj     18     0         0      
       memcpy16.S.obj                 18     0         0      
       exit.c.obj                     4      0         0      
       pre_init.c.obj                 4      0         0      
    +--+------------------------------+------+---------+---------+
       Total:                         314    0         0      
                                                              
    C:\ti\ccs2000\ccs\tools\compiler\ti-cgt-armllvm_4.0.1.LTS\lib\armv6m-ti-none-eabi/libclang_rt.builtins.a
       aeabi_memcpy.S.obj             8      0         0      
    +--+------------------------------+------+---------+---------+
       Total:                         8      0         0      
                                                              
       Heap:                          0      0         512    
       Stack:                         0      0         512    
       Linker Generated:              0      48        0      
    +--+------------------------------+------+---------+---------+
       Grand Total:                   2592   1964      2882   


LINKER GENERATED COPY TABLES

__TI_cinit_table @ 000011c0 records: 2, size/record: 8, table size: 16
	.data: load addr=000011a0, load size=0000000c bytes, run addr=20200000, run size=0000072c bytes, compression=lzss
	.bss: load addr=000011b8, load size=00000008 bytes, run addr=20200930, run size=00000016 bytes, compression=zero_init


LINKER GENERATED HANDLER TABLE

__TI_handler_table @ 000011ac records: 3, size/record: 4, table size: 12
	index: 0, handler: __TI_decompress_lzss
	index: 1, handler: __TI_decompress_none
	index: 2, handler: __TI_zero_init


GLOBAL SYMBOLS: SORTED ALPHABETICALLY BY Name 

address   name                        
-------   ----                        
000009b5  ADC0_IRQHandler             
000009b5  ADC1_IRQHandler             
000009b5  AES_IRQHandler              
20200728  BusFreq                     
00000adc  C$$EXIT                     
000009b5  CANFD0_IRQHandler           
000009b5  DAC0_IRQHandler             
000009b5  DMA_IRQHandler              
000009b5  Default_Handler             
000009b5  GROUP0_IRQHandler           
000009b5  GROUP1_IRQHandler           
000009d1  HardFault_Handler           
000009b5  I2C0_IRQHandler             
000009b5  I2C1_IRQHandler             
20200930  I2C_error                   
000009b5  NMI_Handler                 
000009b5  PendSV_Handler              
000009b5  RTC_IRQHandler              
00000ad5  Reset_Handler               
00001198  SHT$$INIT_ARRAY$$Base       
0000119c  SHT$$INIT_ARRAY$$Limit      
000009b5  SPI0_IRQHandler             
000009b5  SPI1_IRQHandler             
000009b5  SVC_Handler                 
20200714  Sensor                      
00000acb  SysTick_Handler             
20200934  TExaSLogic                  
20200938  TExaSadc                    
000009b5  TIMA0_IRQHandler            
000009b5  TIMA1_IRQHandler            
000009b5  TIMG0_IRQHandler            
00000625  TIMG12_IRQHandler           
000009b5  TIMG6_IRQHandler            
00000825  TIMG7_IRQHandler            
000009b5  TIMG8_IRQHandler            
00000a71  TI_memcpy_small             
000009b5  UART0_IRQHandler            
000009b5  UART1_IRQHandler            
000009b5  UART2_IRQHandler            
000009b5  UART3_IRQHandler            
00000a95  _Z11Clock_Delayj            
000008f9  _Z11Switch_Initv            
0000052d  _Z14LaunchPad_Initv         
00000865  _Z15ActivatePortA_Bv        
000000c1  _Z15Clock_Init80MHzi        
000003e9  _Z16I2C_ReadRegisterhhPht   
000007e1  _Z18EdgeTriggered_Initv     
00000695  _Z18adxl345_read_accelPsS_S_
000009ed  _Z6LED_Onj                  
000008cd  _Z8LED_Initv                
00000ac1  _Z8PLL_Initv                
00000491  _Z9I2C_Send1ah              
00000949  _Z9Switch_Inv               
0000096d  _ZN12bounding_boxC1Eiiii    
00000a49  _ZN12bounding_boxC1Ev       
0000096d  _ZN12bounding_boxC2Eiiii    
00000a49  _ZN12bounding_boxC2Ev       
00000275  _ZN6PlayerC1Ev              
00000275  _ZN6PlayerC2Ev              
00000799  _ZN8SlidePot2InEv           
00000a5d  _ZN8SlidePot4SaveEj         
00000991  _ZN8SlidePot7ConvertEj      
00000a1d  _ZN8SlidePotC1Ejj           
00000a1d  _ZN8SlidePotC2Ejj           
20208000  __STACK_END                 
00000200  __STACK_SIZE                
00000200  __SYSMEM_SIZE               
00000000  __TI_ATRegion0_region_sz    
00000000  __TI_ATRegion0_src_addr     
00000000  __TI_ATRegion0_trg_addr     
00000000  __TI_ATRegion1_region_sz    
00000000  __TI_ATRegion1_src_addr     
00000000  __TI_ATRegion1_trg_addr     
00000000  __TI_ATRegion2_region_sz    
00000000  __TI_ATRegion2_src_addr     
00000000  __TI_ATRegion2_trg_addr     
000011c0  __TI_CINIT_Base             
000011d0  __TI_CINIT_Limit            
000011d0  __TI_CINIT_Warm             
000011ac  __TI_Handler_Table_Base     
000011b8  __TI_Handler_Table_Limit    
00000745  __TI_auto_init_nobinit      
000005a9  __TI_decompress_lzss        
00000a83  __TI_decompress_none        
ffffffff  __TI_pprof_out_hndl         
ffffffff  __TI_prof_data_size         
ffffffff  __TI_prof_data_start        
00000000  __TI_static_base__          
00000a33  __TI_zero_init_nomemset     
00000acd  __aeabi_memcpy              
00000acd  __aeabi_memcpy4             
00000acd  __aeabi_memcpy8             
ffffffff  __binit__                   
UNDEFED   __mpu_init                  
20207e00  __stack                     
20200000  __start___llvm_prf_bits     
20200000  __start___llvm_prf_cnts     
20200000  __stop___llvm_prf_bits      
20200000  __stop___llvm_prf_cnts      
00000921  _c_int00_noargs             
20200730  _sys_memory                 
UNDEFED   _system_post_cinit          
00000ad9  _system_pre_init            
00000add  abort                       
ffffffff  binit                       
20200940  gyro_x                      
20200942  gyro_y                      
20200944  gyro_z                      
00000000  interruptVectors            
0000089d  main                        
20200000  p1                          
2020093c  slide_pot_data              


GLOBAL SYMBOLS: SORTED BY Symbol Address 

address   name                        
-------   ----                        
00000000  __TI_ATRegion0_region_sz    
00000000  __TI_ATRegion0_src_addr     
00000000  __TI_ATRegion0_trg_addr     
00000000  __TI_ATRegion1_region_sz    
00000000  __TI_ATRegion1_src_addr     
00000000  __TI_ATRegion1_trg_addr     
00000000  __TI_ATRegion2_region_sz    
00000000  __TI_ATRegion2_src_addr     
00000000  __TI_ATRegion2_trg_addr     
00000000  __TI_static_base__          
00000000  interruptVectors            
000000c1  _Z15Clock_Init80MHzi        
00000200  __STACK_SIZE                
00000200  __SYSMEM_SIZE               
00000275  _ZN6PlayerC1Ev              
00000275  _ZN6PlayerC2Ev              
000003e9  _Z16I2C_ReadRegisterhhPht   
00000491  _Z9I2C_Send1ah              
0000052d  _Z14LaunchPad_Initv         
000005a9  __TI_decompress_lzss        
00000625  TIMG12_IRQHandler           
00000695  _Z18adxl345_read_accelPsS_S_
00000745  __TI_auto_init_nobinit      
00000799  _ZN8SlidePot2InEv           
000007e1  _Z18EdgeTriggered_Initv     
00000825  TIMG7_IRQHandler            
00000865  _Z15ActivatePortA_Bv        
0000089d  main                        
000008cd  _Z8LED_Initv                
000008f9  _Z11Switch_Initv            
00000921  _c_int00_noargs             
00000949  _Z9Switch_Inv               
0000096d  _ZN12bounding_boxC1Eiiii    
0000096d  _ZN12bounding_boxC2Eiiii    
00000991  _ZN8SlidePot7ConvertEj      
000009b5  ADC0_IRQHandler             
000009b5  ADC1_IRQHandler             
000009b5  AES_IRQHandler              
000009b5  CANFD0_IRQHandler           
000009b5  DAC0_IRQHandler             
000009b5  DMA_IRQHandler              
000009b5  Default_Handler             
000009b5  GROUP0_IRQHandler           
000009b5  GROUP1_IRQHandler           
000009b5  I2C0_IRQHandler             
000009b5  I2C1_IRQHandler             
000009b5  NMI_Handler                 
000009b5  PendSV_Handler              
000009b5  RTC_IRQHandler              
000009b5  SPI0_IRQHandler             
000009b5  SPI1_IRQHandler             
000009b5  SVC_Handler                 
000009b5  TIMA0_IRQHandler            
000009b5  TIMA1_IRQHandler            
000009b5  TIMG0_IRQHandler            
000009b5  TIMG6_IRQHandler            
000009b5  TIMG8_IRQHandler            
000009b5  UART0_IRQHandler            
000009b5  UART1_IRQHandler            
000009b5  UART2_IRQHandler            
000009b5  UART3_IRQHandler            
000009d1  HardFault_Handler           
000009ed  _Z6LED_Onj                  
00000a1d  _ZN8SlidePotC1Ejj           
00000a1d  _ZN8SlidePotC2Ejj           
00000a33  __TI_zero_init_nomemset     
00000a49  _ZN12bounding_boxC1Ev       
00000a49  _ZN12bounding_boxC2Ev       
00000a5d  _ZN8SlidePot4SaveEj         
00000a71  TI_memcpy_small             
00000a83  __TI_decompress_none        
00000a95  _Z11Clock_Delayj            
00000ac1  _Z8PLL_Initv                
00000acb  SysTick_Handler             
00000acd  __aeabi_memcpy              
00000acd  __aeabi_memcpy4             
00000acd  __aeabi_memcpy8             
00000ad5  Reset_Handler               
00000ad9  _system_pre_init            
00000adc  C$$EXIT                     
00000add  abort                       
00001198  SHT$$INIT_ARRAY$$Base       
0000119c  SHT$$INIT_ARRAY$$Limit      
000011ac  __TI_Handler_Table_Base     
000011b8  __TI_Handler_Table_Limit    
000011c0  __TI_CINIT_Base             
000011d0  __TI_CINIT_Limit            
000011d0  __TI_CINIT_Warm             
20200000  __start___llvm_prf_bits     
20200000  __start___llvm_prf_cnts     
20200000  __stop___llvm_prf_bits      
20200000  __stop___llvm_prf_cnts      
20200000  p1                          
20200714  Sensor                      
20200728  BusFreq                     
20200730  _sys_memory                 
20200930  I2C_error                   
20200934  TExaSLogic                  
20200938  TExaSadc                    
2020093c  slide_pot_data              
20200940  gyro_x                      
20200942  gyro_y                      
20200944  gyro_z                      
20207e00  __stack                     
20208000  __STACK_END                 
ffffffff  __TI_pprof_out_hndl         
ffffffff  __TI_prof_data_size         
ffffffff  __TI_prof_data_start        
ffffffff  __binit__                   
ffffffff  binit                       
UNDEFED   __mpu_init                  
UNDEFED   _system_post_cinit          

[112 symbols]
