******************************************************************************
            TI ARM Clang Linker PC v4.0.1                      
******************************************************************************
>> Linked Wed Apr 23 21:07:45 2025

OUTPUT FILE NAME:   <ECE319K_Lab9H.out>
ENTRY POINT SYMBOL: "_c_int00_noargs"  address: 0001f855


MEMORY CONFIGURATION

         name            origin    length      used     unused   attr    fill
----------------------  --------  ---------  --------  --------  ----  --------
  FLASH                 00000000   00020000  0001ff68  00000098  R  X
  SRAM                  20200000   00008000  00000b2a  000074d6  RW X
  BCR_CONFIG            41c00000   00000080  00000000  00000080  R   
  BSL_CONFIG            41c00100   00000080  00000000  00000080  R   


SEGMENT ALLOCATION MAP

run origin  load origin   length   init length attrs members
----------  ----------- ---------- ----------- ----- -------
00000000    00000000    0001ff68   0001ff68    r-x
  00000000    00000000    000000c0   000000c0    r-- .intvecs
  000000c0    000000c0    0001a140   0001a140    r-- .rodata
  0001a200    0001a200    00005b70   00005b70    r-x .text
  0001fd70    0001fd70    00000008   00000008    r-- .init_array
  0001fd78    0001fd78    000001f0   000001f0    r-- .cinit
20200000    20200000    00000930   00000000    rw-
  20200000    20200000    000004a5   00000000    rw- .data
  202004a8    202004a8    00000285   00000000    rw- .bss
  20200730    20200730    00000200   00000000    rw- .sysmem
20207e00    20207e00    00000200   00000000    rw-
  20207e00    20207e00    00000200   00000000    rw- .stack


SECTION ALLOCATION MAP

 output                                  attributes/
section   page    origin      length       input sections
--------  ----  ----------  ----------   ----------------
.intvecs   0    00000000    000000c0     
                  00000000    000000c0     startup_mspm0g3507_ticlang.o (.intvecs)

.binit     0    00000000    00000000     

.text      0    0001a200    00005b70     
                  0001a200    00000884     Lab9HMain.o (.text.main)
                  0001aa84    00000868     libc.a : _printfi.c.obj (.text:__TI_printfi_nofloat)
                  0001b2ec    00000430     Player.o (.text._ZN6Player13gyro_controlsEii)
                  0001b71c    00000210     ST7735.o (.text._Z17ST7735_DrawBitmapssPKtss)
                  0001b92c    000001e4     Player.o (.text._ZN6PlayerC2Ev)
                  0001bb10    000001b8     enemy_spawner.o (.text._Z14update_enemiesibb)
                  0001bcc8    000001b4     Clock.o (.text._Z15Clock_Init80MHzi)
                  0001be7c    000001a0     ST7735.o (.text._Z16ST7735_DrawCharSsscssh)
                  0001c01c    00000192     libclang_rt.builtins.a : adddf3.S.obj (.text.adddf3_subdf3)
                  0001c1ae    00000002                            : aeabi_div0.c.obj (.text.__aeabi_idiv0)
                  0001c1b0    00000190     Player.o (.text._ZN6Player6radialEv)
                  0001c340    0000018c     enemy_spawner.o (.text._Z18initialize_enemiesv)
                  0001c4cc    00000170     libc.a : e_sqrt.c.obj (.text.sqrt)
                  0001c63c    00000154            : fopen.c.obj (.text._openfile)
                  0001c790    0000014c     projectile.o (.text._ZN10projectile15update_positionEv)
                  0001c8dc    00000134     Player.o (.text._ZN6Player5shootEv)
                  0001ca10    0000012c     projectile.o (.text._ZN10projectileC2Eiiiiib)
                  0001cb3c    00000118     ST7735.o (.text._Z15ST7735_FillRectsssst)
                  0001cc54    00000114     libc.a : memory.c.obj (.text.aligned_alloc)
                  0001cd68    000000f8     SPI.o (.text._Z8SPI_Initv)
                  0001ce60    000000f8     libc.a : fputs.c.obj (.text.fputs)
                  0001cf58    000000ec     libsysbm.a : add_device.c.obj (.text.add_device)
                  0001d044    000000e8     libc.a : memory.c.obj (.text.free)
                  0001d12c    000000e4     Stars.o (.text._Z11updateStarsv)
                  0001d210    000000e4     asteroids.o (.text._ZN9asteroids9set_speedEibb)
                  0001d2f4    000000e4     libclang_rt.builtins.a : muldf3.S.obj (.text.__muldf3)
                  0001d3d8    000000e0     Lab9HMain.o (.text.SysTick_Handler)
                  0001d4b8    000000e0     libc.a : setvbuf.c.obj (.text.setvbuf)
                  0001d598    000000dc     bounding_box.o (.text._ZN12bounding_box14collision_leftERS_)
                  0001d674    000000dc     bounding_box.o (.text._ZN12bounding_box15collision_rightERS_)
                  0001d750    000000d4     Stars.o (.text._Z9drawStarsv)
                  0001d824    000000d0     ST7735.o (.text._Z14ST7735_OutCharc)
                  0001d8f4    000000a8     I2C.o (.text._Z16I2C_ReadRegisterhhPht)
                  0001d99c    000000a8     I2C.o (.text._Z9I2C_Send2ahh)
                  0001da44    000000a4     Lab9HMain.o (.text.GROUP1_IRQHandler)
                  0001dae8    000000a4     bounding_box.o (.text._ZN12bounding_box9collisionERS_)
                  0001db8c    000000a2     ST7735.o (.text._ZL11commandListPKh)
                  0001dc2e    00000002     libclang_rt.builtins.a : aeabi_div0.c.obj (.text.__aeabi_ldiv0)
                  0001dc30    000000a2                            : udivmoddi4.S.obj (.text)
                  0001dcd2    00000002     libc.a : _lock.c.obj (.text._nop)
                  0001dcd4    000000a0     libsysbm.a : open.c.obj (.text.open)
                  0001dd74    0000009c     ST7735.o (.text._Z17ST7735_InitPrintfv)
                  0001de10    0000009c     I2C.o (.text._Z9I2C_Send1ah)
                  0001deac    0000009c     libc.a : fputc.c.obj (.text.fputc)
                  0001df48    00000098     ST7735.o (.text._Z12ST7735_InitR10initRFlags)
                  0001dfe0    00000094     Timer.o (.text._Z15TimerG12_IntArmjj)
                  0001e074    0000008c     libclang_rt.builtins.a : mulsf3.S.obj (.text.__mulsf3)
                  0001e100    00000088     ST7735.o (.text._ZL13setAddrWindowhhhh)
                  0001e188    00000008     Lab9HMain.o (.text._GLOBAL__sub_I_Lab9HMain.cpp)
                  0001e190    00000088     libc.a : strcmp-armv6m.S.obj (.text:strcmp)
                  0001e218    00000084     ST7735.o (.text._Z17ST7735_DrawStringttPcs)
                  0001e29c    00000082     libclang_rt.builtins.a : divsf3.S.obj (.text.__divsf3)
                  0001e31e    00000002     --HOLE-- [fill = 0]
                  0001e320    0000007c     Lab9HMain.o (.text.TIMG12_IRQHandler)
                  0001e39c    0000007c     LaunchPad.o (.text._Z14LaunchPad_Initv)
                  0001e418    0000007c     SlidePot.o (.text._ZN8SlidePot4InitEv)
                  0001e494    0000007c     libc.a : fclose.c.obj (.text.__TI_closefile)
                  0001e510    0000007c            : copy_decompress_lzss.c.obj (.text:decompress:lzss)
                  0001e58c    00000078     I2C.o (.text._Z8I2C_Initv)
                  0001e604    00000078     Player.o (.text._ZN6Player13update_cursorEi)
                  0001e67c    00000004     libc.a : pre_init.c.obj (.text._system_pre_init)
                  0001e680    00000074     libclang_rt.builtins.a : truncdfsf2.S.obj (.text.__truncdfsf2)
                  0001e6f4    00000070     ST7735.o (.text._Z16ST7735_DrawPixelsst)
                  0001e764    0000006c     libsysbm.a : hostlseek.c.obj (.text.HOSTlseek)
                  0001e7d0    0000006c                : hostrename.c.obj (.text.HOSTrename)
                  0001e83c    0000006c     libc.a : fseek.c.obj (.text.fseeko)
                  0001e8a8    0000006c            : getdevice.c.obj (.text.getdevice)
                  0001e914    00000064            : _io_perm.c.obj (.text.__TI_wrt_ok)
                  0001e978    00000064            : memory.c.obj (.text.split)
                  0001e9dc    00000060     libsysbm.a : hostopen.c.obj (.text.HOSTopen)
                  0001ea3c    00000060     Timer.o (.text._Z13TimerG12_Initv)
                  0001ea9c    0000005c     libc.a : printf.c.obj (.text.printf)
                  0001eaf8    00000058     libsysbm.a : hostread.c.obj (.text.HOSTread)
                  0001eb50    00000058                : hostwrite.c.obj (.text.HOSTwrite)
                  0001eba8    00000058     I2C.o (.text._Z18adxl345_read_accelPsS_S_)
                  0001ec00    00000058     I2C.o (.text._ZL13IC2FillTxFifoPht)
                  0001ec58    00000058     Player.o (.text._ZN6Player13recieveButtonEbbbb)
                  0001ecb0    00000058     asteroids.o (.text._ZN9asteroidsC2Ei)
                  0001ed08    00000056     libclang_rt.builtins.a : aeabi_idivmod.S.obj (.text.__aeabi_idivmod)
                  0001ed5e    00000002     --HOLE-- [fill = 0]
                  0001ed60    00000054     Player.o (.text._ZN6Player11draw_cursorEv)
                  0001edb4    00000054     libc.a : autoinit.c.obj (.text:__TI_auto_init_nobinit)
                  0001ee08    00000052            : fflush.c.obj (.text.__TI_doflush)
                  0001ee5a    00000002     --HOLE-- [fill = 0]
                  0001ee5c    00000050     libsysbm.a : close.c.obj (.text.close)
                  0001eeac    0000004c     enemy_spawner.o (.text._Z12draw_enemiesv)
                  0001eef8    00000048     libsysbm.a : hostclose.c.obj (.text.HOSTclose)
                  0001ef40    00000048                : hostunlink.c.obj (.text.HOSTunlink)
                  0001ef88    00000048     SPI.o (.text._Z14SPI_OutCommandc)
                  0001efd0    00000048     Stars.o (.text._Z15initializeStarsv)
                  0001f018    00000048     SlidePot.o (.text._ZN8SlidePot2InEv)
                  0001f060    00000044     EdgeTriggeredInt.o (.text._Z18EdgeTriggered_Initv)
                  0001f0a4    00000044     projectile.o (.text._ZN10projectileD2Ev)
                  0001f0e8    00000044     Player.o (.text._ZN6Player11draw_playerEv)
                  0001f12c    00000040     TExaS.o (.text.TIMG7_IRQHandler)
                  0001f16c    00000040     Lab9HMain.o (.text._Z10Sound_Initjj)
                  0001f1ac    00000040     SPI.o (.text._Z9SPI_Resetv)
                  0001f1ec    00000040     libclang_rt.builtins.a : aeabi_uidivmod.S.obj (.text.__aeabi_uidivmod)
                  0001f22c    00000040     libc.a : fopen.c.obj (.text._search_fp)
                  0001f26c    00000040            : atoi.c.obj (.text.atoi)
                  0001f2ac    0000003e     I2C.o (.text._Z16I2C_ADXL345_Inith)
                  0001f2ea    00000002     --HOLE-- [fill = 0]
                  0001f2ec    0000003c     DAC5.o (.text._Z9DAC5_Initv)
                  0001f328    0000003c     libclang_rt.builtins.a : floatsisf.S.obj (.text.__floatsisf)
                  0001f364    0000003a                            : muldsi3.S.obj (.text.__muldsi3)
                  0001f39e    00000002     --HOLE-- [fill = 0]
                  0001f3a0    00000038     SPI.o (.text._Z11SPI_OutDatac)
                  0001f3d8    00000038     LaunchPad.o (.text._Z15ActivatePortA_Bv)
                  0001f410    00000038     libclang_rt.builtins.a : fixsfsi.S.obj (.text.__fixsfsi)
                  0001f448    00000038     libc.a : rand.c.obj (.text.rand)
                  0001f480    00000034     ST7735.o (.text._Z12ST7735_writeiPKcj)
                  0001f4b4    00000034     Clock.o (.text._Z14Clock_Delay1msj)
                  0001f4e8    00000034     ST7735.o (.text._Z16ST7735_SetCursorjj)
                  0001f51c    00000034     libc.a : fopen.c.obj (.text.__TI_cleanup)
                  0001f550    00000034     libsysbm.a : trgmsg.c.obj (.text.__TI_readmsg)
                  0001f584    00000034                : trgmsg.c.obj (.text.__TI_writemsg)
                  0001f5b8    00000034     libc.a : exit.c.obj (.text.exit)
                  0001f5ec    00000034            : getdevice.c.obj (.text.finddevice)
                  0001f620    00000034            : fopen.c.obj (.text.freopen)
                  0001f654    00000030     ST7735.o (.text._ZL10commonInitPKh)
                  0001f684    00000030     libc.a : fopen.c.obj (.text.fopen)
                  0001f6b4    0000002c     ST7735.o (.text._Z17ST7735_FillScreent)
                  0001f6e0    0000002c     LED.o (.text._Z8LED_Initv)
                  0001f70c    0000002c     libclang_rt.builtins.a : floatsidf.S.obj (.text.__floatsidf)
                  0001f738    0000002c     libsysbm.a : unlink.c.obj (.text.unlink)
                  0001f764    00000028     Switch.o (.text._Z11Switch_Initv)
                  0001f78c    00000028     asteroids.o (.text._ZN9asteroidsD2Ev)
                  0001f7b4    00000028     libclang_rt.builtins.a : floatunsisf.S.obj (.text.__floatunsisf)
                  0001f7dc    00000028     libc.a : memory.c.obj (.text.free_list_insert)
                  0001f804    00000028     libsysbm.a : lseek.c.obj (.text.lseek)
                  0001f82c    00000028                : write.c.obj (.text.write)
                  0001f854    00000028     libc.a : boot_cortex_m.c.obj (.text:_c_int00_noargs)
                  0001f87c    00000026     libc++abi.a : stdlib_new_delete.cpp.obj (.text._ZL17operator_new_implj)
                  0001f8a2    00000002     --HOLE-- [fill = 0]
                  0001f8a4    00000024     Lab9HMain.o (.text._Z14soundPlayShootv)
                  0001f8c8    00000024     Lab9HMain.o (.text._Z15soundPlayGroovyv)
                  0001f8ec    00000024     Lab9HMain.o (.text._Z15soundPlayRadialv)
                  0001f910    00000024     Switch.o (.text._Z9Switch_Inv)
                  0001f934    00000024     bounding_box.o (.text._ZN12bounding_boxC2Eiiii)
                  0001f958    00000024     SlidePot.o (.text._ZN8SlidePot7ConvertEj)
                  0001f97c    00000024     asteroids.o (.text._ZN9asteroids15update_positionEv)
                  0001f9a0    00000024     libclang_rt.builtins.a : muldi3.S.obj (.text.__muldi3)
                  0001f9c4    00000022     libc.a : memccpy.c.obj (.text.memccpy)
                  0001f9e6    00000020     SlidePot.o (.text._ZN8SlidePot4SyncEv)
                  0001fa06    0000001e     ST7735.o (.text._ZL9pushColort)
                  0001fa24    0000001e     libclang_rt.builtins.a : ashldi3.S.obj (.text.__ashldi3)
                  0001fa42    00000002     --HOLE-- [fill = 0]
                  0001fa44    0000001c     startup_mspm0g3507_ticlang.o (.text.Default_Handler)
                  0001fa60    0000001c     startup_mspm0g3507_ticlang.o (.text.HardFault_Handler)
                  0001fa7c    0000001c     DAC5.o (.text._Z8DAC5_Outj)
                  0001fa98    0000001c     libc.a : memory.c.obj (.text.free_list_remove)
                  0001fab4    00000018     LED.o (.text._Z10LED_Togglej)
                  0001facc    00000018     LED.o (.text._Z6LED_Onj)
                  0001fae4    00000018     LED.o (.text._Z7LED_Offj)
                  0001fafc    00000018     Lab9HMain.o (.text.__cxx_global_var_init)
                  0001fb14    00000016     ST7735.o (.text._Z11ST7735_openPKcji)
                  0001fb2a    00000016     ST7735.o (.text._Z11ST7735_readiPcj)
                  0001fb40    00000016     SlidePot.o (.text._ZN8SlidePotC2Ejj)
                  0001fb56    00000016     libc.a : copy_zero_init.c.obj (.text:decompress:ZI:__TI_zero_init_nomemset)
                  0001fb6c    00000014     Lab9HMain.o (.text._Z9soundStopv)
                  0001fb80    00000014     bounding_box.o (.text._ZN12bounding_boxC2Ev)
                  0001fb94    00000014     SlidePot.o (.text._ZN8SlidePot4SaveEj)
                  0001fba8    00000014     projectile.o (.text._ZNSt3__16__math4sqrtB8nn180100IiTnNS_9enable_ifIXsr11is_integralIT_EE5valueEiE4typeELi0EEEdS3_)
                  0001fbbc    00000014     libc++abi.a : stdlib_new_delete.cpp.obj (.text._Znwj)
                  0001fbd0    00000014     libclang_rt.builtins.a : aeabi_uldivmod.S.obj (.text.__aeabi_uldivmod)
                  0001fbe4    00000012     libc.a : memcpy16.S.obj (.text:TI_memcpy_small)
                  0001fbf6    00000012            : copy_decompress_none.c.obj (.text:decompress:none)
                  0001fc08    00000010     Clock.o (.text._Z11Clock_Delayj)
                  0001fc18    00000010     libc.a : wcslen.c.obj (.text.wcslen)
                  0001fc28    0000000e            : memory.c.obj (.text.OUTLINED_FUNCTION_0)
                  0001fc36    0000000e     ST7735.o (.text._Z12ST7735_lseekili)
                  0001fc44    0000000e     libclang_rt.builtins.a : aeabi_memset.S.obj (.text.__aeabi_memset)
                  0001fc52    0000000e     libsysbm.a : hostrename.c.obj (.text.strcpy)
                  0001fc60    0000000e     libc.a : _printfi.c.obj (.text.strlen)
                  0001fc6e    0000000e     libsysbm.a : hostrename.c.obj (.text.strlen)
                  0001fc7c    0000000e     libc.a : memset16.S.obj (.text:TI_memset_small)
                  0001fc8a    00000002     --HOLE-- [fill = 0]
                  0001fc8c    0000000c     Clock.o (.text._Z10Clock_Freqv)
                  0001fc98    0000000c     ST7735.o (.text._Z13ST7735_renamePKcS0_)
                  0001fca4    0000000c     libc++abi.a : stdlib_new_delete.cpp.obj (.text._Z22__throw_bad_alloc_shimv)
                  0001fcb0    0000000c     bounding_box.o (.text._ZN12bounding_box5get_hEv)
                  0001fcbc    0000000c     bounding_box.o (.text._ZN12bounding_box5get_wEv)
                  0001fcc8    0000000c     bounding_box.o (.text._ZN12bounding_box5get_xEv)
                  0001fcd4    0000000c     bounding_box.o (.text._ZN12bounding_box5get_yEv)
                  0001fce0    0000000c     libc++abi.a : cxa_handlers.cpp.obj (.text._ZSt15get_new_handlerv)
                  0001fcec    0000000c     libclang_rt.builtins.a : aeabi_memset.S.obj (.text.__aeabi_memclr)
                  0001fcf8    0000000c     libc.a : memory.c.obj (.text.malloc)
                  0001fd04    0000000a     ST7735.o (.text._Z12ST7735_closei)
                  0001fd0e    0000000a     ST7735.o (.text._Z13ST7735_unlinkPKc)
                  0001fd18    0000000a     Lab9HMain.o (.text._Z8PLL_Initv)
                  0001fd22    00000008     libc++abi.a : stdlib_new_delete.cpp.obj (.text._ZdlPv)
                  0001fd2a    00000002     --HOLE-- [fill = 0]
                  0001fd2c    00000008     libc.a : aeabi_portable.c.obj (.text.__aeabi_errno_addr)
                  0001fd34    00000008     libclang_rt.builtins.a : aeabi_memcpy.S.obj (.text.__aeabi_memcpy)
                  0001fd3c    00000008     libc.a : printf.c.obj (.text._outc)
                  0001fd44    00000008            : printf.c.obj (.text._outs)
                  0001fd4c    00000008            : fseek.c.obj (.text.fseek)
                  0001fd54    00000008     libsysbm.a : remove.c.obj (.text.remove)
                  0001fd5c    00000004     startup_mspm0g3507_ticlang.o (.text.Reset_Handler)
                  0001fd60    00000004     libc++abi.a : abort_message.cpp.obj (.text.abort_message)
                  0001fd64    00000004     libc.a : exit.c.obj (.text:abort)
                  0001fd68    00000008     --HOLE-- [fill = 0]

.cinit     0    0001fd78    000001f0     
                  0001fd78    000001c9     (.cinit..data.load) [load image, compression = lzss]
                  0001ff41    00000003     --HOLE-- [fill = 0]
                  0001ff44    0000000c     (__TI_handler_table)
                  0001ff50    00000008     (.cinit..bss.load) [load image, compression = zero_init]
                  0001ff58    00000010     (__TI_cinit_table)

.rodata    0    000000c0    0001a140     
                  000000c0    0000a000     Lab9HMain.o (.rodata._ZL21LoadingEnglishSpanish)
                  0000a0c0    00005a9c     Lab9HMain.o (.rodata._ZL12GalaxyGroove)
                  0000fb5c    0000425b     Lab9HMain.o (.rodata._ZL7iceball)
                  00013db7    00000ff0     Lab9HMain.o (.rodata._ZL5shoot)
                  00014da7    00000001     --HOLE-- [fill = 0]
                  00014da8    00000c6e     Player.o (.rodata._ZL12radial_clear)
                  00015a16    00000c6e     asteroids.o (.rodata._ZL12radial_clear)
                  00016684    00000c6e     Player.o (.rodata._ZL15medRadialWeapon)
                  000172f2    00000c6e     Player.o (.rodata._ZL17largeRadialWeapon)
                  00017f60    00000c6e     Player.o (.rodata._ZL17smallRadialWeapon)
                  00018bce    000006c0     asteroids.o (.rodata._ZL15bigAsteroidFast)
                  0001928e    00000654     Player.o (.rodata._ZL17userBlueSpaceship)
                  000198e2    000004fb     ST7735.o (.rodata._ZL4Font)
                  00019ddd    00000002     ST7735.o (.rodata.str1.131488204461069355351)
                  00019ddf    00000001     --HOLE-- [fill = 0]
                  00019de0    00000101     libc.a : aeabi_ctype.S.obj (.rodata:__aeabi_ctype_table_)
                  00019ee1    0000006c     Lab9HMain.o (.rodata.str1.73537796465405190331)
                  00019f4d    00000067     Lab9HMain.o (.rodata.str1.113409784940279623051)
                  00019fb4    00000056     Lab9HMain.o (.rodata.str1.56748971971382791101)
                  0001a00a    0000004f     Lab9HMain.o (.rodata.str1.173505494541024909531)
                  0001a059    0000003b     ST7735.o (.rodata._ZL5Rcmd1)
                  0001a094    00000032     Player.o (.rodata._ZL11RedCross5x5)
                  0001a0c6    00000032     Player.o (.rodata._ZL8Black5x5)
                  0001a0f8    0000002d     libc++abi.a : stdlib_new_delete.cpp.obj (.rodata.str1.177346920702326194221)
                  0001a125    0000002b     ST7735.o (.rodata._ZL5Rcmd3)
                  0001a150    00000016     ST7735.o (.rodata.str1.77000880246174023921)
                  0001a166    00000012     projectile.o (.rodata._ZL15user_projectile)
                  0001a178    00000012     projectile.o (.rodata._ZL16enemy_projectile)
                  0001a18a    00000012     projectile.o (.rodata._ZL8Black3x3)
                  0001a19c    00000011     libc.a : _printfi.c.obj (.rodata.str1.103488685894817597201)
                  0001a1ad    00000011            : _printfi.c.obj (.rodata.str1.153638888446227384661)
                  0001a1be    00000011     Lab9HMain.o (.rodata.str1.36435047076059183751)
                  0001a1cf    0000000d     ST7735.o (.rodata._ZL10Rcmd2green)
                  0001a1dc    0000000d     ST7735.o (.rodata._ZL8Rcmd2red)
                  0001a1e9    00000008     ST7735.o (.rodata.str1.169843458518258785781)
                  0001a1f1    00000007     ST7735.o (.rodata.str1.155524397428245996231)
                  0001a1f8    00000007     ST7735.o (.rodata.str1.164283238403737130881)
                  0001a1ff    00000001     --HOLE-- [fill = 0]

.init_array 
*          0    0001fd70    00000008     
                  0001fd70    00000004     Lab9HMain.o (.init_array)
                  0001fd74    00000004     --HOLE-- [fill = 0]

.data      0    20200000    000004a5     UNINITIALIZED
                  20200000    000000f0     libc.a : defs.c.obj (.data._ftable)
                  202000f0    00000078     libsysbm.a : host_device.c.obj (.data._device)
                  20200168    00000070     Stars.o (.data.stillStars)
                  202001d8    00000054     enemy_spawner.o (.data.which_zones)
                  2020022c    00000054     enemy_spawner.o (.data.zone1)
                  20200280    00000054     enemy_spawner.o (.data.zone2)
                  202002d4    00000054     enemy_spawner.o (.data.zone3)
                  20200328    00000050     libsysbm.a : host_device.c.obj (.data._stream)
                  20200378    00000050     Stars.o (.data.fastStars)
                  202003c8    00000050     Stars.o (.data.slowstars)
                  20200418    00000014     Lab9HMain.o (.data.Sensor)
                  2020042c    00000008     libc.a : exit.c.obj (.data..L_MergedGlobals)
                  20200434    00000004     Clock.o (.data.BusFreq)
                  20200438    00000004     ST7735.o (.data.StX)
                  2020043c    00000004     ST7735.o (.data.StY)
                  20200440    00000004     Lab9HMain.o (.data.Time)
                  20200444    00000004     libc.a : defs.c.obj (.data.__TI_ft_end)
                  20200448    00000004            : aeabi_portable.c.obj (.data.__aeabi_errno)
                  2020044c    00000004     libc++abi.a : cxa_default_handlers.cpp.obj (.data.__cxa_new_handler)
                  20200450    00000004     libc.a : _lock.c.obj (.data._lock)
                  20200454    00000004            : _lock.c.obj (.data._unlock)
                  20200458    00000004     projectile.o (.data.explosion_x)
                  2020045c    00000004     projectile.o (.data.explosion_y)
                  20200460    00000004     enemy_spawner.o (.data.freq_counter)
                  20200464    00000004     Lab9HMain.o (.data.global_timer)
                  20200468    00000004     Lab9HMain.o (.data.groovy_index)
                  2020046c    00000004     Lab9HMain.o (.data.index2)
                  20200470    00000004     Lab9HMain.o (.data.index)
                  20200474    00000004     libc.a : rand.c.obj (.data.next)
                  20200478    00000004     enemy_spawner.o (.data.s1)
                  2020047c    00000004     enemy_spawner.o (.data.s2)
                  20200480    00000004     enemy_spawner.o (.data.s3)
                  20200484    00000004     enemy_spawner.o (.data.spawn1)
                  20200488    00000004     enemy_spawner.o (.data.spawn2)
                  2020048c    00000004     enemy_spawner.o (.data.spawn3)
                  20200490    00000004     enemy_spawner.o (.data.z)
                  20200494    00000002     ST7735.o (.data.StTextColor)
                  20200496    00000002     ST7735.o (.data._ZL6_width)
                  20200498    00000002     ST7735.o (.data._ZL7_height)
                  2020049a    00000001     Lab9HMain.o (.data.ENGLISH_OR_SPANISH)
                  2020049b    00000001     projectile.o (.data.explosion)
                  2020049c    00000001     libsysbm.a : add_device.c.obj (.data.add_device.device_init)
                  2020049d    00000001     Lab9HMain.o (.data.turbo1)
                  2020049e    00000001     Lab9HMain.o (.data.turbo2)
                  2020049f    00000001     Lab9HMain.o (.data.weapon1)
                  202004a0    00000001     libc.a : memory.c.obj (.data.memory_is_initialized)
                  202004a1    00000001     Lab9HMain.o (.data.weapon2)
                  202004a2    00000002     --HOLE--
                  202004a4    00000001     libsysbm.a : open.c.obj (.data.open.stream_init)

.bss       0    202004a8    00000285     UNINITIALIZED
                  202004a8    00000120     libsysbm.a : trgmsg.c.obj (.bss:_CIOBUF_)
                  202005c8    000000a0     libc.a : defs.c.obj (.bss.__TI_tmpnams)
                  20200668    00000050     Stars.o (.bss.oldfastStars)
                  202006b8    00000050     Stars.o (.bss.oldslowstars)
                  20200708    00000008     libsysbm.a : hostopen.c.obj (.bss.parmbuf)
                  20200710    00000004     I2C.o (.bss.I2C_error)
                  20200714    00000004     TExaS.o (.bss.TExaSLogic)
                  20200718    00000004     TExaS.o (.bss.TExaSadc)
                  2020071c    00000004     Lab9HMain.o (.bss.slide_pot_data)
                  20200720    00000004     libc.a : memory.c.obj (.bss.sys_free)
                  20200724    00000002     Lab9HMain.o (.bss.gyro_x)
                  20200726    00000002     Lab9HMain.o (.bss.gyro_y)
                  20200728    00000002     Lab9HMain.o (.bss.gyro_z)
                  2020072a    00000001     ST7735.o (.bss._ZL8ColStart)
                  2020072b    00000001     ST7735.o (.bss._ZL8RowStart)
                  2020072c    00000001     ST7735.o (.bss._ZL8TabColor)

.sysmem    0    20200730    00000200     UNINITIALIZED
                  20200730    00000010     libc.a : memory.c.obj (.sysmem)
                  20200740    000001f0     --HOLE--

.stack     0    20207e00    00000200     UNINITIALIZED
                  20207e00    00000004     libc.a : boot_cortex_m.c.obj (.stack)
                  20207e04    000001fc     --HOLE--

__llvm_prf_cnts 
*          0    20200000    00000000     UNINITIALIZED

__llvm_prf_bits 
*          0    20200000    00000000     UNINITIALIZED

MODULE SUMMARY

       Module                         code    ro data   rw data
       ------                         ----    -------   -------
    .\
       Lab9HMain.o                    2926    85620     55     
       Player.o                       2624    14448     0      
       asteroids.o                    392     4910      0      
       ST7735.o                       2598    1449      17     
       enemy_spawner.o                912     0         368    
       Stars.o                        512     0         432    
       I2C.o                          850     0         4      
       projectile.o                   720     54        9      
       bounding_box.o                 708     0         0      
       Clock.o                        516     0         4      
       SPI.o                          440     0         0      
       SlidePot.o                     306     0         0      
       Timer.o                        244     0         0      
       LaunchPad.o                    180     0         0      
       LED.o                          116     0         0      
       DAC5.o                         88      0         0      
       Switch.o                       76      0         0      
       TExaS.o                        64      0         8      
       EdgeTriggeredInt.o             68      0         0      
    +--+------------------------------+-------+---------+---------+
       Total:                         14340   106481    897    
                                                               
    .\ticlang\
       startup_mspm0g3507_ticlang.o   60      192       0      
    +--+------------------------------+-------+---------+---------+
       Total:                         60      192       0      
                                                               
    C:\ti\ccs2000\ccs\tools\compiler\ti-cgt-armllvm_4.0.1.LTS\lib\armv6m-ti-none-eabi/c/libc.a
       _printfi.c.obj                 2166    34        0      
       memory.c.obj                   702     0         5      
       fopen.c.obj                    556     0         0      
       defs.c.obj                     0       0         404    
       e_sqrt.c.obj                   368     0         0      
       aeabi_ctype.S.obj              0       257       0      
       fputs.c.obj                    248     0         0      
       setvbuf.c.obj                  224     0         0      
       getdevice.c.obj                160     0         0      
       fputc.c.obj                    156     0         0      
       strcmp-armv6m.S.obj            136     0         0      
       copy_decompress_lzss.c.obj     124     0         0      
       fclose.c.obj                   124     0         0      
       fseek.c.obj                    116     0         0      
       printf.c.obj                   108     0         0      
       _io_perm.c.obj                 100     0         0      
       autoinit.c.obj                 84      0         0      
       fflush.c.obj                   82      0         0      
       atoi.c.obj                     64      0         0      
       exit.c.obj                     56      0         8      
       rand.c.obj                     56      0         4      
       boot_cortex_m.c.obj            40      0         0      
       memccpy.c.obj                  34      0         0      
       copy_zero_init.c.obj           22      0         0      
       copy_decompress_none.c.obj     18      0         0      
       memcpy16.S.obj                 18      0         0      
       wcslen.c.obj                   16      0         0      
       memset16.S.obj                 14      0         0      
       aeabi_portable.c.obj           8       0         4      
       _lock.c.obj                    2       0         8      
       pre_init.c.obj                 4       0         0      
    +--+------------------------------+-------+---------+---------+
       Total:                         5806    291       433    
                                                               
    C:\ti\ccs2000\ccs\tools\compiler\ti-cgt-armllvm_4.0.1.LTS\lib\armv6m-ti-none-eabi/c/libsysbm.a
       trgmsg.c.obj                   104     0         288    
       add_device.c.obj               236     0         1      
       host_device.c.obj              0       0         200    
       open.c.obj                     160     0         1      
       hostrename.c.obj               136     0         0      
       hostlseek.c.obj                108     0         0      
       hostopen.c.obj                 96      0         8      
       hostread.c.obj                 88      0         0      
       hostwrite.c.obj                88      0         0      
       close.c.obj                    80      0         0      
       hostclose.c.obj                72      0         0      
       hostunlink.c.obj               72      0         0      
       unlink.c.obj                   44      0         0      
       lseek.c.obj                    40      0         0      
       write.c.obj                    40      0         0      
       remove.c.obj                   8       0         0      
    +--+------------------------------+-------+---------+---------+
       Total:                         1372    0         498    
                                                               
    C:\ti\ccs2000\ccs\tools\compiler\ti-cgt-armllvm_4.0.1.LTS\lib\armv6m-ti-none-eabi/libc++abi.a
       stdlib_new_delete.cpp.obj      78      45        0      
       cxa_handlers.cpp.obj           12      0         0      
       abort_message.cpp.obj          4       0         0      
       cxa_default_handlers.cpp.obj   0       0         4      
    +--+------------------------------+-------+---------+---------+
       Total:                         94      45        4      
                                                               
    C:\ti\ccs2000\ccs\tools\compiler\ti-cgt-armllvm_4.0.1.LTS\lib\armv6m-ti-none-eabi/libclang_rt.builtins.a
       adddf3.S.obj                   402     0         0      
       muldf3.S.obj                   228     0         0      
       udivmoddi4.S.obj               162     0         0      
       mulsf3.S.obj                   140     0         0      
       divsf3.S.obj                   130     0         0      
       truncdfsf2.S.obj               116     0         0      
       aeabi_idivmod.S.obj            86      0         0      
       aeabi_uidivmod.S.obj           64      0         0      
       floatsisf.S.obj                60      0         0      
       muldsi3.S.obj                  58      0         0      
       fixsfsi.S.obj                  56      0         0      
       floatsidf.S.obj                44      0         0      
       floatunsisf.S.obj              40      0         0      
       muldi3.S.obj                   36      0         0      
       ashldi3.S.obj                  30      0         0      
       aeabi_memset.S.obj             26      0         0      
       aeabi_uldivmod.S.obj           20      0         0      
       aeabi_memcpy.S.obj             8       0         0      
       aeabi_div0.c.obj               4       0         0      
    +--+------------------------------+-------+---------+---------+
       Total:                         1710    0         0      
                                                               
       Heap:                          0       0         512    
       Stack:                         0       0         512    
       Linker Generated:              0       493       0      
    +--+------------------------------+-------+---------+---------+
       Grand Total:                   23382   107502    2856   


LINKER GENERATED COPY TABLES

__TI_cinit_table @ 0001ff58 records: 2, size/record: 8, table size: 16
	.data: load addr=0001fd78, load size=000001c9 bytes, run addr=20200000, run size=000004a5 bytes, compression=lzss
	.bss: load addr=0001ff50, load size=00000008 bytes, run addr=202004a8, run size=00000285 bytes, compression=zero_init


LINKER GENERATED HANDLER TABLE

__TI_handler_table @ 0001ff44 records: 3, size/record: 4, table size: 12
	index: 0, handler: __TI_decompress_lzss
	index: 1, handler: __TI_decompress_none
	index: 2, handler: __TI_zero_init


GLOBAL SYMBOLS: SORTED ALPHABETICALLY BY Name 

address   name                                                                                           
-------   ----                                                                                           
0001fa45  ADC0_IRQHandler                                                                                
0001fa45  ADC1_IRQHandler                                                                                
0001fa45  AES_IRQHandler                                                                                 
20200434  BusFreq                                                                                        
0001fd64  C$$EXIT                                                                                        
0001f5b1  C$$IO$$                                                                                        
0001fa45  CANFD0_IRQHandler                                                                              
0001fa45  DAC0_IRQHandler                                                                                
0001fa45  DMA_IRQHandler                                                                                 
0001fa45  Default_Handler                                                                                
2020049a  ENGLISH_OR_SPANISH                                                                             
0001fa45  GROUP0_IRQHandler                                                                              
0001da45  GROUP1_IRQHandler                                                                              
0001eef9  HOSTclose                                                                                      
0001e765  HOSTlseek                                                                                      
0001e9dd  HOSTopen                                                                                       
0001eaf9  HOSTread                                                                                       
0001e7d1  HOSTrename                                                                                     
0001ef41  HOSTunlink                                                                                     
0001eb51  HOSTwrite                                                                                      
0001fa61  HardFault_Handler                                                                              
0001fa45  I2C0_IRQHandler                                                                                
0001fa45  I2C1_IRQHandler                                                                                
20200710  I2C_error                                                                                      
0001fa45  NMI_Handler                                                                                    
0001fa45  PendSV_Handler                                                                                 
0001fa45  RTC_IRQHandler                                                                                 
0001fd5d  Reset_Handler                                                                                  
0001fd70  SHT$$INIT_ARRAY$$Base                                                                          
0001fd74  SHT$$INIT_ARRAY$$Limit                                                                         
0001fa45  SPI0_IRQHandler                                                                                
0001fa45  SPI1_IRQHandler                                                                                
0001fa45  SVC_Handler                                                                                    
20200418  Sensor                                                                                         
20200494  StTextColor                                                                                    
20200438  StX                                                                                            
2020043c  StY                                                                                            
0001d3d9  SysTick_Handler                                                                                
20200714  TExaSLogic                                                                                     
20200718  TExaSadc                                                                                       
0001fa45  TIMA0_IRQHandler                                                                               
0001fa45  TIMA1_IRQHandler                                                                               
0001fa45  TIMG0_IRQHandler                                                                               
0001e321  TIMG12_IRQHandler                                                                              
0001fa45  TIMG6_IRQHandler                                                                               
0001f12d  TIMG7_IRQHandler                                                                               
0001fa45  TIMG8_IRQHandler                                                                               
0001fbe5  TI_memcpy_small                                                                                
0001fc7d  TI_memset_small                                                                                
20200440  Time                                                                                           
0001fa45  UART0_IRQHandler                                                                               
0001fa45  UART1_IRQHandler                                                                               
0001fa45  UART2_IRQHandler                                                                               
0001fa45  UART3_IRQHandler                                                                               
202004a8  _CIOBUF_                                                                                       
0001fc8d  _Z10Clock_Freqv                                                                                
0001fab5  _Z10LED_Togglej                                                                                
0001f16d  _Z10Sound_Initjj                                                                               
0001fc09  _Z11Clock_Delayj                                                                               
0001f3a1  _Z11SPI_OutDatac                                                                               
0001fb15  _Z11ST7735_openPKcji                                                                           
0001fb2b  _Z11ST7735_readiPcj                                                                            
0001f765  _Z11Switch_Initv                                                                               
0001d12d  _Z11updateStarsv                                                                               
0001df49  _Z12ST7735_InitR10initRFlags                                                                   
0001fd05  _Z12ST7735_closei                                                                              
0001fc37  _Z12ST7735_lseekili                                                                            
0001f481  _Z12ST7735_writeiPKcj                                                                          
0001eead  _Z12draw_enemiesv                                                                              
0001fc99  _Z13ST7735_renamePKcS0_                                                                        
0001fd0f  _Z13ST7735_unlinkPKc                                                                           
0001ea3d  _Z13TimerG12_Initv                                                                             
0001f4b5  _Z14Clock_Delay1msj                                                                            
0001e39d  _Z14LaunchPad_Initv                                                                            
0001ef89  _Z14SPI_OutCommandc                                                                            
0001d825  _Z14ST7735_OutCharc                                                                            
0001f8a5  _Z14soundPlayShootv                                                                            
0001bb11  _Z14update_enemiesibb                                                                          
0001f3d9  _Z15ActivatePortA_Bv                                                                           
0001bcc9  _Z15Clock_Init80MHzi                                                                           
0001cb3d  _Z15ST7735_FillRectsssst                                                                       
0001dfe1  _Z15TimerG12_IntArmjj                                                                          
0001efd1  _Z15initializeStarsv                                                                           
0001f8c9  _Z15soundPlayGroovyv                                                                           
0001f8ed  _Z15soundPlayRadialv                                                                           
0001f2ad  _Z16I2C_ADXL345_Inith                                                                          
0001d8f5  _Z16I2C_ReadRegisterhhPht                                                                      
0001be7d  _Z16ST7735_DrawCharSsscssh                                                                     
0001e6f5  _Z16ST7735_DrawPixelsst                                                                        
0001f4e9  _Z16ST7735_SetCursorjj                                                                         
0001b71d  _Z17ST7735_DrawBitmapssPKtss                                                                   
0001e219  _Z17ST7735_DrawStringttPcs                                                                     
0001f6b5  _Z17ST7735_FillScreent                                                                         
0001dd75  _Z17ST7735_InitPrintfv                                                                         
0001f061  _Z18EdgeTriggered_Initv                                                                        
0001eba9  _Z18adxl345_read_accelPsS_S_                                                                   
0001c341  _Z18initialize_enemiesv                                                                        
0001fca5  _Z22__throw_bad_alloc_shimv                                                                    
0001facd  _Z6LED_Onj                                                                                     
0001fae5  _Z7LED_Offj                                                                                    
0001fa7d  _Z8DAC5_Outj                                                                                   
0001e58d  _Z8I2C_Initv                                                                                   
0001f6e1  _Z8LED_Initv                                                                                   
0001fd19  _Z8PLL_Initv                                                                                   
0001cd69  _Z8SPI_Initv                                                                                   
0001f2ed  _Z9DAC5_Initv                                                                                  
0001de11  _Z9I2C_Send1ah                                                                                 
0001d99d  _Z9I2C_Send2ahh                                                                                
0001f1ad  _Z9SPI_Resetv                                                                                  
0001f911  _Z9Switch_Inv                                                                                  
0001d751  _Z9drawStarsv                                                                                  
0001fb6d  _Z9soundStopv                                                                                  
0001c791  _ZN10projectile15update_positionEv                                                             
0001ca11  _ZN10projectileC1Eiiiiib                                                                       
0001ca11  _ZN10projectileC2Eiiiiib                                                                       
0001f0a5  _ZN10projectileD1Ev                                                                            
0001f0a5  _ZN10projectileD2Ev                                                                            
0001d599  _ZN12bounding_box14collision_leftERS_                                                          
0001d675  _ZN12bounding_box15collision_rightERS_                                                         
0001fcb1  _ZN12bounding_box5get_hEv                                                                      
0001fcbd  _ZN12bounding_box5get_wEv                                                                      
0001fcc9  _ZN12bounding_box5get_xEv                                                                      
0001fcd5  _ZN12bounding_box5get_yEv                                                                      
0001dae9  _ZN12bounding_box9collisionERS_                                                                
0001f935  _ZN12bounding_boxC1Eiiii                                                                       
0001fb81  _ZN12bounding_boxC1Ev                                                                          
0001f935  _ZN12bounding_boxC2Eiiii                                                                       
0001fb81  _ZN12bounding_boxC2Ev                                                                          
0001ed61  _ZN6Player11draw_cursorEv                                                                      
0001f0e9  _ZN6Player11draw_playerEv                                                                      
0001b2ed  _ZN6Player13gyro_controlsEii                                                                   
0001ec59  _ZN6Player13recieveButtonEbbbb                                                                 
0001e605  _ZN6Player13update_cursorEi                                                                    
0001c8dd  _ZN6Player5shootEv                                                                             
0001c1b1  _ZN6Player6radialEv                                                                            
0001b92d  _ZN6PlayerC1Ev                                                                                 
0001b92d  _ZN6PlayerC2Ev                                                                                 
0001f019  _ZN8SlidePot2InEv                                                                              
0001e419  _ZN8SlidePot4InitEv                                                                            
0001fb95  _ZN8SlidePot4SaveEj                                                                            
0001f9e7  _ZN8SlidePot4SyncEv                                                                            
0001f959  _ZN8SlidePot7ConvertEj                                                                         
0001fb41  _ZN8SlidePotC1Ejj                                                                              
0001fb41  _ZN8SlidePotC2Ejj                                                                              
0001f97d  _ZN9asteroids15update_positionEv                                                               
0001d211  _ZN9asteroids9set_speedEibb                                                                    
0001ecb1  _ZN9asteroidsC1Ei                                                                              
0001ecb1  _ZN9asteroidsC2Ei                                                                              
0001f78d  _ZN9asteroidsD1Ev                                                                              
0001f78d  _ZN9asteroidsD2Ev                                                                              
0001fba9  _ZNSt3__16__math4sqrtB8nn180100IiTnNS_9enable_ifIXsr11is_integralIT_EE5valueEiE4typeELi0EEEdS3_
0001fce1  _ZSt15get_new_handlerv                                                                         
0001fd23  _ZdlPv                                                                                         
0001fbbd  _Znwj                                                                                          
202004a8  __CIOBUF_                                                                                      
20208000  __STACK_END                                                                                    
00000200  __STACK_SIZE                                                                                   
00000200  __SYSMEM_SIZE                                                                                  
00000000  __TI_ATRegion0_region_sz                                                                       
00000000  __TI_ATRegion0_src_addr                                                                        
00000000  __TI_ATRegion0_trg_addr                                                                        
00000000  __TI_ATRegion1_region_sz                                                                       
00000000  __TI_ATRegion1_src_addr                                                                        
00000000  __TI_ATRegion1_trg_addr                                                                        
00000000  __TI_ATRegion2_region_sz                                                                       
00000000  __TI_ATRegion2_src_addr                                                                        
00000000  __TI_ATRegion2_trg_addr                                                                        
0001ff58  __TI_CINIT_Base                                                                                
0001ff68  __TI_CINIT_Limit                                                                               
0001ff68  __TI_CINIT_Warm                                                                                
0001ff44  __TI_Handler_Table_Base                                                                        
0001ff50  __TI_Handler_Table_Limit                                                                       
0001edb5  __TI_auto_init_nobinit                                                                         
0001f51d  __TI_cleanup                                                                                   
2020042c  __TI_cleanup_ptr                                                                               
0001e495  __TI_closefile                                                                                 
0001e511  __TI_decompress_lzss                                                                           
0001fbf7  __TI_decompress_none                                                                           
0001ee09  __TI_doflush                                                                                   
20200430  __TI_dtors_ptr                                                                                 
20200444  __TI_ft_end                                                                                    
ffffffff  __TI_pprof_out_hndl                                                                            
0001aa85  __TI_printfi_nofloat                                                                           
ffffffff  __TI_prof_data_size                                                                            
ffffffff  __TI_prof_data_start                                                                           
0001f551  __TI_readmsg                                                                                   
00000000  __TI_static_base__                                                                             
202005c8  __TI_tmpnams                                                                                   
0001f585  __TI_writemsg                                                                                  
0001e915  __TI_wrt_ok                                                                                    
0001fb57  __TI_zero_init_nomemset                                                                        
0001c027  __adddf3                                                                                       
00019de0  __aeabi_ctype_table_                                                                           
00019de0  __aeabi_ctype_table_C                                                                          
0001e681  __aeabi_d2f                                                                                    
0001c027  __aeabi_dadd                                                                                   
0001d2f5  __aeabi_dmul                                                                                   
0001c01d  __aeabi_dsub                                                                                   
20200448  __aeabi_errno                                                                                  
0001fd2d  __aeabi_errno_addr                                                                             
0001f411  __aeabi_f2iz                                                                                   
0001e29d  __aeabi_fdiv                                                                                   
0001e075  __aeabi_fmul                                                                                   
0001f70d  __aeabi_i2d                                                                                    
0001f329  __aeabi_i2f                                                                                    
0001ed09  __aeabi_idiv                                                                                   
0001c1af  __aeabi_idiv0                                                                                  
0001ed09  __aeabi_idivmod                                                                                
0001dc2f  __aeabi_ldiv0                                                                                  
0001fa25  __aeabi_llsl                                                                                   
0001f9a1  __aeabi_lmul                                                                                   
0001fced  __aeabi_memclr                                                                                 
0001fced  __aeabi_memclr4                                                                                
0001fced  __aeabi_memclr8                                                                                
0001fd35  __aeabi_memcpy                                                                                 
0001fd35  __aeabi_memcpy4                                                                                
0001fd35  __aeabi_memcpy8                                                                                
0001fc45  __aeabi_memset                                                                                 
0001fc45  __aeabi_memset4                                                                                
0001fc45  __aeabi_memset8                                                                                
0001f7b5  __aeabi_ui2f                                                                                   
0001f1ed  __aeabi_uidiv                                                                                  
0001f1ed  __aeabi_uidivmod                                                                               
0001fbd1  __aeabi_uldivmod                                                                               
0001fa25  __ashldi3                                                                                      
ffffffff  __binit__                                                                                      
2020044c  __cxa_new_handler                                                                              
0001e29d  __divsf3                                                                                       
0001f411  __fixsfsi                                                                                      
0001f70d  __floatsidf                                                                                    
0001f329  __floatsisf                                                                                    
0001f7b5  __floatunsisf                                                                                  
UNDEFED   __mpu_init                                                                                     
0001d2f5  __muldf3                                                                                       
0001f9a1  __muldi3                                                                                       
0001f365  __muldsi3                                                                                      
0001e075  __mulsf3                                                                                       
20207e00  __stack                                                                                        
20200000  __start___llvm_prf_bits                                                                        
20200000  __start___llvm_prf_cnts                                                                        
20200000  __stop___llvm_prf_bits                                                                         
20200000  __stop___llvm_prf_cnts                                                                         
0001c01d  __subdf3                                                                                       
0001e681  __truncdfsf2                                                                                   
0001dc31  __udivmoddi4                                                                                   
0001f855  _c_int00_noargs                                                                                
202000f0  _device                                                                                        
20200000  _ftable                                                                                        
20200450  _lock                                                                                          
0001dcd3  _nop                                                                                           
20200328  _stream                                                                                        
20200730  _sys_memory                                                                                    
UNDEFED   _system_post_cinit                                                                             
0001e67d  _system_pre_init                                                                               
20200454  _unlock                                                                                        
0001fd65  abort                                                                                          
0001fd61  abort_message                                                                                  
0001cf59  add_device                                                                                     
0001cc55  aligned_alloc                                                                                  
0001f26d  atoi                                                                                           
ffffffff  binit                                                                                          
0001ee5d  close                                                                                          
0001f5b9  exit                                                                                           
2020049b  explosion                                                                                      
20200458  explosion_x                                                                                    
2020045c  explosion_y                                                                                    
20200378  fastStars                                                                                      
0001f5ed  finddevice                                                                                     
0001f685  fopen                                                                                          
0001dead  fputc                                                                                          
0001ce61  fputs                                                                                          
0001d045  free                                                                                           
0001f621  freopen                                                                                        
20200460  freq_counter                                                                                   
0001fd4d  fseek                                                                                          
0001e83d  fseeko                                                                                         
0001e8a9  getdevice                                                                                      
20200464  global_timer                                                                                   
20200468  groovy_index                                                                                   
20200724  gyro_x                                                                                         
20200726  gyro_y                                                                                         
20200728  gyro_z                                                                                         
20200470  index                                                                                          
2020046c  index2                                                                                         
00000000  interruptVectors                                                                               
0001f805  lseek                                                                                          
0001a201  main                                                                                           
0001fcf9  malloc                                                                                         
0001cc55  memalign                                                                                       
0001f9c5  memccpy                                                                                        
20200668  oldfastStars                                                                                   
202006b8  oldslowstars                                                                                   
0001dcd5  open                                                                                           
20200708  parmbuf                                                                                        
0001ea9d  printf                                                                                         
0001f449  rand                                                                                           
0001fd55  remove                                                                                         
20200478  s1                                                                                             
2020047c  s2                                                                                             
20200480  s3                                                                                             
0001d4b9  setvbuf                                                                                        
2020071c  slide_pot_data                                                                                 
202003c8  slowstars                                                                                      
20200484  spawn1                                                                                         
20200488  spawn2                                                                                         
2020048c  spawn3                                                                                         
0001c4cd  sqrt                                                                                           
0001c4cd  sqrtl                                                                                          
20200168  stillStars                                                                                     
0001e191  strcmp                                                                                         
2020049d  turbo1                                                                                         
2020049e  turbo2                                                                                         
0001f739  unlink                                                                                         
0001fc19  wcslen                                                                                         
2020049f  weapon1                                                                                        
202004a1  weapon2                                                                                        
202001d8  which_zones                                                                                    
0001f82d  write                                                                                          
20200490  z                                                                                              
2020022c  zone1                                                                                          
20200280  zone2                                                                                          
202002d4  zone3                                                                                          


GLOBAL SYMBOLS: SORTED BY Symbol Address 

address   name                                                                                           
-------   ----                                                                                           
00000000  __TI_ATRegion0_region_sz                                                                       
00000000  __TI_ATRegion0_src_addr                                                                        
00000000  __TI_ATRegion0_trg_addr                                                                        
00000000  __TI_ATRegion1_region_sz                                                                       
00000000  __TI_ATRegion1_src_addr                                                                        
00000000  __TI_ATRegion1_trg_addr                                                                        
00000000  __TI_ATRegion2_region_sz                                                                       
00000000  __TI_ATRegion2_src_addr                                                                        
00000000  __TI_ATRegion2_trg_addr                                                                        
00000000  __TI_static_base__                                                                             
00000000  interruptVectors                                                                               
00000200  __STACK_SIZE                                                                                   
00000200  __SYSMEM_SIZE                                                                                  
00019de0  __aeabi_ctype_table_                                                                           
00019de0  __aeabi_ctype_table_C                                                                          
0001a201  main                                                                                           
0001aa85  __TI_printfi_nofloat                                                                           
0001b2ed  _ZN6Player13gyro_controlsEii                                                                   
0001b71d  _Z17ST7735_DrawBitmapssPKtss                                                                   
0001b92d  _ZN6PlayerC1Ev                                                                                 
0001b92d  _ZN6PlayerC2Ev                                                                                 
0001bb11  _Z14update_enemiesibb                                                                          
0001bcc9  _Z15Clock_Init80MHzi                                                                           
0001be7d  _Z16ST7735_DrawCharSsscssh                                                                     
0001c01d  __aeabi_dsub                                                                                   
0001c01d  __subdf3                                                                                       
0001c027  __adddf3                                                                                       
0001c027  __aeabi_dadd                                                                                   
0001c1af  __aeabi_idiv0                                                                                  
0001c1b1  _ZN6Player6radialEv                                                                            
0001c341  _Z18initialize_enemiesv                                                                        
0001c4cd  sqrt                                                                                           
0001c4cd  sqrtl                                                                                          
0001c791  _ZN10projectile15update_positionEv                                                             
0001c8dd  _ZN6Player5shootEv                                                                             
0001ca11  _ZN10projectileC1Eiiiiib                                                                       
0001ca11  _ZN10projectileC2Eiiiiib                                                                       
0001cb3d  _Z15ST7735_FillRectsssst                                                                       
0001cc55  aligned_alloc                                                                                  
0001cc55  memalign                                                                                       
0001cd69  _Z8SPI_Initv                                                                                   
0001ce61  fputs                                                                                          
0001cf59  add_device                                                                                     
0001d045  free                                                                                           
0001d12d  _Z11updateStarsv                                                                               
0001d211  _ZN9asteroids9set_speedEibb                                                                    
0001d2f5  __aeabi_dmul                                                                                   
0001d2f5  __muldf3                                                                                       
0001d3d9  SysTick_Handler                                                                                
0001d4b9  setvbuf                                                                                        
0001d599  _ZN12bounding_box14collision_leftERS_                                                          
0001d675  _ZN12bounding_box15collision_rightERS_                                                         
0001d751  _Z9drawStarsv                                                                                  
0001d825  _Z14ST7735_OutCharc                                                                            
0001d8f5  _Z16I2C_ReadRegisterhhPht                                                                      
0001d99d  _Z9I2C_Send2ahh                                                                                
0001da45  GROUP1_IRQHandler                                                                              
0001dae9  _ZN12bounding_box9collisionERS_                                                                
0001dc2f  __aeabi_ldiv0                                                                                  
0001dc31  __udivmoddi4                                                                                   
0001dcd3  _nop                                                                                           
0001dcd5  open                                                                                           
0001dd75  _Z17ST7735_InitPrintfv                                                                         
0001de11  _Z9I2C_Send1ah                                                                                 
0001dead  fputc                                                                                          
0001df49  _Z12ST7735_InitR10initRFlags                                                                   
0001dfe1  _Z15TimerG12_IntArmjj                                                                          
0001e075  __aeabi_fmul                                                                                   
0001e075  __mulsf3                                                                                       
0001e191  strcmp                                                                                         
0001e219  _Z17ST7735_DrawStringttPcs                                                                     
0001e29d  __aeabi_fdiv                                                                                   
0001e29d  __divsf3                                                                                       
0001e321  TIMG12_IRQHandler                                                                              
0001e39d  _Z14LaunchPad_Initv                                                                            
0001e419  _ZN8SlidePot4InitEv                                                                            
[...]
0001f551  __TI_readmsg                                                                                   
0001f585  __TI_writemsg                                                                                  
0001f5b1  C$$IO$$                                                                                        
0001f5b9  exit                                                                                           
0001f5ed  finddevice                                                                                     
0001f621  freopen                                                                                        
0001f685  fopen                                                                                          
0001f6b5  _Z17ST7735_FillScreent                                                                         
0001f6e1  _Z8LED_Initv                                                                                   
0001f70d  __aeabi_i2d                                                                                    
0001f70d  __floatsidf                                                                                    
0001f739  unlink                                                                                         
0001f765  _Z11Switch_Initv                                                                               
0001f78d  _ZN9asteroidsD1Ev                                                                              
0001f78d  _ZN9asteroidsD2Ev                                                                              
0001f7b5  __aeabi_ui2f                                                                                   
0001f7b5  __floatunsisf                                                                                  
0001f805  lseek                                                                                          
0001f82d  write                                                                                          
0001f855  _c_int00_noargs                                                                                
0001f8a5  _Z14soundPlayShootv                                                                            
0001f8c9  _Z15soundPlayGroovyv                                                                           
0001f8ed  _Z15soundPlayRadialv                                                                           
0001f911  _Z9Switch_Inv                                                                                  
0001f935  _ZN12bounding_boxC1Eiiii                                                                       
0001f935  _ZN12bounding_boxC2Eiiii                                                                       
0001f959  _ZN8SlidePot7ConvertEj                                                                         
0001f97d  _ZN9asteroids15update_positionEv                                                               
0001f9a1  __aeabi_lmul                                                                                   
0001f9a1  __muldi3                                                                                       
0001f9c5  memccpy                                                                                        
0001f9e7  _ZN8SlidePot4SyncEv                                                                            
0001fa25  __aeabi_llsl                                                                                   
0001fa25  __ashldi3                                                                                      
0001fa45  ADC0_IRQHandler                                                                                
0001fa45  ADC1_IRQHandler                                                                                
0001fa45  AES_IRQHandler                                                                                 
0001fa45  CANFD0_IRQHandler                                                                              
0001fa45  DAC0_IRQHandler                                                                                
0001fa45  DMA_IRQHandler                                                                                 
0001fa45  Default_Handler                                                                                
0001fa45  GROUP0_IRQHandler                                                                              
0001fa45  I2C0_IRQHandler                                                                                
0001fa45  I2C1_IRQHandler                                                                                
0001fa45  NMI_Handler                                                                                    
0001fa45  PendSV_Handler                                                                                 
0001fa45  RTC_IRQHandler                                                                                 
0001fa45  SPI0_IRQHandler                                                                                
0001fa45  SPI1_IRQHandler                                                                                
0001fa45  SVC_Handler                                                                                    
0001fa45  TIMA0_IRQHandler                                                                               
0001fa45  TIMA1_IRQHandler                                                                               
0001fa45  TIMG0_IRQHandler                                                                               
0001fa45  TIMG6_IRQHandler                                                                               
0001fa45  TIMG8_IRQHandler                                                                               
0001fa45  UART0_IRQHandler                                                                               
0001fa45  UART1_IRQHandler                                                                               
0001fa45  UART2_IRQHandler                                                                               
0001fa45  UART3_IRQHandler                                                                               
0001fa61  HardFault_Handler                                                                              
0001fa7d  _Z8DAC5_Outj                                                                                   
0001fab5  _Z10LED_Togglej                                                                                
0001facd  _Z6LED_Onj                                                                                     
0001fae5  _Z7LED_Offj                                                                                    
0001fb15  _Z11ST7735_openPKcji                                                                           
0001fb2b  _Z11ST7735_readiPcj                                                                            
0001fb41  _ZN8SlidePotC1Ejj                                                                              
0001fb41  _ZN8SlidePotC2Ejj                                                                              
0001fb57  __TI_zero_init_nomemset                                                                        
0001fb6d  _Z9soundStopv                                                                                  
0001fb81  _ZN12bounding_boxC1Ev                                                                          
0001fb81  _ZN12bounding_boxC2Ev                                                                          
0001fb95  _ZN8SlidePot4SaveEj                                                                            
0001fba9  _ZNSt3__16__math4sqrtB8nn180100IiTnNS_9enable_ifIXsr11is_integralIT_EE5valueEiE4typeELi0EEEdS3_
0001fbbd  _Znwj                                                                                          
0001fbd1  __aeabi_uldivmod                                                                               
0001fbe5  TI_memcpy_small                                                                                
0001fbf7  __TI_decompress_none                                                                           
0001fc09  _Z11Clock_Delayj                                                                               
0001fc19  wcslen                                                                                         
0001fc37  _Z12ST7735_lseekili                                                                            
0001fc45  __aeabi_memset                                                                                 
0001fc45  __aeabi_memset4                                                                                
0001fc45  __aeabi_memset8                                                                                
0001fc7d  TI_memset_small                                                                                
0001fc8d  _Z10Clock_Freqv                                                                                
0001fc99  _Z13ST7735_renamePKcS0_                                                                        
0001fca5  _Z22__throw_bad_alloc_shimv                                                                    
0001fcb1  _ZN12bounding_box5get_hEv                                                                      
0001fcbd  _ZN12bounding_box5get_wEv                                                                      
0001fcc9  _ZN12bounding_box5get_xEv                                                                      
0001fcd5  _ZN12bounding_box5get_yEv                                                                      
0001fce1  _ZSt15get_new_handlerv                                                                         
0001fced  __aeabi_memclr                                                                                 
0001fced  __aeabi_memclr4                                                                                
0001fced  __aeabi_memclr8                                                                                
0001fcf9  malloc                                                                                         
0001fd05  _Z12ST7735_closei                                                                              
0001fd0f  _Z13ST7735_unlinkPKc                                                                           
0001fd19  _Z8PLL_Initv                                                                                   
0001fd23  _ZdlPv                                                                                         
0001fd2d  __aeabi_errno_addr                                                                             
0001fd35  __aeabi_memcpy                                                                                 
0001fd35  __aeabi_memcpy4                                                                                
0001fd35  __aeabi_memcpy8                                                                                
0001fd4d  fseek                                                                                          
0001fd55  remove                                                                                         
0001fd5d  Reset_Handler                                                                                  
0001fd61  abort_message                                                                                  
0001fd64  C$$EXIT                                                                                        
0001fd65  abort                                                                                          
0001fd70  SHT$$INIT_ARRAY$$Base                                                                          
0001fd74  SHT$$INIT_ARRAY$$Limit                                                                         
0001ff44  __TI_Handler_Table_Base                                                                        
0001ff50  __TI_Handler_Table_Limit                                                                       
0001ff58  __TI_CINIT_Base                                                                                
0001ff68  __TI_CINIT_Limit                                                                               
0001ff68  __TI_CINIT_Warm                                                                                
20200000  __start___llvm_prf_bits                                                                        
20200000  __start___llvm_prf_cnts                                                                        
20200000  __stop___llvm_prf_bits                                                                         
20200000  __stop___llvm_prf_cnts                                                                         
20200000  _ftable                                                                                        
202000f0  _device                                                                                        
20200168  stillStars                                                                                     
202001d8  which_zones                                                                                    
2020022c  zone1                                                                                          
20200280  zone2                                                                                          
202002d4  zone3                                                                                          
20200328  _stream                                                                                        
20200378  fastStars                                                                                      
202003c8  slowstars                                                                                      
20200418  Sensor                                                                                         
2020042c  __TI_cleanup_ptr                                                                               
20200430  __TI_dtors_ptr                                                                                 
20200434  BusFreq                                                                                        
20200438  StX                                                                                            
2020043c  StY                                                                                            
20200440  Time                                                                                           
20200444  __TI_ft_end                                                                                    
20200448  __aeabi_errno                                                                                  
2020044c  __cxa_new_handler                                                                              
20200450  _lock                                                                                          
20200454  _unlock                                                                                        
20200458  explosion_x                                                                                    
2020045c  explosion_y                                                                                    
20200460  freq_counter                                                                                   
20200464  global_timer                                                                                   
20200468  groovy_index                                                                                   
2020046c  index2                                                                                         
20200470  index                                                                                          
20200478  s1                                                                                             
2020047c  s2                                                                                             
20200480  s3                                                                                             
20200484  spawn1                                                                                         
20200488  spawn2                                                                                         
2020048c  spawn3                                                                                         
20200490  z                                                                                              
20200494  StTextColor                                                                                    
2020049a  ENGLISH_OR_SPANISH                                                                             
2020049b  explosion                                                                                      
2020049d  turbo1                                                                                         
2020049e  turbo2                                                                                         
2020049f  weapon1                                                                                        
202004a1  weapon2                                                                                        
202004a8  _CIOBUF_                                                                                       
202004a8  __CIOBUF_                                                                                      
202005c8  __TI_tmpnams                                                                                   
20200668  oldfastStars                                                                                   
202006b8  oldslowstars                                                                                   
20200708  parmbuf                                                                                        
20200710  I2C_error                                                                                      
20200714  TExaSLogic                                                                                     
20200718  TExaSadc                                                                                       
2020071c  slide_pot_data                                                                                 
20200724  gyro_x                                                                                         
20200726  gyro_y                                                                                         
20200728  gyro_z                                                                                         
20200730  _sys_memory                                                                                    
20207e00  __stack                                                                                        
20208000  __STACK_END                                                                                    
ffffffff  __TI_pprof_out_hndl                                                                            
ffffffff  __TI_prof_data_size                                                                            
ffffffff  __TI_prof_data_start                                                                           
ffffffff  __binit__                                                                                      
ffffffff  binit                                                                                          
UNDEFED   __mpu_init                                                                                     
UNDEFED   _system_post_cinit                                                                             

[322 symbols]
