<?xml version="1.0" encoding="ISO-8859-1" ?>
<link_info>
   <banner>TI ARM Clang Linker PC v4.0.1.LTS</banner>
   <copyright>Copyright (c) 1996-2018 Texas Instruments Incorporated</copyright>
   <command_line>C:\ti\ccs2000\ccs\tools\compiler\ti-cgt-armllvm_4.0.1.LTS\bin\tiarmlnk -IC:\ti\ccs2000\ccs\tools\compiler\ti-cgt-armllvm_4.0.1.LTS\lib -o ECE319K_Lab9H.out -mECE319K_Lab9H.map --heap_size=512 --stack_size=512 -iC:/Users/samue/Documents/MSPM0_ValvanoWare/ECE319K_Lab9H/Debug/syscfg -iC:/ti/ccs2000/ccs/tools/compiler/ti-cgt-armllvm_4.0.1.LTS/lib --diag_wrap=off --display_error_number --warn_sections --xml_link_info=ECE319K_Lab9H_linkInfo.xml --rom_model ./Clock.o ./DAC5.o ./EdgeTriggeredInt.o ./I2C.o ./LED.o ./Lab9HMain.o ./LaunchPad.o ./Player.o ./SPI.o ./ST7735.o ./SlidePot.o ./SmallFont.o ./Sound.o ./Stars.o ./Switch.o ./TExaS.o ./Timer.o ./aliens.o ./asteroids.o ./bounding_box.o ./enemy_spawner.o ./projectile.o ./images/pipedreams/PipeSound.o ./ticlang/startup_mspm0g3507_ticlang.o ../mspm0g3507.cmd -lC:/ti/mspm0_sdk_2_03_00_07/source/ti/driverlib/lib/ticlang/m0p/mspm0g1x0x_g3x0x/driverlib.a -llibc.a --start-group -llibc++.a -llibc++abi.a -llibc.a -llibsys.a -llibsysbm.a -llibclang_rt.builtins.a -llibclang_rt.profile.a --end-group --cg_opt_level=0</command_line>
   <link_time>0x6805f818</link_time>
   <link_errors>0x0</link_errors>
   <output_file>C:\Users\samue\Documents\MSPM0_ValvanoWare\ECE319K_Lab9H\Debug\ECE319K_Lab9H.out</output_file>
   <entry_point>
      <name>_c_int00_noargs</name>
      <address>0x7785</address>
   </entry_point>
   <input_file_list>
      <input_file id="fl-1">
         <path>C:\Users\samue\Documents\MSPM0_ValvanoWare\ECE319K_Lab9H\Debug\.\</path>
         <kind>object</kind>
         <file>Clock.o</file>
         <name>Clock.o</name>
      </input_file>
      <input_file id="fl-2">
         <path>C:\Users\samue\Documents\MSPM0_ValvanoWare\ECE319K_Lab9H\Debug\.\</path>
         <kind>object</kind>
         <file>DAC5.o</file>
         <name>DAC5.o</name>
      </input_file>
      <input_file id="fl-3">
         <path>C:\Users\samue\Documents\MSPM0_ValvanoWare\ECE319K_Lab9H\Debug\.\</path>
         <kind>object</kind>
         <file>EdgeTriggeredInt.o</file>
         <name>EdgeTriggeredInt.o</name>
      </input_file>
      <input_file id="fl-4">
         <path>C:\Users\samue\Documents\MSPM0_ValvanoWare\ECE319K_Lab9H\Debug\.\</path>
         <kind>object</kind>
         <file>I2C.o</file>
         <name>I2C.o</name>
      </input_file>
      <input_file id="fl-5">
         <path>C:\Users\samue\Documents\MSPM0_ValvanoWare\ECE319K_Lab9H\Debug\.\</path>
         <kind>object</kind>
         <file>LED.o</file>
         <name>LED.o</name>
      </input_file>
      <input_file id="fl-6">
         <path>C:\Users\samue\Documents\MSPM0_ValvanoWare\ECE319K_Lab9H\Debug\.\</path>
         <kind>object</kind>
         <file>Lab9HMain.o</file>
         <name>Lab9HMain.o</name>
      </input_file>
      <input_file id="fl-7">
         <path>C:\Users\samue\Documents\MSPM0_ValvanoWare\ECE319K_Lab9H\Debug\.\</path>
         <kind>object</kind>
         <file>LaunchPad.o</file>
         <name>LaunchPad.o</name>
      </input_file>
      <input_file id="fl-8">
         <path>C:\Users\samue\Documents\MSPM0_ValvanoWare\ECE319K_Lab9H\Debug\.\</path>
         <kind>object</kind>
         <file>Player.o</file>
         <name>Player.o</name>
      </input_file>
      <input_file id="fl-9">
         <path>C:\Users\samue\Documents\MSPM0_ValvanoWare\ECE319K_Lab9H\Debug\.\</path>
         <kind>object</kind>
         <file>SPI.o</file>
         <name>SPI.o</name>
      </input_file>
      <input_file id="fl-a">
         <path>C:\Users\samue\Documents\MSPM0_ValvanoWare\ECE319K_Lab9H\Debug\.\</path>
         <kind>object</kind>
         <file>ST7735.o</file>
         <name>ST7735.o</name>
      </input_file>
      <input_file id="fl-b">
         <path>C:\Users\samue\Documents\MSPM0_ValvanoWare\ECE319K_Lab9H\Debug\.\</path>
         <kind>object</kind>
         <file>SlidePot.o</file>
         <name>SlidePot.o</name>
      </input_file>
      <input_file id="fl-c">
         <path>C:\Users\samue\Documents\MSPM0_ValvanoWare\ECE319K_Lab9H\Debug\.\</path>
         <kind>object</kind>
         <file>SmallFont.o</file>
         <name>SmallFont.o</name>
      </input_file>
      <input_file id="fl-d">
         <path>C:\Users\samue\Documents\MSPM0_ValvanoWare\ECE319K_Lab9H\Debug\.\</path>
         <kind>object</kind>
         <file>Sound.o</file>
         <name>Sound.o</name>
      </input_file>
      <input_file id="fl-e">
         <path>C:\Users\samue\Documents\MSPM0_ValvanoWare\ECE319K_Lab9H\Debug\.\</path>
         <kind>object</kind>
         <file>Stars.o</file>
         <name>Stars.o</name>
      </input_file>
      <input_file id="fl-f">
         <path>C:\Users\samue\Documents\MSPM0_ValvanoWare\ECE319K_Lab9H\Debug\.\</path>
         <kind>object</kind>
         <file>Switch.o</file>
         <name>Switch.o</name>
      </input_file>
      <input_file id="fl-10">
         <path>C:\Users\samue\Documents\MSPM0_ValvanoWare\ECE319K_Lab9H\Debug\.\</path>
         <kind>object</kind>
         <file>TExaS.o</file>
         <name>TExaS.o</name>
      </input_file>
      <input_file id="fl-11">
         <path>C:\Users\samue\Documents\MSPM0_ValvanoWare\ECE319K_Lab9H\Debug\.\</path>
         <kind>object</kind>
         <file>Timer.o</file>
         <name>Timer.o</name>
      </input_file>
      <input_file id="fl-12">
         <path>C:\Users\samue\Documents\MSPM0_ValvanoWare\ECE319K_Lab9H\Debug\.\</path>
         <kind>object</kind>
         <file>aliens.o</file>
         <name>aliens.o</name>
      </input_file>
      <input_file id="fl-13">
         <path>C:\Users\samue\Documents\MSPM0_ValvanoWare\ECE319K_Lab9H\Debug\.\</path>
         <kind>object</kind>
         <file>asteroids.o</file>
         <name>asteroids.o</name>
      </input_file>
      <input_file id="fl-14">
         <path>C:\Users\samue\Documents\MSPM0_ValvanoWare\ECE319K_Lab9H\Debug\.\</path>
         <kind>object</kind>
         <file>bounding_box.o</file>
         <name>bounding_box.o</name>
      </input_file>
      <input_file id="fl-15">
         <path>C:\Users\samue\Documents\MSPM0_ValvanoWare\ECE319K_Lab9H\Debug\.\</path>
         <kind>object</kind>
         <file>enemy_spawner.o</file>
         <name>enemy_spawner.o</name>
      </input_file>
      <input_file id="fl-16">
         <path>C:\Users\samue\Documents\MSPM0_ValvanoWare\ECE319K_Lab9H\Debug\.\</path>
         <kind>object</kind>
         <file>projectile.o</file>
         <name>projectile.o</name>
      </input_file>
      <input_file id="fl-17">
         <path>C:\Users\samue\Documents\MSPM0_ValvanoWare\ECE319K_Lab9H\Debug\.\images\pipedreams\</path>
         <kind>object</kind>
         <file>PipeSound.o</file>
         <name>PipeSound.o</name>
      </input_file>
      <input_file id="fl-18">
         <path>C:\Users\samue\Documents\MSPM0_ValvanoWare\ECE319K_Lab9H\Debug\.\ticlang\</path>
         <kind>object</kind>
         <file>startup_mspm0g3507_ticlang.o</file>
         <name>startup_mspm0g3507_ticlang.o</name>
      </input_file>
      <input_file id="fl-24">
         <path>C:\Users\samue\Documents\MSPM0_ValvanoWare\ECE319K_Lab9H\Debug\</path>
         <kind>object</kind>
         <file>&lt;internal&gt;</file>
         <name>&lt;internal&gt;</name>
      </input_file>
      <input_file id="fl-39">
         <path>C:\ti\ccs2000\ccs\tools\compiler\ti-cgt-armllvm_4.0.1.LTS\lib\armv6m-ti-none-eabi\c\</path>
         <kind>archive</kind>
         <file>libc.a</file>
         <name>e_sqrt.c.obj</name>
      </input_file>
      <input_file id="fl-3a">
         <path>C:\ti\ccs2000\ccs\tools\compiler\ti-cgt-armllvm_4.0.1.LTS\lib\armv6m-ti-none-eabi\c\</path>
         <kind>archive</kind>
         <file>libc.a</file>
         <name>printf.c.obj</name>
      </input_file>
      <input_file id="fl-3b">
         <path>C:\ti\ccs2000\ccs\tools\compiler\ti-cgt-armllvm_4.0.1.LTS\lib\armv6m-ti-none-eabi\c\</path>
         <kind>archive</kind>
         <file>libc.a</file>
         <name>_printfi.c.obj</name>
      </input_file>
      <input_file id="fl-3c">
         <path>C:\ti\ccs2000\ccs\tools\compiler\ti-cgt-armllvm_4.0.1.LTS\lib\armv6m-ti-none-eabi\c\</path>
         <kind>archive</kind>
         <file>libc.a</file>
         <name>fopen.c.obj</name>
      </input_file>
      <input_file id="fl-3d">
         <path>C:\ti\ccs2000\ccs\tools\compiler\ti-cgt-armllvm_4.0.1.LTS\lib\armv6m-ti-none-eabi\c\</path>
         <kind>archive</kind>
         <file>libc.a</file>
         <name>fputc.c.obj</name>
      </input_file>
      <input_file id="fl-3e">
         <path>C:\ti\ccs2000\ccs\tools\compiler\ti-cgt-armllvm_4.0.1.LTS\lib\armv6m-ti-none-eabi\c\</path>
         <kind>archive</kind>
         <file>libc.a</file>
         <name>fputs.c.obj</name>
      </input_file>
      <input_file id="fl-3f">
         <path>C:\ti\ccs2000\ccs\tools\compiler\ti-cgt-armllvm_4.0.1.LTS\lib\armv6m-ti-none-eabi\c\</path>
         <kind>archive</kind>
         <file>libc.a</file>
         <name>_io_perm.c.obj</name>
      </input_file>
      <input_file id="fl-40">
         <path>C:\ti\ccs2000\ccs\tools\compiler\ti-cgt-armllvm_4.0.1.LTS\lib\armv6m-ti-none-eabi\c\</path>
         <kind>archive</kind>
         <file>libc.a</file>
         <name>setvbuf.c.obj</name>
      </input_file>
      <input_file id="fl-41">
         <path>C:\ti\ccs2000\ccs\tools\compiler\ti-cgt-armllvm_4.0.1.LTS\lib\armv6m-ti-none-eabi\c\</path>
         <kind>archive</kind>
         <file>libc.a</file>
         <name>wcslen.c.obj</name>
      </input_file>
      <input_file id="fl-42">
         <path>C:\ti\ccs2000\ccs\tools\compiler\ti-cgt-armllvm_4.0.1.LTS\lib\armv6m-ti-none-eabi\c\</path>
         <kind>archive</kind>
         <file>libc.a</file>
         <name>aeabi_portable.c.obj</name>
      </input_file>
      <input_file id="fl-43">
         <path>C:\ti\ccs2000\ccs\tools\compiler\ti-cgt-armllvm_4.0.1.LTS\lib\armv6m-ti-none-eabi\c\</path>
         <kind>archive</kind>
         <file>libc.a</file>
         <name>exit.c.obj</name>
      </input_file>
      <input_file id="fl-44">
         <path>C:\ti\ccs2000\ccs\tools\compiler\ti-cgt-armllvm_4.0.1.LTS\lib\armv6m-ti-none-eabi\c\</path>
         <kind>archive</kind>
         <file>libc.a</file>
         <name>_lock.c.obj</name>
      </input_file>
      <input_file id="fl-45">
         <path>C:\ti\ccs2000\ccs\tools\compiler\ti-cgt-armllvm_4.0.1.LTS\lib\armv6m-ti-none-eabi\c\</path>
         <kind>archive</kind>
         <file>libc.a</file>
         <name>_ltoa.c.obj</name>
      </input_file>
      <input_file id="fl-46">
         <path>C:\ti\ccs2000\ccs\tools\compiler\ti-cgt-armllvm_4.0.1.LTS\lib\armv6m-ti-none-eabi\c\</path>
         <kind>archive</kind>
         <file>libc.a</file>
         <name>assert.c.obj</name>
      </input_file>
      <input_file id="fl-47">
         <path>C:\ti\ccs2000\ccs\tools\compiler\ti-cgt-armllvm_4.0.1.LTS\lib\armv6m-ti-none-eabi\c\</path>
         <kind>archive</kind>
         <file>libc.a</file>
         <name>atoi.c.obj</name>
      </input_file>
      <input_file id="fl-48">
         <path>C:\ti\ccs2000\ccs\tools\compiler\ti-cgt-armllvm_4.0.1.LTS\lib\armv6m-ti-none-eabi\c\</path>
         <kind>archive</kind>
         <file>libc.a</file>
         <name>defs.c.obj</name>
      </input_file>
      <input_file id="fl-49">
         <path>C:\ti\ccs2000\ccs\tools\compiler\ti-cgt-armllvm_4.0.1.LTS\lib\armv6m-ti-none-eabi\c\</path>
         <kind>archive</kind>
         <file>libc.a</file>
         <name>memccpy.c.obj</name>
      </input_file>
      <input_file id="fl-4a">
         <path>C:\ti\ccs2000\ccs\tools\compiler\ti-cgt-armllvm_4.0.1.LTS\lib\armv6m-ti-none-eabi\c\</path>
         <kind>archive</kind>
         <file>libc.a</file>
         <name>memory.c.obj</name>
      </input_file>
      <input_file id="fl-4b">
         <path>C:\ti\ccs2000\ccs\tools\compiler\ti-cgt-armllvm_4.0.1.LTS\lib\armv6m-ti-none-eabi\c\</path>
         <kind>archive</kind>
         <file>libc.a</file>
         <name>rand.c.obj</name>
      </input_file>
      <input_file id="fl-4c">
         <path>C:\ti\ccs2000\ccs\tools\compiler\ti-cgt-armllvm_4.0.1.LTS\lib\armv6m-ti-none-eabi\c\</path>
         <kind>archive</kind>
         <file>libc.a</file>
         <name>copy_zero_init.c.obj</name>
      </input_file>
      <input_file id="fl-4d">
         <path>C:\ti\ccs2000\ccs\tools\compiler\ti-cgt-armllvm_4.0.1.LTS\lib\armv6m-ti-none-eabi\c\</path>
         <kind>archive</kind>
         <file>libc.a</file>
         <name>copy_decompress_none.c.obj</name>
      </input_file>
      <input_file id="fl-4e">
         <path>C:\ti\ccs2000\ccs\tools\compiler\ti-cgt-armllvm_4.0.1.LTS\lib\armv6m-ti-none-eabi\c\</path>
         <kind>archive</kind>
         <file>libc.a</file>
         <name>copy_decompress_lzss.c.obj</name>
      </input_file>
      <input_file id="fl-4f">
         <path>C:\ti\ccs2000\ccs\tools\compiler\ti-cgt-armllvm_4.0.1.LTS\lib\armv6m-ti-none-eabi\c\</path>
         <kind>archive</kind>
         <file>libc.a</file>
         <name>boot_cortex_m.c.obj</name>
      </input_file>
      <input_file id="fl-50">
         <path>C:\ti\ccs2000\ccs\tools\compiler\ti-cgt-armllvm_4.0.1.LTS\lib\armv6m-ti-none-eabi\c\</path>
         <kind>archive</kind>
         <file>libc.a</file>
         <name>mathacl_init.c.obj</name>
      </input_file>
      <input_file id="fl-51">
         <path>C:\ti\ccs2000\ccs\tools\compiler\ti-cgt-armllvm_4.0.1.LTS\lib\armv6m-ti-none-eabi\c\</path>
         <kind>archive</kind>
         <file>libc.a</file>
         <name>s_frexp.c.obj</name>
      </input_file>
      <input_file id="fl-52">
         <path>C:\ti\ccs2000\ccs\tools\compiler\ti-cgt-armllvm_4.0.1.LTS\lib\armv6m-ti-none-eabi\c\</path>
         <kind>archive</kind>
         <file>libc.a</file>
         <name>s_scalbn.c.obj</name>
      </input_file>
      <input_file id="fl-53">
         <path>C:\ti\ccs2000\ccs\tools\compiler\ti-cgt-armllvm_4.0.1.LTS\lib\armv6m-ti-none-eabi\c\</path>
         <kind>archive</kind>
         <file>libc.a</file>
         <name>sprintf.c.obj</name>
      </input_file>
      <input_file id="fl-54">
         <path>C:\ti\ccs2000\ccs\tools\compiler\ti-cgt-armllvm_4.0.1.LTS\lib\armv6m-ti-none-eabi\c\</path>
         <kind>archive</kind>
         <file>libc.a</file>
         <name>fclose.c.obj</name>
      </input_file>
      <input_file id="fl-55">
         <path>C:\ti\ccs2000\ccs\tools\compiler\ti-cgt-armllvm_4.0.1.LTS\lib\armv6m-ti-none-eabi\c\</path>
         <kind>archive</kind>
         <file>libc.a</file>
         <name>fflush.c.obj</name>
      </input_file>
      <input_file id="fl-56">
         <path>C:\ti\ccs2000\ccs\tools\compiler\ti-cgt-armllvm_4.0.1.LTS\lib\armv6m-ti-none-eabi\c\</path>
         <kind>archive</kind>
         <file>libc.a</file>
         <name>fseek.c.obj</name>
      </input_file>
      <input_file id="fl-57">
         <path>C:\ti\ccs2000\ccs\tools\compiler\ti-cgt-armllvm_4.0.1.LTS\lib\armv6m-ti-none-eabi\c\</path>
         <kind>archive</kind>
         <file>libc.a</file>
         <name>aeabi_ctype.S.obj</name>
      </input_file>
      <input_file id="fl-58">
         <path>C:\ti\ccs2000\ccs\tools\compiler\ti-cgt-armllvm_4.0.1.LTS\lib\armv6m-ti-none-eabi\c\</path>
         <kind>archive</kind>
         <file>libc.a</file>
         <name>args_main.c.obj</name>
      </input_file>
      <input_file id="fl-59">
         <path>C:\ti\ccs2000\ccs\tools\compiler\ti-cgt-armllvm_4.0.1.LTS\lib\armv6m-ti-none-eabi\c\</path>
         <kind>archive</kind>
         <file>libc.a</file>
         <name>autoinit.c.obj</name>
      </input_file>
      <input_file id="fl-5a">
         <path>C:\ti\ccs2000\ccs\tools\compiler\ti-cgt-armllvm_4.0.1.LTS\lib\armv6m-ti-none-eabi\c\</path>
         <kind>archive</kind>
         <file>libc.a</file>
         <name>pre_init.c.obj</name>
      </input_file>
      <input_file id="fl-5b">
         <path>C:\ti\ccs2000\ccs\tools\compiler\ti-cgt-armllvm_4.0.1.LTS\lib\armv6m-ti-none-eabi\c\</path>
         <kind>archive</kind>
         <file>libc.a</file>
         <name>cpy_tbl.c.obj</name>
      </input_file>
      <input_file id="fl-f1">
         <path>C:\ti\ccs2000\ccs\tools\compiler\ti-cgt-armllvm_4.0.1.LTS\lib\armv6m-ti-none-eabi\</path>
         <kind>archive</kind>
         <file>libc++abi.a</file>
         <name>stdlib_new_delete.cpp.obj</name>
      </input_file>
      <input_file id="fl-f2">
         <path>C:\ti\ccs2000\ccs\tools\compiler\ti-cgt-armllvm_4.0.1.LTS\lib\armv6m-ti-none-eabi\</path>
         <kind>archive</kind>
         <file>libc++abi.a</file>
         <name>cxa_handlers.cpp.obj</name>
      </input_file>
      <input_file id="fl-f3">
         <path>C:\ti\ccs2000\ccs\tools\compiler\ti-cgt-armllvm_4.0.1.LTS\lib\armv6m-ti-none-eabi\</path>
         <kind>archive</kind>
         <file>libc++abi.a</file>
         <name>abort_message.cpp.obj</name>
      </input_file>
      <input_file id="fl-f4">
         <path>C:\ti\ccs2000\ccs\tools\compiler\ti-cgt-armllvm_4.0.1.LTS\lib\armv6m-ti-none-eabi\</path>
         <kind>archive</kind>
         <file>libc++abi.a</file>
         <name>cxa_default_handlers.cpp.obj</name>
      </input_file>
      <input_file id="fl-f5">
         <path>C:\ti\ccs2000\ccs\tools\compiler\ti-cgt-armllvm_4.0.1.LTS\lib\armv6m-ti-none-eabi\c\</path>
         <kind>archive</kind>
         <file>libsysbm.a</file>
         <name>write.c.obj</name>
      </input_file>
      <input_file id="fl-f6">
         <path>C:\ti\ccs2000\ccs\tools\compiler\ti-cgt-armllvm_4.0.1.LTS\lib\armv6m-ti-none-eabi\c\</path>
         <kind>archive</kind>
         <file>libsysbm.a</file>
         <name>host_device.c.obj</name>
      </input_file>
      <input_file id="fl-f7">
         <path>C:\ti\ccs2000\ccs\tools\compiler\ti-cgt-armllvm_4.0.1.LTS\lib\armv6m-ti-none-eabi\c\</path>
         <kind>archive</kind>
         <file>libsysbm.a</file>
         <name>remove.c.obj</name>
      </input_file>
      <input_file id="fl-f8">
         <path>C:\ti\ccs2000\ccs\tools\compiler\ti-cgt-armllvm_4.0.1.LTS\lib\armv6m-ti-none-eabi\c\</path>
         <kind>archive</kind>
         <file>libsysbm.a</file>
         <name>open.c.obj</name>
      </input_file>
      <input_file id="fl-f9">
         <path>C:\ti\ccs2000\ccs\tools\compiler\ti-cgt-armllvm_4.0.1.LTS\lib\armv6m-ti-none-eabi\c\</path>
         <kind>archive</kind>
         <file>libsysbm.a</file>
         <name>lseek.c.obj</name>
      </input_file>
      <input_file id="fl-fa">
         <path>C:\ti\ccs2000\ccs\tools\compiler\ti-cgt-armllvm_4.0.1.LTS\lib\armv6m-ti-none-eabi\c\</path>
         <kind>archive</kind>
         <file>libsysbm.a</file>
         <name>close.c.obj</name>
      </input_file>
      <input_file id="fl-fb">
         <path>C:\ti\ccs2000\ccs\tools\compiler\ti-cgt-armllvm_4.0.1.LTS\lib\armv6m-ti-none-eabi\c\</path>
         <kind>archive</kind>
         <file>libsysbm.a</file>
         <name>add_device.c.obj</name>
      </input_file>
      <input_file id="fl-fc">
         <path>C:\ti\ccs2000\ccs\tools\compiler\ti-cgt-armllvm_4.0.1.LTS\lib\armv6m-ti-none-eabi\c\</path>
         <kind>archive</kind>
         <file>libsysbm.a</file>
         <name>unlink.c.obj</name>
      </input_file>
      <input_file id="fl-fd">
         <path>C:\ti\ccs2000\ccs\tools\compiler\ti-cgt-armllvm_4.0.1.LTS\lib\armv6m-ti-none-eabi\c\</path>
         <kind>archive</kind>
         <file>libsysbm.a</file>
         <name>hostclose.c.obj</name>
      </input_file>
      <input_file id="fl-fe">
         <path>C:\ti\ccs2000\ccs\tools\compiler\ti-cgt-armllvm_4.0.1.LTS\lib\armv6m-ti-none-eabi\c\</path>
         <kind>archive</kind>
         <file>libsysbm.a</file>
         <name>hostlseek.c.obj</name>
      </input_file>
      <input_file id="fl-ff">
         <path>C:\ti\ccs2000\ccs\tools\compiler\ti-cgt-armllvm_4.0.1.LTS\lib\armv6m-ti-none-eabi\c\</path>
         <kind>archive</kind>
         <file>libsysbm.a</file>
         <name>hostopen.c.obj</name>
      </input_file>
      <input_file id="fl-100">
         <path>C:\ti\ccs2000\ccs\tools\compiler\ti-cgt-armllvm_4.0.1.LTS\lib\armv6m-ti-none-eabi\c\</path>
         <kind>archive</kind>
         <file>libsysbm.a</file>
         <name>hostread.c.obj</name>
      </input_file>
      <input_file id="fl-101">
         <path>C:\ti\ccs2000\ccs\tools\compiler\ti-cgt-armllvm_4.0.1.LTS\lib\armv6m-ti-none-eabi\c\</path>
         <kind>archive</kind>
         <file>libsysbm.a</file>
         <name>hostrename.c.obj</name>
      </input_file>
      <input_file id="fl-102">
         <path>C:\ti\ccs2000\ccs\tools\compiler\ti-cgt-armllvm_4.0.1.LTS\lib\armv6m-ti-none-eabi\c\</path>
         <kind>archive</kind>
         <file>libsysbm.a</file>
         <name>hostunlink.c.obj</name>
      </input_file>
      <input_file id="fl-103">
         <path>C:\ti\ccs2000\ccs\tools\compiler\ti-cgt-armllvm_4.0.1.LTS\lib\armv6m-ti-none-eabi\c\</path>
         <kind>archive</kind>
         <file>libsysbm.a</file>
         <name>hostwrite.c.obj</name>
      </input_file>
      <input_file id="fl-104">
         <path>C:\ti\ccs2000\ccs\tools\compiler\ti-cgt-armllvm_4.0.1.LTS\lib\armv6m-ti-none-eabi\c\</path>
         <kind>archive</kind>
         <file>libsysbm.a</file>
         <name>trgmsg.c.obj</name>
      </input_file>
      <input_file id="fl-105">
         <path>C:\ti\ccs2000\ccs\tools\compiler\ti-cgt-armllvm_4.0.1.LTS\lib\armv6m-ti-none-eabi\</path>
         <kind>archive</kind>
         <file>libclang_rt.builtins.a</file>
         <name>adddf3.S.obj</name>
      </input_file>
      <input_file id="fl-106">
         <path>C:\ti\ccs2000\ccs\tools\compiler\ti-cgt-armllvm_4.0.1.LTS\lib\armv6m-ti-none-eabi\</path>
         <kind>archive</kind>
         <file>libclang_rt.builtins.a</file>
         <name>muldf3.S.obj</name>
      </input_file>
      <input_file id="fl-107">
         <path>C:\ti\ccs2000\ccs\tools\compiler\ti-cgt-armllvm_4.0.1.LTS\lib\armv6m-ti-none-eabi\</path>
         <kind>archive</kind>
         <file>libclang_rt.builtins.a</file>
         <name>muldsi3.S.obj</name>
      </input_file>
      <input_file id="fl-108">
         <path>C:\ti\ccs2000\ccs\tools\compiler\ti-cgt-armllvm_4.0.1.LTS\lib\armv6m-ti-none-eabi\</path>
         <kind>archive</kind>
         <file>libclang_rt.builtins.a</file>
         <name>mulsf3.S.obj</name>
      </input_file>
      <input_file id="fl-109">
         <path>C:\ti\ccs2000\ccs\tools\compiler\ti-cgt-armllvm_4.0.1.LTS\lib\armv6m-ti-none-eabi\</path>
         <kind>archive</kind>
         <file>libclang_rt.builtins.a</file>
         <name>divsf3.S.obj</name>
      </input_file>
      <input_file id="fl-10a">
         <path>C:\ti\ccs2000\ccs\tools\compiler\ti-cgt-armllvm_4.0.1.LTS\lib\armv6m-ti-none-eabi\</path>
         <kind>archive</kind>
         <file>libclang_rt.builtins.a</file>
         <name>divdf3.S.obj</name>
      </input_file>
      <input_file id="fl-10b">
         <path>C:\ti\ccs2000\ccs\tools\compiler\ti-cgt-armllvm_4.0.1.LTS\lib\armv6m-ti-none-eabi\</path>
         <kind>archive</kind>
         <file>libclang_rt.builtins.a</file>
         <name>fixdfsi.S.obj</name>
      </input_file>
      <input_file id="fl-10c">
         <path>C:\ti\ccs2000\ccs\tools\compiler\ti-cgt-armllvm_4.0.1.LTS\lib\armv6m-ti-none-eabi\</path>
         <kind>archive</kind>
         <file>libclang_rt.builtins.a</file>
         <name>fixsfsi.S.obj</name>
      </input_file>
      <input_file id="fl-10d">
         <path>C:\ti\ccs2000\ccs\tools\compiler\ti-cgt-armllvm_4.0.1.LTS\lib\armv6m-ti-none-eabi\</path>
         <kind>archive</kind>
         <file>libclang_rt.builtins.a</file>
         <name>floatsidf.S.obj</name>
      </input_file>
      <input_file id="fl-10e">
         <path>C:\ti\ccs2000\ccs\tools\compiler\ti-cgt-armllvm_4.0.1.LTS\lib\armv6m-ti-none-eabi\</path>
         <kind>archive</kind>
         <file>libclang_rt.builtins.a</file>
         <name>floatsisf.S.obj</name>
      </input_file>
      <input_file id="fl-10f">
         <path>C:\ti\ccs2000\ccs\tools\compiler\ti-cgt-armllvm_4.0.1.LTS\lib\armv6m-ti-none-eabi\</path>
         <kind>archive</kind>
         <file>libclang_rt.builtins.a</file>
         <name>floatunsidf.S.obj</name>
      </input_file>
      <input_file id="fl-110">
         <path>C:\ti\ccs2000\ccs\tools\compiler\ti-cgt-armllvm_4.0.1.LTS\lib\armv6m-ti-none-eabi\</path>
         <kind>archive</kind>
         <file>libclang_rt.builtins.a</file>
         <name>floatunsisf.S.obj</name>
      </input_file>
      <input_file id="fl-111">
         <path>C:\ti\ccs2000\ccs\tools\compiler\ti-cgt-armllvm_4.0.1.LTS\lib\armv6m-ti-none-eabi\</path>
         <kind>archive</kind>
         <file>libclang_rt.builtins.a</file>
         <name>muldi3.S.obj</name>
      </input_file>
      <input_file id="fl-112">
         <path>C:\ti\ccs2000\ccs\tools\compiler\ti-cgt-armllvm_4.0.1.LTS\lib\armv6m-ti-none-eabi\</path>
         <kind>archive</kind>
         <file>libclang_rt.builtins.a</file>
         <name>truncdfsf2.S.obj</name>
      </input_file>
      <input_file id="fl-113">
         <path>C:\ti\ccs2000\ccs\tools\compiler\ti-cgt-armllvm_4.0.1.LTS\lib\armv6m-ti-none-eabi\</path>
         <kind>archive</kind>
         <file>libclang_rt.builtins.a</file>
         <name>aeabi_dcmp.S.obj</name>
      </input_file>
      <input_file id="fl-114">
         <path>C:\ti\ccs2000\ccs\tools\compiler\ti-cgt-armllvm_4.0.1.LTS\lib\armv6m-ti-none-eabi\</path>
         <kind>archive</kind>
         <file>libclang_rt.builtins.a</file>
         <name>aeabi_idivmod.S.obj</name>
      </input_file>
      <input_file id="fl-115">
         <path>C:\ti\ccs2000\ccs\tools\compiler\ti-cgt-armllvm_4.0.1.LTS\lib\armv6m-ti-none-eabi\</path>
         <kind>archive</kind>
         <file>libclang_rt.builtins.a</file>
         <name>aeabi_memcpy.S.obj</name>
      </input_file>
      <input_file id="fl-116">
         <path>C:\ti\ccs2000\ccs\tools\compiler\ti-cgt-armllvm_4.0.1.LTS\lib\armv6m-ti-none-eabi\</path>
         <kind>archive</kind>
         <file>libclang_rt.builtins.a</file>
         <name>aeabi_memset.S.obj</name>
      </input_file>
      <input_file id="fl-117">
         <path>C:\ti\ccs2000\ccs\tools\compiler\ti-cgt-armllvm_4.0.1.LTS\lib\armv6m-ti-none-eabi\</path>
         <kind>archive</kind>
         <file>libclang_rt.builtins.a</file>
         <name>aeabi_uidivmod.S.obj</name>
      </input_file>
      <input_file id="fl-118">
         <path>C:\ti\ccs2000\ccs\tools\compiler\ti-cgt-armllvm_4.0.1.LTS\lib\armv6m-ti-none-eabi\</path>
         <kind>archive</kind>
         <file>libclang_rt.builtins.a</file>
         <name>aeabi_uldivmod.S.obj</name>
      </input_file>
      <input_file id="fl-119">
         <path>C:\ti\ccs2000\ccs\tools\compiler\ti-cgt-armllvm_4.0.1.LTS\lib\armv6m-ti-none-eabi\</path>
         <kind>archive</kind>
         <file>libclang_rt.builtins.a</file>
         <name>udivmoddi4.S.obj</name>
      </input_file>
      <input_file id="fl-11a">
         <path>C:\ti\ccs2000\ccs\tools\compiler\ti-cgt-armllvm_4.0.1.LTS\lib\armv6m-ti-none-eabi\</path>
         <kind>archive</kind>
         <file>libclang_rt.builtins.a</file>
         <name>ashldi3.S.obj</name>
      </input_file>
      <input_file id="fl-11b">
         <path>C:\ti\ccs2000\ccs\tools\compiler\ti-cgt-armllvm_4.0.1.LTS\lib\armv6m-ti-none-eabi\</path>
         <kind>archive</kind>
         <file>libclang_rt.builtins.a</file>
         <name>comparedf2.c.obj</name>
      </input_file>
      <input_file id="fl-11c">
         <path>C:\ti\ccs2000\ccs\tools\compiler\ti-cgt-armllvm_4.0.1.LTS\lib\armv6m-ti-none-eabi\</path>
         <kind>archive</kind>
         <file>libclang_rt.builtins.a</file>
         <name>aeabi_div0.c.obj</name>
      </input_file>
      <input_file id="fl-11d">
         <path>C:\ti\ccs2000\ccs\tools\compiler\ti-cgt-armllvm_4.0.1.LTS\lib\armv6m-ti-none-eabi\c\</path>
         <kind>archive</kind>
         <file>libc.a</file>
         <name>getdevice.c.obj</name>
      </input_file>
      <input_file id="fl-11e">
         <path>C:\ti\ccs2000\ccs\tools\compiler\ti-cgt-armllvm_4.0.1.LTS\lib\armv6m-ti-none-eabi\c\</path>
         <kind>archive</kind>
         <file>libc.a</file>
         <name>memcpy16.S.obj</name>
      </input_file>
      <input_file id="fl-11f">
         <path>C:\ti\ccs2000\ccs\tools\compiler\ti-cgt-armllvm_4.0.1.LTS\lib\armv6m-ti-none-eabi\c\</path>
         <kind>archive</kind>
         <file>libc.a</file>
         <name>memset16.S.obj</name>
      </input_file>
      <input_file id="fl-120">
         <path>C:\ti\ccs2000\ccs\tools\compiler\ti-cgt-armllvm_4.0.1.LTS\lib\armv6m-ti-none-eabi\c\</path>
         <kind>archive</kind>
         <file>libc.a</file>
         <name>strcmp-armv6m.S.obj</name>
      </input_file>
   </input_file_list>
   <object_component_list>
      <object_component id="oc-18">
         <name>.intvecs</name>
         <load_address>0x0</load_address>
         <readonly>true</readonly>
         <run_address>0x0</run_address>
         <size>0xc0</size>
         <alignment>0x4</alignment>
         <input_file_ref idref="fl-18"/>
      </object_component>
      <object_component id="oc-e5">
         <name>.text._ZN6Player13gyro_controlsEii</name>
         <load_address>0x3f40</load_address>
         <readonly>true</readonly>
         <executable>true</executable>
         <run_address>0x3f40</run_address>
         <size>0x2cc</size>
         <alignment>0x4</alignment>
         <input_file_ref idref="fl-8"/>
      </object_component>
      <object_component id="oc-161">
         <name>.text._Z17ST7735_DrawBitmapssPKtss</name>
         <load_address>0x420c</load_address>
         <readonly>true</readonly>
         <executable>true</executable>
         <run_address>0x420c</run_address>
         <size>0x210</size>
         <alignment>0x4</alignment>
         <input_file_ref idref="fl-a"/>
      </object_component>
      <object_component id="oc-9a">
         <name>.text.main</name>
         <load_address>0x441c</load_address>
         <readonly>true</readonly>
         <executable>true</executable>
         <run_address>0x441c</run_address>
         <size>0x1c8</size>
         <alignment>0x4</alignment>
         <input_file_ref idref="fl-6"/>
      </object_component>
      <object_component id="oc-113">
         <name>.text._Z15Clock_Init80MHzi</name>
         <load_address>0x45e4</load_address>
         <readonly>true</readonly>
         <executable>true</executable>
         <run_address>0x45e4</run_address>
         <size>0x1b4</size>
         <alignment>0x4</alignment>
         <input_file_ref idref="fl-1"/>
      </object_component>
      <object_component id="oc-10a">
         <name>.text._ZN6PlayerC2Ev</name>
         <load_address>0x4798</load_address>
         <readonly>true</readonly>
         <executable>true</executable>
         <run_address>0x4798</run_address>
         <size>0x1ac</size>
         <alignment>0x4</alignment>
         <input_file_ref idref="fl-8"/>
      </object_component>
      <object_component id="oc-23c">
         <name>.text._Z16ST7735_DrawCharSsscssh</name>
         <load_address>0x4944</load_address>
         <readonly>true</readonly>
         <executable>true</executable>
         <run_address>0x4944</run_address>
         <size>0x1a0</size>
         <alignment>0x4</alignment>
         <input_file_ref idref="fl-a"/>
      </object_component>
      <object_component id="oc-2a9">
         <name>.text.adddf3_subdf3</name>
         <load_address>0x4ae4</load_address>
         <readonly>true</readonly>
         <executable>true</executable>
         <run_address>0x4ae4</run_address>
         <size>0x192</size>
         <alignment>0x4</alignment>
         <input_file_ref idref="fl-105"/>
      </object_component>
      <object_component id="oc-38">
         <name>.text.SysTick_Handler</name>
         <load_address>0x4c76</load_address>
         <readonly>true</readonly>
         <executable>true</executable>
         <run_address>0x4c76</run_address>
         <size>0x2</size>
         <alignment>0x2</alignment>
         <input_file_ref idref="fl-d"/>
      </object_component>
      <object_component id="oc-ea">
         <name>.text._ZN6Player6radialEv</name>
         <load_address>0x4c78</load_address>
         <readonly>true</readonly>
         <executable>true</executable>
         <run_address>0x4c78</run_address>
         <size>0x180</size>
         <alignment>0x4</alignment>
         <input_file_ref idref="fl-8"/>
      </object_component>
      <object_component id="oc-250">
         <name>.text.sqrt</name>
         <load_address>0x4df8</load_address>
         <readonly>true</readonly>
         <executable>true</executable>
         <run_address>0x4df8</run_address>
         <size>0x170</size>
         <alignment>0x4</alignment>
         <input_file_ref idref="fl-39"/>
      </object_component>
      <object_component id="oc-1a8">
         <name>.text._openfile</name>
         <load_address>0x4f68</load_address>
         <readonly>true</readonly>
         <executable>true</executable>
         <run_address>0x4f68</run_address>
         <size>0x154</size>
         <alignment>0x4</alignment>
         <input_file_ref idref="fl-3c"/>
      </object_component>
      <object_component id="oc-16d">
         <name>.text._ZN10projectile15update_positionEv</name>
         <load_address>0x50bc</load_address>
         <readonly>true</readonly>
         <executable>true</executable>
         <run_address>0x50bc</run_address>
         <size>0x14c</size>
         <alignment>0x4</alignment>
         <input_file_ref idref="fl-16"/>
      </object_component>
      <object_component id="oc-168">
         <name>.text._ZN10projectileC2Eiiiiib</name>
         <load_address>0x5208</load_address>
         <readonly>true</readonly>
         <executable>true</executable>
         <run_address>0x5208</run_address>
         <size>0x124</size>
         <alignment>0x4</alignment>
         <input_file_ref idref="fl-16"/>
      </object_component>
      <object_component id="oc-13b">
         <name>.text._Z15ST7735_FillRectsssst</name>
         <load_address>0x532c</load_address>
         <readonly>true</readonly>
         <executable>true</executable>
         <run_address>0x532c</run_address>
         <size>0x118</size>
         <alignment>0x4</alignment>
         <input_file_ref idref="fl-a"/>
      </object_component>
      <object_component id="oc-23a">
         <name>.text.aligned_alloc</name>
         <load_address>0x5444</load_address>
         <readonly>true</readonly>
         <executable>true</executable>
         <run_address>0x5444</run_address>
         <size>0x114</size>
         <alignment>0x4</alignment>
         <input_file_ref idref="fl-4a"/>
      </object_component>
      <object_component id="oc-1f4">
         <name>.text._Z8SPI_Initv</name>
         <load_address>0x5558</load_address>
         <readonly>true</readonly>
         <executable>true</executable>
         <run_address>0x5558</run_address>
         <size>0xf8</size>
         <alignment>0x4</alignment>
         <input_file_ref idref="fl-9"/>
      </object_component>
      <object_component id="oc-11c">
         <name>.text.add_device</name>
         <load_address>0x5650</load_address>
         <readonly>true</readonly>
         <executable>true</executable>
         <run_address>0x5650</run_address>
         <size>0xec</size>
         <alignment>0x4</alignment>
         <input_file_ref idref="fl-fb"/>
      </object_component>
      <object_component id="oc-1b1">
         <name>.text.free</name>
         <load_address>0x573c</load_address>
         <readonly>true</readonly>
         <executable>true</executable>
         <run_address>0x573c</run_address>
         <size>0xe8</size>
         <alignment>0x4</alignment>
         <input_file_ref idref="fl-4a"/>
      </object_component>
      <object_component id="oc-df">
         <name>.text._Z11updateStarsv</name>
         <load_address>0x5824</load_address>
         <readonly>true</readonly>
         <executable>true</executable>
         <run_address>0x5824</run_address>
         <size>0xe4</size>
         <alignment>0x4</alignment>
         <input_file_ref idref="fl-e"/>
      </object_component>
      <object_component id="oc-2a5">
         <name>.text.__muldf3</name>
         <load_address>0x5908</load_address>
         <readonly>true</readonly>
         <executable>true</executable>
         <run_address>0x5908</run_address>
         <size>0xe4</size>
         <alignment>0x4</alignment>
         <input_file_ref idref="fl-106"/>
      </object_component>
      <object_component id="oc-127">
         <name>.text.setvbuf</name>
         <load_address>0x59ec</load_address>
         <readonly>true</readonly>
         <executable>true</executable>
         <run_address>0x59ec</run_address>
         <size>0xe0</size>
         <alignment>0x4</alignment>
         <input_file_ref idref="fl-40"/>
      </object_component>
      <object_component id="oc-de">
         <name>.text._Z9drawStarsv</name>
         <load_address>0x5acc</load_address>
         <readonly>true</readonly>
         <executable>true</executable>
         <run_address>0x5acc</run_address>
         <size>0xd4</size>
         <alignment>0x4</alignment>
         <input_file_ref idref="fl-e"/>
      </object_component>
      <object_component id="oc-1b8">
         <name>.text._Z14ST7735_OutCharc</name>
         <load_address>0x5ba0</load_address>
         <readonly>true</readonly>
         <executable>true</executable>
         <run_address>0x5ba0</run_address>
         <size>0xd0</size>
         <alignment>0x4</alignment>
         <input_file_ref idref="fl-a"/>
      </object_component>
      <object_component id="oc-e9">
         <name>.text._ZN6Player5shootEv</name>
         <load_address>0x5c70</load_address>
         <readonly>true</readonly>
         <executable>true</executable>
         <run_address>0x5c70</run_address>
         <size>0xcc</size>
         <alignment>0x4</alignment>
         <input_file_ref idref="fl-8"/>
      </object_component>
      <object_component id="oc-a9">
         <name>.text._Z16I2C_ReadRegisterhhPht</name>
         <load_address>0x5d3c</load_address>
         <readonly>true</readonly>
         <executable>true</executable>
         <run_address>0x5d3c</run_address>
         <size>0xa8</size>
         <alignment>0x4</alignment>
         <input_file_ref idref="fl-4"/>
      </object_component>
      <object_component id="oc-145">
         <name>.text._Z9I2C_Send2ahh</name>
         <load_address>0x5de4</load_address>
         <readonly>true</readonly>
         <executable>true</executable>
         <run_address>0x5de4</run_address>
         <size>0xa8</size>
         <alignment>0x4</alignment>
         <input_file_ref idref="fl-4"/>
      </object_component>
      <object_component id="oc-3d">
         <name>.text.GROUP1_IRQHandler</name>
         <load_address>0x5e8c</load_address>
         <readonly>true</readonly>
         <executable>true</executable>
         <run_address>0x5e8c</run_address>
         <size>0xa4</size>
         <alignment>0x4</alignment>
         <input_file_ref idref="fl-6"/>
      </object_component>
      <object_component id="oc-18b">
         <name>.text._ZL11commandListPKh</name>
         <load_address>0x5f30</load_address>
         <readonly>true</readonly>
         <executable>true</executable>
         <run_address>0x5f30</run_address>
         <size>0xa2</size>
         <alignment>0x2</alignment>
         <input_file_ref idref="fl-a"/>
      </object_component>
      <object_component id="oc-1c1">
         <name>.text.__aeabi_idiv0</name>
         <load_address>0x5fd2</load_address>
         <readonly>true</readonly>
         <executable>true</executable>
         <run_address>0x5fd2</run_address>
         <size>0x2</size>
         <alignment>0x2</alignment>
         <input_file_ref idref="fl-11c"/>
      </object_component>
      <object_component id="oc-222">
         <name>.text.open</name>
         <load_address>0x5fd4</load_address>
         <readonly>true</readonly>
         <executable>true</executable>
         <run_address>0x5fd4</run_address>
         <size>0xa0</size>
         <alignment>0x4</alignment>
         <input_file_ref idref="fl-f8"/>
      </object_component>
      <object_component id="oc-bc">
         <name>.text._Z17ST7735_InitPrintfv</name>
         <load_address>0x6074</load_address>
         <readonly>true</readonly>
         <executable>true</executable>
         <run_address>0x6074</run_address>
         <size>0x9c</size>
         <alignment>0x4</alignment>
         <input_file_ref idref="fl-a"/>
      </object_component>
      <object_component id="oc-10b">
         <name>.text._Z9I2C_Send1ah</name>
         <load_address>0x6110</load_address>
         <readonly>true</readonly>
         <executable>true</executable>
         <run_address>0x6110</run_address>
         <size>0x9c</size>
         <alignment>0x4</alignment>
         <input_file_ref idref="fl-4"/>
      </object_component>
      <object_component id="oc-11b">
         <name>.text._Z12ST7735_InitR10initRFlags</name>
         <load_address>0x61ac</load_address>
         <readonly>true</readonly>
         <executable>true</executable>
         <run_address>0x61ac</run_address>
         <size>0x98</size>
         <alignment>0x4</alignment>
         <input_file_ref idref="fl-a"/>
      </object_component>
      <object_component id="oc-ce">
         <name>.text._Z15TimerG12_IntArmjj</name>
         <load_address>0x6244</load_address>
         <readonly>true</readonly>
         <executable>true</executable>
         <run_address>0x6244</run_address>
         <size>0x94</size>
         <alignment>0x4</alignment>
         <input_file_ref idref="fl-11"/>
      </object_component>
      <object_component id="oc-1e6">
         <name>.text.__mulsf3</name>
         <load_address>0x62d8</load_address>
         <readonly>true</readonly>
         <executable>true</executable>
         <run_address>0x62d8</run_address>
         <size>0x8c</size>
         <alignment>0x4</alignment>
         <input_file_ref idref="fl-108"/>
      </object_component>
      <object_component id="oc-1bc">
         <name>.text._ZL13setAddrWindowhhhh</name>
         <load_address>0x6364</load_address>
         <readonly>true</readonly>
         <executable>true</executable>
         <run_address>0x6364</run_address>
         <size>0x88</size>
         <alignment>0x4</alignment>
         <input_file_ref idref="fl-a"/>
      </object_component>
      <object_component id="oc-96">
         <name>.text._system_pre_init</name>
         <load_address>0x63ec</load_address>
         <readonly>true</readonly>
         <executable>true</executable>
         <run_address>0x63ec</run_address>
         <size>0x4</size>
         <alignment>0x2</alignment>
         <input_file_ref idref="fl-5a"/>
      </object_component>
      <object_component id="oc-1fa">
         <name>.text:strcmp</name>
         <load_address>0x63f0</load_address>
         <readonly>true</readonly>
         <executable>true</executable>
         <run_address>0x63f0</run_address>
         <size>0x88</size>
         <alignment>0x10</alignment>
         <input_file_ref idref="fl-120"/>
      </object_component>
      <object_component id="oc-23b">
         <name>.text._Z17ST7735_DrawStringttPcs</name>
         <load_address>0x6478</load_address>
         <readonly>true</readonly>
         <executable>true</executable>
         <run_address>0x6478</run_address>
         <size>0x84</size>
         <alignment>0x2</alignment>
         <input_file_ref idref="fl-a"/>
      </object_component>
      <object_component id="oc-1d2">
         <name>.text.__divsf3</name>
         <load_address>0x64fc</load_address>
         <readonly>true</readonly>
         <executable>true</executable>
         <run_address>0x64fc</run_address>
         <size>0x82</size>
         <alignment>0x4</alignment>
         <input_file_ref idref="fl-109"/>
      </object_component>
      <object_component id="oc-1eb">
         <name>.text._nop</name>
         <load_address>0x657e</load_address>
         <readonly>true</readonly>
         <executable>true</executable>
         <run_address>0x657e</run_address>
         <size>0x2</size>
         <alignment>0x2</alignment>
         <input_file_ref idref="fl-44"/>
      </object_component>
      <object_component id="oc-b7">
         <name>.text._Z14LaunchPad_Initv</name>
         <load_address>0x6580</load_address>
         <readonly>true</readonly>
         <executable>true</executable>
         <run_address>0x6580</run_address>
         <size>0x7c</size>
         <alignment>0x4</alignment>
         <input_file_ref idref="fl-7"/>
      </object_component>
      <object_component id="oc-c1">
         <name>.text._ZN8SlidePot4InitEv</name>
         <load_address>0x65fc</load_address>
         <readonly>true</readonly>
         <executable>true</executable>
         <run_address>0x65fc</run_address>
         <size>0x7c</size>
         <alignment>0x4</alignment>
         <input_file_ref idref="fl-b"/>
      </object_component>
      <object_component id="oc-1ab">
         <name>.text.__TI_closefile</name>
         <load_address>0x6678</load_address>
         <readonly>true</readonly>
         <executable>true</executable>
         <run_address>0x6678</run_address>
         <size>0x7c</size>
         <alignment>0x4</alignment>
         <input_file_ref idref="fl-54"/>
      </object_component>
      <object_component id="oc-1c">
         <name>.text:decompress:lzss</name>
         <load_address>0x66f4</load_address>
         <readonly>true</readonly>
         <executable>true</executable>
         <run_address>0x66f4</run_address>
         <size>0x7c</size>
         <alignment>0x4</alignment>
         <input_file_ref idref="fl-4e"/>
      </object_component>
      <object_component id="oc-144">
         <name>.text._Z8I2C_Initv</name>
         <load_address>0x6770</load_address>
         <readonly>true</readonly>
         <executable>true</executable>
         <run_address>0x6770</run_address>
         <size>0x78</size>
         <alignment>0x4</alignment>
         <input_file_ref idref="fl-4"/>
      </object_component>
      <object_component id="oc-e7">
         <name>.text._ZN6Player13update_cursorEi</name>
         <load_address>0x67e8</load_address>
         <readonly>true</readonly>
         <executable>true</executable>
         <run_address>0x67e8</run_address>
         <size>0x78</size>
         <alignment>0x4</alignment>
         <input_file_ref idref="fl-8"/>
      </object_component>
      <object_component id="oc-1ce">
         <name>.text.__truncdfsf2</name>
         <load_address>0x6860</load_address>
         <readonly>true</readonly>
         <executable>true</executable>
         <run_address>0x6860</run_address>
         <size>0x74</size>
         <alignment>0x10</alignment>
         <input_file_ref idref="fl-112"/>
      </object_component>
      <object_component id="oc-47">
         <name>.text.TIMG12_IRQHandler</name>
         <load_address>0x68d4</load_address>
         <readonly>true</readonly>
         <executable>true</executable>
         <run_address>0x68d4</run_address>
         <size>0x70</size>
         <alignment>0x4</alignment>
         <input_file_ref idref="fl-6"/>
      </object_component>
      <object_component id="oc-14e">
         <name>.text._Z16ST7735_DrawPixelsst</name>
         <load_address>0x6944</load_address>
         <readonly>true</readonly>
         <executable>true</executable>
         <run_address>0x6944</run_address>
         <size>0x70</size>
         <alignment>0x4</alignment>
         <input_file_ref idref="fl-a"/>
      </object_component>
      <object_component id="oc-210">
         <name>.text.HOSTlseek</name>
         <load_address>0x69b4</load_address>
         <readonly>true</readonly>
         <executable>true</executable>
         <run_address>0x69b4</run_address>
         <size>0x6c</size>
         <alignment>0x4</alignment>
         <input_file_ref idref="fl-fe"/>
      </object_component>
      <object_component id="oc-218">
         <name>.text.HOSTrename</name>
         <load_address>0x6a20</load_address>
         <readonly>true</readonly>
         <executable>true</executable>
         <run_address>0x6a20</run_address>
         <size>0x6c</size>
         <alignment>0x4</alignment>
         <input_file_ref idref="fl-101"/>
      </object_component>
      <object_component id="oc-283">
         <name>.text.getdevice</name>
         <load_address>0x6a8c</load_address>
         <readonly>true</readonly>
         <executable>true</executable>
         <run_address>0x6a8c</run_address>
         <size>0x6c</size>
         <alignment>0x4</alignment>
         <input_file_ref idref="fl-11d"/>
      </object_component>
      <object_component id="oc-29a">
         <name>.text.split</name>
         <load_address>0x6af8</load_address>
         <readonly>true</readonly>
         <executable>true</executable>
         <run_address>0x6af8</run_address>
         <size>0x64</size>
         <alignment>0x4</alignment>
         <input_file_ref idref="fl-4a"/>
      </object_component>
      <object_component id="oc-200">
         <name>.text.HOSTopen</name>
         <load_address>0x6b5c</load_address>
         <readonly>true</readonly>
         <executable>true</executable>
         <run_address>0x6b5c</run_address>
         <size>0x60</size>
         <alignment>0x4</alignment>
         <input_file_ref idref="fl-ff"/>
      </object_component>
      <object_component id="oc-c9">
         <name>.text._Z13TimerG12_Initv</name>
         <load_address>0x6bbc</load_address>
         <readonly>true</readonly>
         <executable>true</executable>
         <run_address>0x6bbc</run_address>
         <size>0x60</size>
         <alignment>0x4</alignment>
         <input_file_ref idref="fl-11"/>
      </object_component>
      <object_component id="oc-208">
         <name>.text.HOSTread</name>
         <load_address>0x6c1c</load_address>
         <readonly>true</readonly>
         <executable>true</executable>
         <run_address>0x6c1c</run_address>
         <size>0x58</size>
         <alignment>0x4</alignment>
         <input_file_ref idref="fl-100"/>
      </object_component>
      <object_component id="oc-20c">
         <name>.text.HOSTwrite</name>
         <load_address>0x6c74</load_address>
         <readonly>true</readonly>
         <executable>true</executable>
         <run_address>0x6c74</run_address>
         <size>0x58</size>
         <alignment>0x4</alignment>
         <input_file_ref idref="fl-103"/>
      </object_component>
      <object_component id="oc-83">
         <name>.text._Z18adxl345_read_accelPsS_S_</name>
         <load_address>0x6ccc</load_address>
         <readonly>true</readonly>
         <executable>true</executable>
         <run_address>0x6ccc</run_address>
         <size>0x58</size>
         <alignment>0x2</alignment>
         <input_file_ref idref="fl-4"/>
      </object_component>
      <object_component id="oc-184">
         <name>.text._ZL13IC2FillTxFifoPht</name>
         <load_address>0x6d24</load_address>
         <readonly>true</readonly>
         <executable>true</executable>
         <run_address>0x6d24</run_address>
         <size>0x58</size>
         <alignment>0x4</alignment>
         <input_file_ref idref="fl-4"/>
      </object_component>
      <object_component id="oc-e0">
         <name>.text._ZN6Player13recieveButtonEbbbb</name>
         <load_address>0x6d7c</load_address>
         <readonly>true</readonly>
         <executable>true</executable>
         <run_address>0x6d7c</run_address>
         <size>0x58</size>
         <alignment>0x4</alignment>
         <input_file_ref idref="fl-8"/>
      </object_component>
      <object_component id="oc-158">
         <name>.text.__aeabi_idivmod</name>
         <load_address>0x6dd4</load_address>
         <readonly>true</readonly>
         <executable>true</executable>
         <run_address>0x6dd4</run_address>
         <size>0x56</size>
         <alignment>0x4</alignment>
         <input_file_ref idref="fl-114"/>
      </object_component>
      <object_component id="oc-e8">
         <name>.text._ZN6Player11draw_cursorEv</name>
         <load_address>0x6e2c</load_address>
         <readonly>true</readonly>
         <executable>true</executable>
         <run_address>0x6e2c</run_address>
         <size>0x54</size>
         <alignment>0x4</alignment>
         <input_file_ref idref="fl-8"/>
      </object_component>
      <object_component id="oc-fd">
         <name>.text:__TI_auto_init_nobinit</name>
         <load_address>0x6e80</load_address>
         <readonly>true</readonly>
         <executable>true</executable>
         <run_address>0x6e80</run_address>
         <size>0x54</size>
         <alignment>0x4</alignment>
         <input_file_ref idref="fl-59"/>
      </object_component>
      <object_component id="oc-226">
         <name>.text.__TI_doflush</name>
         <load_address>0x6ed4</load_address>
         <readonly>true</readonly>
         <executable>true</executable>
         <run_address>0x6ed4</run_address>
         <size>0x52</size>
         <alignment>0x2</alignment>
         <input_file_ref idref="fl-55"/>
      </object_component>
      <object_component id="oc-22c">
         <name>.text.close</name>
         <load_address>0x6f28</load_address>
         <readonly>true</readonly>
         <executable>true</executable>
         <run_address>0x6f28</run_address>
         <size>0x50</size>
         <alignment>0x4</alignment>
         <input_file_ref idref="fl-fa"/>
      </object_component>
      <object_component id="oc-204">
         <name>.text.HOSTclose</name>
         <load_address>0x6f78</load_address>
         <readonly>true</readonly>
         <executable>true</executable>
         <run_address>0x6f78</run_address>
         <size>0x48</size>
         <alignment>0x4</alignment>
         <input_file_ref idref="fl-fd"/>
      </object_component>
      <object_component id="oc-214">
         <name>.text.HOSTunlink</name>
         <load_address>0x6fc0</load_address>
         <readonly>true</readonly>
         <executable>true</executable>
         <run_address>0x6fc0</run_address>
         <size>0x48</size>
         <alignment>0x4</alignment>
         <input_file_ref idref="fl-102"/>
      </object_component>
      <object_component id="oc-18c">
         <name>.text._Z14SPI_OutCommandc</name>
         <load_address>0x7008</load_address>
         <readonly>true</readonly>
         <executable>true</executable>
         <run_address>0x7008</run_address>
         <size>0x48</size>
         <alignment>0x4</alignment>
         <input_file_ref idref="fl-9"/>
      </object_component>
      <object_component id="oc-c3">
         <name>.text._Z15initializeStarsv</name>
         <load_address>0x7050</load_address>
         <readonly>true</readonly>
         <executable>true</executable>
         <run_address>0x7050</run_address>
         <size>0x48</size>
         <alignment>0x4</alignment>
         <input_file_ref idref="fl-e"/>
      </object_component>
      <object_component id="oc-7c">
         <name>.text._ZN8SlidePot2InEv</name>
         <load_address>0x7098</load_address>
         <readonly>true</readonly>
         <executable>true</executable>
         <run_address>0x7098</run_address>
         <size>0x48</size>
         <alignment>0x4</alignment>
         <input_file_ref idref="fl-b"/>
      </object_component>
      <object_component id="oc-d9">
         <name>.text._Z18EdgeTriggered_Initv</name>
         <load_address>0x70e0</load_address>
         <readonly>true</readonly>
         <executable>true</executable>
         <run_address>0x70e0</run_address>
         <size>0x44</size>
         <alignment>0x4</alignment>
         <input_file_ref idref="fl-3"/>
      </object_component>
      <object_component id="oc-e6">
         <name>.text._ZN6Player11draw_playerEv</name>
         <load_address>0x7124</load_address>
         <readonly>true</readonly>
         <executable>true</executable>
         <run_address>0x7124</run_address>
         <size>0x44</size>
         <alignment>0x4</alignment>
         <input_file_ref idref="fl-8"/>
      </object_component>
      <object_component id="oc-42">
         <name>.text.TIMG7_IRQHandler</name>
         <load_address>0x7168</load_address>
         <readonly>true</readonly>
         <executable>true</executable>
         <run_address>0x7168</run_address>
         <size>0x40</size>
         <alignment>0x4</alignment>
         <input_file_ref idref="fl-10"/>
      </object_component>
      <object_component id="oc-263">
         <name>.text._Z9SPI_Resetv</name>
         <load_address>0x71a8</load_address>
         <readonly>true</readonly>
         <executable>true</executable>
         <run_address>0x71a8</run_address>
         <size>0x40</size>
         <alignment>0x4</alignment>
         <input_file_ref idref="fl-9"/>
      </object_component>
      <object_component id="oc-25f">
         <name>.text.__aeabi_uidivmod</name>
         <load_address>0x71e8</load_address>
         <readonly>true</readonly>
         <executable>true</executable>
         <run_address>0x71e8</run_address>
         <size>0x40</size>
         <alignment>0x4</alignment>
         <input_file_ref idref="fl-117"/>
      </object_component>
      <object_component id="oc-1a7">
         <name>.text._search_fp</name>
         <load_address>0x7228</load_address>
         <readonly>true</readonly>
         <executable>true</executable>
         <run_address>0x7228</run_address>
         <size>0x40</size>
         <alignment>0x4</alignment>
         <input_file_ref idref="fl-3c"/>
      </object_component>
      <object_component id="oc-c8">
         <name>.text._Z16I2C_ADXL345_Inith</name>
         <load_address>0x7268</load_address>
         <readonly>true</readonly>
         <executable>true</executable>
         <run_address>0x7268</run_address>
         <size>0x3e</size>
         <alignment>0x2</alignment>
         <input_file_ref idref="fl-4"/>
      </object_component>
      <object_component id="oc-1e2">
         <name>.text.__floatsisf</name>
         <load_address>0x72a8</load_address>
         <readonly>true</readonly>
         <executable>true</executable>
         <run_address>0x72a8</run_address>
         <size>0x3c</size>
         <alignment>0x4</alignment>
         <input_file_ref idref="fl-10e"/>
      </object_component>
      <object_component id="oc-259">
         <name>.text.__muldsi3</name>
         <load_address>0x72e4</load_address>
         <readonly>true</readonly>
         <executable>true</executable>
         <run_address>0x72e4</run_address>
         <size>0x3a</size>
         <alignment>0x4</alignment>
         <input_file_ref idref="fl-107"/>
      </object_component>
      <object_component id="oc-191">
         <name>.text._Z11SPI_OutDatac</name>
         <load_address>0x7320</load_address>
         <readonly>true</readonly>
         <executable>true</executable>
         <run_address>0x7320</run_address>
         <size>0x38</size>
         <alignment>0x4</alignment>
         <input_file_ref idref="fl-9"/>
      </object_component>
      <object_component id="oc-118">
         <name>.text._Z15ActivatePortA_Bv</name>
         <load_address>0x7358</load_address>
         <readonly>true</readonly>
         <executable>true</executable>
         <run_address>0x7358</run_address>
         <size>0x38</size>
         <alignment>0x4</alignment>
         <input_file_ref idref="fl-7"/>
      </object_component>
      <object_component id="oc-1d6">
         <name>.text.__fixsfsi</name>
         <load_address>0x7390</load_address>
         <readonly>true</readonly>
         <executable>true</executable>
         <run_address>0x7390</run_address>
         <size>0x38</size>
         <alignment>0x4</alignment>
         <input_file_ref idref="fl-10c"/>
      </object_component>
      <object_component id="oc-150">
         <name>.text.rand</name>
         <load_address>0x73c8</load_address>
         <readonly>true</readonly>
         <executable>true</executable>
         <run_address>0x73c8</run_address>
         <size>0x38</size>
         <alignment>0x4</alignment>
         <input_file_ref idref="fl-4b"/>
      </object_component>
      <object_component id="oc-12e">
         <name>.text._Z12ST7735_writeiPKcj</name>
         <load_address>0x7400</load_address>
         <readonly>true</readonly>
         <executable>true</executable>
         <run_address>0x7400</run_address>
         <size>0x34</size>
         <alignment>0x2</alignment>
         <input_file_ref idref="fl-a"/>
      </object_component>
      <object_component id="oc-1f5">
         <name>.text._Z14Clock_Delay1msj</name>
         <load_address>0x7434</load_address>
         <readonly>true</readonly>
         <executable>true</executable>
         <run_address>0x7434</run_address>
         <size>0x34</size>
         <alignment>0x4</alignment>
         <input_file_ref idref="fl-1"/>
      </object_component>
      <object_component id="oc-192">
         <name>.text._Z16ST7735_SetCursorjj</name>
         <load_address>0x7468</load_address>
         <readonly>true</readonly>
         <executable>true</executable>
         <run_address>0x7468</run_address>
         <size>0x34</size>
         <alignment>0x4</alignment>
         <input_file_ref idref="fl-a"/>
      </object_component>
      <object_component id="oc-1b4">
         <name>.text.__TI_cleanup</name>
         <load_address>0x749c</load_address>
         <readonly>true</readonly>
         <executable>true</executable>
         <run_address>0x749c</run_address>
         <size>0x34</size>
         <alignment>0x4</alignment>
         <input_file_ref idref="fl-3c"/>
      </object_component>
      <object_component id="oc-26b">
         <name>.text.__TI_readmsg</name>
         <load_address>0x74d0</load_address>
         <readonly>true</readonly>
         <executable>true</executable>
         <run_address>0x74d0</run_address>
         <size>0x34</size>
         <alignment>0x4</alignment>
         <input_file_ref idref="fl-104"/>
      </object_component>
      <object_component id="oc-265">
         <name>.text.__TI_writemsg</name>
         <load_address>0x7504</load_address>
         <readonly>true</readonly>
         <executable>true</executable>
         <run_address>0x7504</run_address>
         <size>0x34</size>
         <alignment>0x4</alignment>
         <input_file_ref idref="fl-104"/>
      </object_component>
      <object_component id="oc-f5">
         <name>.text.exit</name>
         <load_address>0x7538</load_address>
         <readonly>true</readonly>
         <executable>true</executable>
         <run_address>0x7538</run_address>
         <size>0x34</size>
         <alignment>0x4</alignment>
         <input_file_ref idref="fl-43"/>
      </object_component>
      <object_component id="oc-19b">
         <name>.text.finddevice</name>
         <load_address>0x756c</load_address>
         <readonly>true</readonly>
         <executable>true</executable>
         <run_address>0x756c</run_address>
         <size>0x34</size>
         <alignment>0x4</alignment>
         <input_file_ref idref="fl-11d"/>
      </object_component>
      <object_component id="oc-126">
         <name>.text.freopen</name>
         <load_address>0x75a0</load_address>
         <readonly>true</readonly>
         <executable>true</executable>
         <run_address>0x75a0</run_address>
         <size>0x34</size>
         <alignment>0x4</alignment>
         <input_file_ref idref="fl-3c"/>
      </object_component>
      <object_component id="oc-18a">
         <name>.text._ZL10commonInitPKh</name>
         <load_address>0x75d4</load_address>
         <readonly>true</readonly>
         <executable>true</executable>
         <run_address>0x75d4</run_address>
         <size>0x30</size>
         <alignment>0x4</alignment>
         <input_file_ref idref="fl-a"/>
      </object_component>
      <object_component id="oc-120">
         <name>.text.fopen</name>
         <load_address>0x7604</load_address>
         <readonly>true</readonly>
         <executable>true</executable>
         <run_address>0x7604</run_address>
         <size>0x30</size>
         <alignment>0x4</alignment>
         <input_file_ref idref="fl-3c"/>
      </object_component>
      <object_component id="oc-c2">
         <name>.text._Z17ST7735_FillScreent</name>
         <load_address>0x7634</load_address>
         <readonly>true</readonly>
         <executable>true</executable>
         <run_address>0x7634</run_address>
         <size>0x2c</size>
         <alignment>0x4</alignment>
         <input_file_ref idref="fl-a"/>
      </object_component>
      <object_component id="oc-d4">
         <name>.text._Z8LED_Initv</name>
         <load_address>0x7660</load_address>
         <readonly>true</readonly>
         <executable>true</executable>
         <run_address>0x7660</run_address>
         <size>0x2c</size>
         <alignment>0x4</alignment>
         <input_file_ref idref="fl-5"/>
      </object_component>
      <object_component id="oc-24c">
         <name>.text.__floatsidf</name>
         <load_address>0x768c</load_address>
         <readonly>true</readonly>
         <executable>true</executable>
         <run_address>0x768c</run_address>
         <size>0x2c</size>
         <alignment>0x4</alignment>
         <input_file_ref idref="fl-10d"/>
      </object_component>
      <object_component id="oc-292">
         <name>.text.unlink</name>
         <load_address>0x76b8</load_address>
         <readonly>true</readonly>
         <executable>true</executable>
         <run_address>0x76b8</run_address>
         <size>0x2c</size>
         <alignment>0x4</alignment>
         <input_file_ref idref="fl-fc"/>
      </object_component>
      <object_component id="oc-cf">
         <name>.text._Z11Switch_Initv</name>
         <load_address>0x76e4</load_address>
         <readonly>true</readonly>
         <executable>true</executable>
         <run_address>0x76e4</run_address>
         <size>0x28</size>
         <alignment>0x4</alignment>
         <input_file_ref idref="fl-f"/>
      </object_component>
      <object_component id="oc-1de">
         <name>.text.__floatunsisf</name>
         <load_address>0x770c</load_address>
         <readonly>true</readonly>
         <executable>true</executable>
         <run_address>0x770c</run_address>
         <size>0x28</size>
         <alignment>0x4</alignment>
         <input_file_ref idref="fl-110"/>
      </object_component>
      <object_component id="oc-239">
         <name>.text.free_list_insert</name>
         <load_address>0x7734</load_address>
         <readonly>true</readonly>
         <executable>true</executable>
         <run_address>0x7734</run_address>
         <size>0x28</size>
         <alignment>0x4</alignment>
         <input_file_ref idref="fl-4a"/>
      </object_component>
      <object_component id="oc-289">
         <name>.text.write</name>
         <load_address>0x775c</load_address>
         <readonly>true</readonly>
         <executable>true</executable>
         <run_address>0x775c</run_address>
         <size>0x28</size>
         <alignment>0x4</alignment>
         <input_file_ref idref="fl-f5"/>
      </object_component>
      <object_component id="oc-63">
         <name>.text:_c_int00_noargs</name>
         <load_address>0x7784</load_address>
         <readonly>true</readonly>
         <executable>true</executable>
         <run_address>0x7784</run_address>
         <size>0x28</size>
         <alignment>0x4</alignment>
         <input_file_ref idref="fl-4f"/>
      </object_component>
      <object_component id="oc-1c9">
         <name>.text._ZL17operator_new_implj</name>
         <load_address>0x77ac</load_address>
         <readonly>true</readonly>
         <executable>true</executable>
         <run_address>0x77ac</run_address>
         <size>0x26</size>
         <alignment>0x2</alignment>
         <input_file_ref idref="fl-f1"/>
      </object_component>
      <object_component id="oc-15c">
         <name>.text._ZN12bounding_boxC2Eiiii</name>
         <load_address>0x77d2</load_address>
         <readonly>true</readonly>
         <executable>true</executable>
         <run_address>0x77d2</run_address>
         <size>0x24</size>
         <alignment>0x2</alignment>
         <input_file_ref idref="fl-14"/>
      </object_component>
      <object_component id="oc-82">
         <name>.text._ZN8SlidePot7ConvertEj</name>
         <load_address>0x77f8</load_address>
         <readonly>true</readonly>
         <executable>true</executable>
         <run_address>0x77f8</run_address>
         <size>0x24</size>
         <alignment>0x4</alignment>
         <input_file_ref idref="fl-b"/>
      </object_component>
      <object_component id="oc-dd">
         <name>.text._ZN8SlidePot4SyncEv</name>
         <load_address>0x781c</load_address>
         <readonly>true</readonly>
         <executable>true</executable>
         <run_address>0x781c</run_address>
         <size>0x20</size>
         <alignment>0x2</alignment>
         <input_file_ref idref="fl-b"/>
      </object_component>
      <object_component id="oc-1bd">
         <name>.text._ZL9pushColort</name>
         <load_address>0x783c</load_address>
         <readonly>true</readonly>
         <executable>true</executable>
         <run_address>0x783c</run_address>
         <size>0x1e</size>
         <alignment>0x2</alignment>
         <input_file_ref idref="fl-a"/>
      </object_component>
      <object_component id="oc-36">
         <name>.text.Default_Handler</name>
         <load_address>0x785c</load_address>
         <readonly>true</readonly>
         <executable>true</executable>
         <run_address>0x785c</run_address>
         <size>0x1c</size>
         <alignment>0x4</alignment>
         <input_file_ref idref="fl-18"/>
      </object_component>
      <object_component id="oc-37">
         <name>.text.HardFault_Handler</name>
         <load_address>0x7878</load_address>
         <readonly>true</readonly>
         <executable>true</executable>
         <run_address>0x7878</run_address>
         <size>0x1c</size>
         <alignment>0x4</alignment>
         <input_file_ref idref="fl-18"/>
      </object_component>
      <object_component id="oc-237">
         <name>.text.free_list_remove</name>
         <load_address>0x7894</load_address>
         <readonly>true</readonly>
         <executable>true</executable>
         <run_address>0x7894</run_address>
         <size>0x1c</size>
         <alignment>0x4</alignment>
         <input_file_ref idref="fl-4a"/>
      </object_component>
      <object_component id="oc-eb">
         <name>.text._Z10LED_Togglej</name>
         <load_address>0x78b0</load_address>
         <readonly>true</readonly>
         <executable>true</executable>
         <run_address>0x78b0</run_address>
         <size>0x18</size>
         <alignment>0x4</alignment>
         <input_file_ref idref="fl-5"/>
      </object_component>
      <object_component id="oc-ec">
         <name>.text._Z6LED_Onj</name>
         <load_address>0x78c8</load_address>
         <readonly>true</readonly>
         <executable>true</executable>
         <run_address>0x78c8</run_address>
         <size>0x18</size>
         <alignment>0x4</alignment>
         <input_file_ref idref="fl-5"/>
      </object_component>
      <object_component id="oc-ed">
         <name>.text._Z7LED_Offj</name>
         <load_address>0x78e0</load_address>
         <readonly>true</readonly>
         <executable>true</executable>
         <run_address>0x78e0</run_address>
         <size>0x18</size>
         <alignment>0x4</alignment>
         <input_file_ref idref="fl-5"/>
      </object_component>
      <object_component id="oc-a5">
         <name>.text.__cxx_global_var_init</name>
         <load_address>0x78f8</load_address>
         <readonly>true</readonly>
         <executable>true</executable>
         <run_address>0x78f8</run_address>
         <size>0x18</size>
         <alignment>0x4</alignment>
         <input_file_ref idref="fl-6"/>
      </object_component>
      <object_component id="oc-131">
         <name>.text._Z11ST7735_openPKcji</name>
         <load_address>0x7910</load_address>
         <readonly>true</readonly>
         <executable>true</executable>
         <run_address>0x7910</run_address>
         <size>0x16</size>
         <alignment>0x2</alignment>
         <input_file_ref idref="fl-a"/>
      </object_component>
      <object_component id="oc-12f">
         <name>.text._Z11ST7735_readiPcj</name>
         <load_address>0x7926</load_address>
         <readonly>true</readonly>
         <executable>true</executable>
         <run_address>0x7926</run_address>
         <size>0x16</size>
         <alignment>0x2</alignment>
         <input_file_ref idref="fl-a"/>
      </object_component>
      <object_component id="oc-109">
         <name>.text._ZN8SlidePotC2Ejj</name>
         <load_address>0x793c</load_address>
         <readonly>true</readonly>
         <executable>true</executable>
         <run_address>0x793c</run_address>
         <size>0x16</size>
         <alignment>0x2</alignment>
         <input_file_ref idref="fl-b"/>
      </object_component>
      <object_component id="oc-5a">
         <name>.text:decompress:ZI:__TI_zero_init_nomemset</name>
         <load_address>0x7952</load_address>
         <readonly>true</readonly>
         <executable>true</executable>
         <run_address>0x7952</run_address>
         <size>0x16</size>
         <alignment>0x2</alignment>
         <input_file_ref idref="fl-4c"/>
      </object_component>
      <object_component id="oc-180">
         <name>.text._ZN12bounding_boxC2Ev</name>
         <load_address>0x7968</load_address>
         <readonly>true</readonly>
         <executable>true</executable>
         <run_address>0x7968</run_address>
         <size>0x14</size>
         <alignment>0x2</alignment>
         <input_file_ref idref="fl-14"/>
      </object_component>
      <object_component id="oc-81">
         <name>.text._ZN8SlidePot4SaveEj</name>
         <load_address>0x797c</load_address>
         <readonly>true</readonly>
         <executable>true</executable>
         <run_address>0x797c</run_address>
         <size>0x14</size>
         <alignment>0x2</alignment>
         <input_file_ref idref="fl-b"/>
      </object_component>
      <object_component id="oc-1cd">
         <name>.text._ZNSt3__16__math4sqrtB8nn180100IiTnNS_9enable_ifIXsr11is_integralIT_EE5valueEiE4typeELi0EEEdS3_</name>
         <load_address>0x7990</load_address>
         <readonly>true</readonly>
         <executable>true</executable>
         <run_address>0x7990</run_address>
         <size>0x14</size>
         <alignment>0x2</alignment>
         <input_file_ref idref="fl-16"/>
      </object_component>
      <object_component id="oc-162">
         <name>.text._Znwj</name>
         <load_address>0x79a4</load_address>
         <readonly>true</readonly>
         <executable>true</executable>
         <run_address>0x79a4</run_address>
         <size>0x14</size>
         <alignment>0x2</alignment>
         <input_file_ref idref="fl-f1"/>
      </object_component>
      <object_component id="oc-ac">
         <name>.text:TI_memcpy_small</name>
         <load_address>0x79b8</load_address>
         <readonly>true</readonly>
         <executable>true</executable>
         <run_address>0x79b8</run_address>
         <size>0x12</size>
         <alignment>0x1</alignment>
         <input_file_ref idref="fl-11e"/>
      </object_component>
      <object_component id="oc-20">
         <name>.text:decompress:none</name>
         <load_address>0x79ca</load_address>
         <readonly>true</readonly>
         <executable>true</executable>
         <run_address>0x79ca</run_address>
         <size>0x12</size>
         <alignment>0x2</alignment>
         <input_file_ref idref="fl-4d"/>
      </object_component>
      <object_component id="oc-13a">
         <name>.text._Z11Clock_Delayj</name>
         <load_address>0x79dc</load_address>
         <readonly>true</readonly>
         <executable>true</executable>
         <run_address>0x79dc</run_address>
         <size>0x10</size>
         <alignment>0x2</alignment>
         <input_file_ref idref="fl-1"/>
      </object_component>
      <object_component id="oc-a6">
         <name>.text.__cxx_global_var_init.1</name>
         <load_address>0x79ec</load_address>
         <readonly>true</readonly>
         <executable>true</executable>
         <run_address>0x79ec</run_address>
         <size>0x10</size>
         <alignment>0x4</alignment>
         <input_file_ref idref="fl-6"/>
      </object_component>
      <object_component id="oc-238">
         <name>.text.OUTLINED_FUNCTION_0</name>
         <load_address>0x79fc</load_address>
         <readonly>true</readonly>
         <executable>true</executable>
         <run_address>0x79fc</run_address>
         <size>0xe</size>
         <alignment>0x2</alignment>
         <input_file_ref idref="fl-4a"/>
      </object_component>
      <object_component id="oc-12d">
         <name>.text._Z12ST7735_lseekili</name>
         <load_address>0x7a0a</load_address>
         <readonly>true</readonly>
         <executable>true</executable>
         <run_address>0x7a0a</run_address>
         <size>0xe</size>
         <alignment>0x2</alignment>
         <input_file_ref idref="fl-a"/>
      </object_component>
      <object_component id="oc-27f">
         <name>.text.strcpy</name>
         <load_address>0x7a18</load_address>
         <readonly>true</readonly>
         <executable>true</executable>
         <run_address>0x7a18</run_address>
         <size>0xe</size>
         <alignment>0x2</alignment>
         <input_file_ref idref="fl-101"/>
      </object_component>
      <object_component id="oc-280">
         <name>.text.strlen</name>
         <load_address>0x7a26</load_address>
         <readonly>true</readonly>
         <executable>true</executable>
         <run_address>0x7a26</run_address>
         <size>0xe</size>
         <alignment>0x2</alignment>
         <input_file_ref idref="fl-101"/>
      </object_component>
      <object_component id="oc-10d">
         <name>.text:TI_memset_small</name>
         <load_address>0x7a34</load_address>
         <readonly>true</readonly>
         <executable>true</executable>
         <run_address>0x7a34</run_address>
         <size>0xe</size>
         <alignment>0x1</alignment>
         <input_file_ref idref="fl-11f"/>
      </object_component>
      <object_component id="oc-6a">
         <name>.text._GLOBAL__sub_I_Lab9HMain.cpp</name>
         <load_address>0x7a42</load_address>
         <readonly>true</readonly>
         <executable>true</executable>
         <run_address>0x7a42</run_address>
         <size>0xc</size>
         <alignment>0x2</alignment>
         <input_file_ref idref="fl-6"/>
      </object_component>
      <object_component id="oc-25e">
         <name>.text._Z10Clock_Freqv</name>
         <load_address>0x7a50</load_address>
         <readonly>true</readonly>
         <executable>true</executable>
         <run_address>0x7a50</run_address>
         <size>0xc</size>
         <alignment>0x4</alignment>
         <input_file_ref idref="fl-1"/>
      </object_component>
      <object_component id="oc-12b">
         <name>.text._Z13ST7735_renamePKcS0_</name>
         <load_address>0x7a5c</load_address>
         <readonly>true</readonly>
         <executable>true</executable>
         <run_address>0x7a5c</run_address>
[...]
      </symbol>
      <symbol id="sm-225">
         <name>TIMG8_IRQHandler</name>
         <value>0x785d</value>
         <object_component_ref idref="oc-36"/>
      </symbol>
      <symbol id="sm-226">
         <name>UART3_IRQHandler</name>
         <value>0x785d</value>
         <object_component_ref idref="oc-36"/>
      </symbol>
      <symbol id="sm-227">
         <name>ADC0_IRQHandler</name>
         <value>0x785d</value>
         <object_component_ref idref="oc-36"/>
      </symbol>
      <symbol id="sm-228">
         <name>ADC1_IRQHandler</name>
         <value>0x785d</value>
         <object_component_ref idref="oc-36"/>
      </symbol>
      <symbol id="sm-229">
         <name>CANFD0_IRQHandler</name>
         <value>0x785d</value>
         <object_component_ref idref="oc-36"/>
      </symbol>
      <symbol id="sm-22a">
         <name>DAC0_IRQHandler</name>
         <value>0x785d</value>
         <object_component_ref idref="oc-36"/>
      </symbol>
      <symbol id="sm-22b">
         <name>SPI0_IRQHandler</name>
         <value>0x785d</value>
         <object_component_ref idref="oc-36"/>
      </symbol>
      <symbol id="sm-22c">
         <name>SPI1_IRQHandler</name>
         <value>0x785d</value>
         <object_component_ref idref="oc-36"/>
      </symbol>
      <symbol id="sm-22d">
         <name>UART1_IRQHandler</name>
         <value>0x785d</value>
         <object_component_ref idref="oc-36"/>
      </symbol>
      <symbol id="sm-22e">
         <name>UART2_IRQHandler</name>
         <value>0x785d</value>
         <object_component_ref idref="oc-36"/>
      </symbol>
      <symbol id="sm-22f">
         <name>UART0_IRQHandler</name>
         <value>0x785d</value>
         <object_component_ref idref="oc-36"/>
      </symbol>
      <symbol id="sm-230">
         <name>TIMG0_IRQHandler</name>
         <value>0x785d</value>
         <object_component_ref idref="oc-36"/>
      </symbol>
      <symbol id="sm-231">
         <name>TIMG6_IRQHandler</name>
         <value>0x785d</value>
         <object_component_ref idref="oc-36"/>
      </symbol>
      <symbol id="sm-232">
         <name>TIMA0_IRQHandler</name>
         <value>0x785d</value>
         <object_component_ref idref="oc-36"/>
      </symbol>
      <symbol id="sm-233">
         <name>TIMA1_IRQHandler</name>
         <value>0x785d</value>
         <object_component_ref idref="oc-36"/>
      </symbol>
      <symbol id="sm-234">
         <name>I2C0_IRQHandler</name>
         <value>0x785d</value>
         <object_component_ref idref="oc-36"/>
      </symbol>
      <symbol id="sm-235">
         <name>I2C1_IRQHandler</name>
         <value>0x785d</value>
         <object_component_ref idref="oc-36"/>
      </symbol>
      <symbol id="sm-236">
         <name>AES_IRQHandler</name>
         <value>0x785d</value>
         <object_component_ref idref="oc-36"/>
      </symbol>
      <symbol id="sm-237">
         <name>RTC_IRQHandler</name>
         <value>0x785d</value>
         <object_component_ref idref="oc-36"/>
      </symbol>
      <symbol id="sm-238">
         <name>DMA_IRQHandler</name>
         <value>0x785d</value>
         <object_component_ref idref="oc-36"/>
      </symbol>
      <symbol id="sm-239">
         <name>__TI_ATRegion0_src_addr</name>
         <value>0x0</value>
      </symbol>
      <symbol id="sm-23a">
         <name>__TI_ATRegion0_trg_addr</name>
         <value>0x0</value>
      </symbol>
      <symbol id="sm-23b">
         <name>__TI_ATRegion0_region_sz</name>
         <value>0x0</value>
      </symbol>
      <symbol id="sm-23c">
         <name>__TI_ATRegion1_src_addr</name>
         <value>0x0</value>
      </symbol>
      <symbol id="sm-23d">
         <name>__TI_ATRegion1_trg_addr</name>
         <value>0x0</value>
      </symbol>
      <symbol id="sm-23e">
         <name>__TI_ATRegion1_region_sz</name>
         <value>0x0</value>
      </symbol>
      <symbol id="sm-23f">
         <name>__TI_ATRegion2_src_addr</name>
         <value>0x0</value>
      </symbol>
      <symbol id="sm-240">
         <name>__TI_ATRegion2_trg_addr</name>
         <value>0x0</value>
      </symbol>
      <symbol id="sm-241">
         <name>__TI_ATRegion2_region_sz</name>
         <value>0x0</value>
      </symbol>
      <symbol id="sm-24b">
         <name>sqrt</name>
         <value>0x4df9</value>
         <object_component_ref idref="oc-250"/>
      </symbol>
      <symbol id="sm-24c">
         <name>sqrtl</name>
         <value>0x4df9</value>
         <object_component_ref idref="oc-250"/>
      </symbol>
      <symbol id="sm-267">
         <name>fopen</name>
         <value>0x7605</value>
         <object_component_ref idref="oc-120"/>
      </symbol>
      <symbol id="sm-268">
         <name>__TI_cleanup</name>
         <value>0x749d</value>
         <object_component_ref idref="oc-1b4"/>
      </symbol>
      <symbol id="sm-269">
         <name>freopen</name>
         <value>0x75a1</value>
         <object_component_ref idref="oc-126"/>
      </symbol>
      <symbol id="sm-276">
         <name>setvbuf</name>
         <value>0x59ed</value>
         <object_component_ref idref="oc-127"/>
      </symbol>
      <symbol id="sm-282">
         <name>__aeabi_errno_addr</name>
         <value>0x7ac9</value>
         <object_component_ref idref="oc-2ad"/>
      </symbol>
      <symbol id="sm-283">
         <name>__aeabi_errno</name>
         <value>0x20200a1c</value>
         <object_component_ref idref="oc-2c7"/>
      </symbol>
      <symbol id="sm-291">
         <name>abort</name>
         <value>0x7ae9</value>
         <object_component_ref idref="oc-f0"/>
      </symbol>
      <symbol id="sm-292">
         <name>C$$EXIT</name>
         <value>0x7ae8</value>
         <object_component_ref idref="oc-f0"/>
      </symbol>
      <symbol id="sm-293">
         <name>__TI_cleanup_ptr</name>
         <value>0x20200a00</value>
         <object_component_ref idref="oc-178"/>
      </symbol>
      <symbol id="sm-294">
         <name>__TI_dtors_ptr</name>
         <value>0x20200a04</value>
         <object_component_ref idref="oc-178"/>
      </symbol>
      <symbol id="sm-295">
         <name>exit</name>
         <value>0x7539</value>
         <object_component_ref idref="oc-f5"/>
      </symbol>
      <symbol id="sm-29e">
         <name>_nop</name>
         <value>0x657f</value>
         <object_component_ref idref="oc-1eb"/>
      </symbol>
      <symbol id="sm-29f">
         <name>_lock</name>
         <value>0x20200a24</value>
         <object_component_ref idref="oc-176"/>
      </symbol>
      <symbol id="sm-2a0">
         <name>_unlock</name>
         <value>0x20200a28</value>
         <object_component_ref idref="oc-179"/>
      </symbol>
      <symbol id="sm-2a8">
         <name>_ftable</name>
         <value>0x20200724</value>
         <object_component_ref idref="oc-135"/>
      </symbol>
      <symbol id="sm-2a9">
         <name>__TI_ft_end</name>
         <value>0x20200a18</value>
         <object_component_ref idref="oc-221"/>
      </symbol>
      <symbol id="sm-2aa">
         <name>__TI_tmpnams</name>
         <value>0x20200b64</value>
         <object_component_ref idref="oc-234"/>
      </symbol>
      <symbol id="sm-2ce">
         <name>malloc</name>
         <value>0x7a8d</value>
         <object_component_ref idref="oc-1b3"/>
      </symbol>
      <symbol id="sm-2cf">
         <name>aligned_alloc</name>
         <value>0x5445</value>
         <object_component_ref idref="oc-23a"/>
      </symbol>
      <symbol id="sm-2d0">
         <name>free</name>
         <value>0x573d</value>
         <object_component_ref idref="oc-1b1"/>
      </symbol>
      <symbol id="sm-2d1">
         <name>_sys_memory</name>
         <value>0x20200cd0</value>
         <object_component_ref idref="oc-30"/>
      </symbol>
      <symbol id="sm-2d2">
         <name>memalign</name>
         <value>0x5445</value>
         <object_component_ref idref="oc-23a"/>
      </symbol>
      <symbol id="sm-2df">
         <name>rand</name>
         <value>0x73c9</value>
         <object_component_ref idref="oc-150"/>
      </symbol>
      <symbol id="sm-2e9">
         <name>__TI_zero_init_nomemset</name>
         <value>0x7953</value>
         <object_component_ref idref="oc-5a"/>
      </symbol>
      <symbol id="sm-2f2">
         <name>__TI_decompress_none</name>
         <value>0x79cb</value>
         <object_component_ref idref="oc-20"/>
      </symbol>
      <symbol id="sm-2fd">
         <name>__TI_decompress_lzss</name>
         <value>0x66f5</value>
         <object_component_ref idref="oc-1c"/>
      </symbol>
      <symbol id="sm-308">
         <name>_c_int00_noargs</name>
         <value>0x7785</value>
         <object_component_ref idref="oc-63"/>
      </symbol>
      <symbol id="sm-309">
         <name>__stack</name>
         <value>0x20207e00</value>
         <object_component_ref idref="oc-1a"/>
      </symbol>
      <symbol id="sm-318">
         <name>__TI_closefile</name>
         <value>0x6679</value>
         <object_component_ref idref="oc-1ab"/>
      </symbol>
      <symbol id="sm-322">
         <name>__TI_doflush</name>
         <value>0x6ed5</value>
         <object_component_ref idref="oc-226"/>
      </symbol>
      <symbol id="sm-32f">
         <name>__TI_auto_init_nobinit</name>
         <value>0x6e81</value>
         <object_component_ref idref="oc-fd"/>
      </symbol>
      <symbol id="sm-337">
         <name>_system_pre_init</name>
         <value>0x63ed</value>
         <object_component_ref idref="oc-96"/>
      </symbol>
      <symbol id="sm-34b">
         <name>_Znwj</name>
         <value>0x79a5</value>
         <object_component_ref idref="oc-162"/>
      </symbol>
      <symbol id="sm-34c">
         <name>_Z22__throw_bad_alloc_shimv</name>
         <value>0x7a69</value>
         <object_component_ref idref="oc-1ca"/>
      </symbol>
      <symbol id="sm-34d">
         <name>_ZdlPv</name>
         <value>0x7ac1</value>
         <object_component_ref idref="oc-16f"/>
      </symbol>
      <symbol id="sm-358">
         <name>_ZSt15get_new_handlerv</name>
         <value>0x7a75</value>
         <object_component_ref idref="oc-241"/>
      </symbol>
      <symbol id="sm-361">
         <name>abort_message</name>
         <value>0x7ae5</value>
         <object_component_ref idref="oc-247"/>
      </symbol>
      <symbol id="sm-368">
         <name>__cxa_new_handler</name>
         <value>0x20200a20</value>
         <object_component_ref idref="oc-29d"/>
      </symbol>
      <symbol id="sm-372">
         <name>write</name>
         <value>0x775d</value>
         <object_component_ref idref="oc-289"/>
      </symbol>
      <symbol id="sm-377">
         <name>_device</name>
         <value>0x20200814</value>
         <object_component_ref idref="oc-1a2"/>
      </symbol>
      <symbol id="sm-378">
         <name>_stream</name>
         <value>0x202008fc</value>
         <object_component_ref idref="oc-285"/>
      </symbol>
      <symbol id="sm-381">
         <name>remove</name>
         <value>0x7ad9</value>
         <object_component_ref idref="oc-230"/>
      </symbol>
      <symbol id="sm-38d">
         <name>open</name>
         <value>0x5fd5</value>
         <object_component_ref idref="oc-222"/>
      </symbol>
      <symbol id="sm-398">
         <name>close</name>
         <value>0x6f29</value>
         <object_component_ref idref="oc-22c"/>
      </symbol>
      <symbol id="sm-3a4">
         <name>add_device</name>
         <value>0x5651</value>
         <object_component_ref idref="oc-11c"/>
      </symbol>
      <symbol id="sm-3ae">
         <name>unlink</name>
         <value>0x76b9</value>
         <object_component_ref idref="oc-292"/>
      </symbol>
      <symbol id="sm-3b8">
         <name>HOSTclose</name>
         <value>0x6f79</value>
         <object_component_ref idref="oc-204"/>
      </symbol>
      <symbol id="sm-3c2">
         <name>HOSTlseek</name>
         <value>0x69b5</value>
         <object_component_ref idref="oc-210"/>
      </symbol>
      <symbol id="sm-3cc">
         <name>HOSTopen</name>
         <value>0x6b5d</value>
         <object_component_ref idref="oc-200"/>
      </symbol>
      <symbol id="sm-3cd">
         <name>parmbuf</name>
         <value>0x20200ca4</value>
         <object_component_ref idref="oc-26c"/>
      </symbol>
      <symbol id="sm-3d7">
         <name>HOSTread</name>
         <value>0x6c1d</value>
         <object_component_ref idref="oc-208"/>
      </symbol>
      <symbol id="sm-3e8">
         <name>HOSTrename</name>
         <value>0x6a21</value>
         <object_component_ref idref="oc-218"/>
      </symbol>
      <symbol id="sm-3f2">
         <name>HOSTunlink</name>
         <value>0x6fc1</value>
         <object_component_ref idref="oc-214"/>
      </symbol>
      <symbol id="sm-3fc">
         <name>HOSTwrite</name>
         <value>0x6c75</value>
         <object_component_ref idref="oc-20c"/>
      </symbol>
      <symbol id="sm-40a">
         <name>C$$IO$$</name>
         <value>0x7531</value>
         <object_component_ref idref="oc-265"/>
      </symbol>
      <symbol id="sm-40b">
         <name>__TI_writemsg</name>
         <value>0x7505</value>
         <object_component_ref idref="oc-265"/>
      </symbol>
      <symbol id="sm-40c">
         <name>__CIOBUF_</name>
         <value>0x20200a44</value>
         <object_component_ref idref="oc-2b7"/>
      </symbol>
      <symbol id="sm-40d">
         <name>__TI_readmsg</name>
         <value>0x74d1</value>
         <object_component_ref idref="oc-26b"/>
      </symbol>
      <symbol id="sm-40e">
         <name>_CIOBUF_</name>
         <value>0x20200a44</value>
         <object_component_ref idref="oc-2b7"/>
      </symbol>
      <symbol id="sm-414">
         <name>__aeabi_dadd</name>
         <value>0x4aef</value>
         <object_component_ref idref="oc-2a9"/>
      </symbol>
      <symbol id="sm-415">
         <name>__adddf3</name>
         <value>0x4aef</value>
         <object_component_ref idref="oc-2a9"/>
      </symbol>
      <symbol id="sm-416">
         <name>__aeabi_dsub</name>
         <value>0x4ae5</value>
         <object_component_ref idref="oc-2a9"/>
      </symbol>
      <symbol id="sm-417">
         <name>__subdf3</name>
         <value>0x4ae5</value>
         <object_component_ref idref="oc-2a9"/>
      </symbol>
      <symbol id="sm-41d">
         <name>__aeabi_dmul</name>
         <value>0x5909</value>
         <object_component_ref idref="oc-2a5"/>
      </symbol>
      <symbol id="sm-41e">
         <name>__muldf3</name>
         <value>0x5909</value>
         <object_component_ref idref="oc-2a5"/>
      </symbol>
      <symbol id="sm-424">
         <name>__muldsi3</name>
         <value>0x72e5</value>
         <object_component_ref idref="oc-259"/>
      </symbol>
      <symbol id="sm-42a">
         <name>__aeabi_fmul</name>
         <value>0x62d9</value>
         <object_component_ref idref="oc-1e6"/>
      </symbol>
      <symbol id="sm-42b">
         <name>__mulsf3</name>
         <value>0x62d9</value>
         <object_component_ref idref="oc-1e6"/>
      </symbol>
      <symbol id="sm-431">
         <name>__aeabi_fdiv</name>
         <value>0x64fd</value>
         <object_component_ref idref="oc-1d2"/>
      </symbol>
      <symbol id="sm-432">
         <name>__divsf3</name>
         <value>0x64fd</value>
         <object_component_ref idref="oc-1d2"/>
      </symbol>
      <symbol id="sm-438">
         <name>__aeabi_f2iz</name>
         <value>0x7391</value>
         <object_component_ref idref="oc-1d6"/>
      </symbol>
      <symbol id="sm-439">
         <name>__fixsfsi</name>
         <value>0x7391</value>
         <object_component_ref idref="oc-1d6"/>
      </symbol>
      <symbol id="sm-43f">
         <name>__aeabi_i2d</name>
         <value>0x768d</value>
         <object_component_ref idref="oc-24c"/>
      </symbol>
      <symbol id="sm-440">
         <name>__floatsidf</name>
         <value>0x768d</value>
         <object_component_ref idref="oc-24c"/>
      </symbol>
      <symbol id="sm-446">
         <name>__aeabi_i2f</name>
         <value>0x72a9</value>
         <object_component_ref idref="oc-1e2"/>
      </symbol>
      <symbol id="sm-447">
         <name>__floatsisf</name>
         <value>0x72a9</value>
         <object_component_ref idref="oc-1e2"/>
      </symbol>
      <symbol id="sm-44d">
         <name>__aeabi_ui2f</name>
         <value>0x770d</value>
         <object_component_ref idref="oc-1de"/>
      </symbol>
      <symbol id="sm-44e">
         <name>__floatunsisf</name>
         <value>0x770d</value>
         <object_component_ref idref="oc-1de"/>
      </symbol>
      <symbol id="sm-455">
         <name>__aeabi_d2f</name>
         <value>0x6861</value>
         <object_component_ref idref="oc-1ce"/>
      </symbol>
      <symbol id="sm-456">
         <name>__truncdfsf2</name>
         <value>0x6861</value>
         <object_component_ref idref="oc-1ce"/>
      </symbol>
      <symbol id="sm-45c">
         <name>__aeabi_idiv</name>
         <value>0x6dd5</value>
         <object_component_ref idref="oc-158"/>
      </symbol>
      <symbol id="sm-45d">
         <name>__aeabi_idivmod</name>
         <value>0x6dd5</value>
         <object_component_ref idref="oc-158"/>
      </symbol>
      <symbol id="sm-463">
         <name>__aeabi_memcpy</name>
         <value>0x7ad1</value>
         <object_component_ref idref="oc-53"/>
      </symbol>
      <symbol id="sm-464">
         <name>__aeabi_memcpy4</name>
         <value>0x7ad1</value>
         <object_component_ref idref="oc-53"/>
      </symbol>
      <symbol id="sm-465">
         <name>__aeabi_memcpy8</name>
         <value>0x7ad1</value>
         <object_component_ref idref="oc-53"/>
      </symbol>
      <symbol id="sm-46c">
         <name>__aeabi_memclr</name>
         <value>0x7a81</value>
         <object_component_ref idref="oc-91"/>
      </symbol>
      <symbol id="sm-46d">
         <name>__aeabi_memclr4</name>
         <value>0x7a81</value>
         <object_component_ref idref="oc-91"/>
      </symbol>
      <symbol id="sm-46e">
         <name>__aeabi_memclr8</name>
         <value>0x7a81</value>
         <object_component_ref idref="oc-91"/>
      </symbol>
      <symbol id="sm-474">
         <name>__aeabi_uidiv</name>
         <value>0x71e9</value>
         <object_component_ref idref="oc-25f"/>
      </symbol>
      <symbol id="sm-475">
         <name>__aeabi_uidivmod</name>
         <value>0x71e9</value>
         <object_component_ref idref="oc-25f"/>
      </symbol>
      <symbol id="sm-480">
         <name>__aeabi_idiv0</name>
         <value>0x5fd3</value>
         <object_component_ref idref="oc-1c1"/>
      </symbol>
      <symbol id="sm-48e">
         <name>finddevice</name>
         <value>0x756d</value>
         <object_component_ref idref="oc-19b"/>
      </symbol>
      <symbol id="sm-48f">
         <name>getdevice</name>
         <value>0x6a8d</value>
         <object_component_ref idref="oc-283"/>
      </symbol>
      <symbol id="sm-498">
         <name>TI_memcpy_small</name>
         <value>0x79b9</value>
         <object_component_ref idref="oc-ac"/>
      </symbol>
      <symbol id="sm-4a1">
         <name>TI_memset_small</name>
         <value>0x7a35</value>
         <object_component_ref idref="oc-10d"/>
      </symbol>
      <symbol id="sm-4a9">
         <name>strcmp</name>
         <value>0x63f1</value>
         <object_component_ref idref="oc-1fa"/>
      </symbol>
      <symbol id="sm-4aa">
         <name>__TI_static_base__</name>
         <value>0x0</value>
      </symbol>
      <symbol id="sm-4ad">
         <name>__mpu_init</name>
         <value>0x0</value>
      </symbol>
      <symbol id="sm-4ae">
         <name>_system_post_cinit</name>
         <value>0x0</value>
      </symbol>
   </symbol_table>
   <title>Link successful</title>
</link_info>
